 menu.exe

 Timestamp is 6998629a (Fri Feb 20 10:33:14 2026)

 Preferred load address is 00400000

 Start         Length     Name                   Class
 0001:00000000 000db680H .text                   CODE                  
 0002:00000000 00023b2cH .rdata                  DATA                  
 0002:00023b2c 0000007cH .CRT$XIC                DATA                  
 0003:00000000 00007e10H .data                   DATA                  
 0003:00007e10 0000008cH .idata$2                DATA                  
 0003:00007e9c 00000014H .idata$3                DATA                  
 0003:00007eb0 00000310H .idata$4                DATA                  
 0003:000081c0 00000310H .idata$5                DATA                  
 0003:000084d0 00000d44H .idata$6                DATA                  
 0003:00009214 00007d7cH .bss                    DATA                  

  Address         Publics by Value              Rva+Base     Lib:Object

 0001:00000040       _HB_FUN_MAIN               00401040 f   Menu.obj
 0001:00000160       _HB_FUN_JSONGET            00401160 f   JsonUtility.obj
 0001:00000180       _HB_FUN_JSONTOHASH         00401180 f   JsonUtility.obj
 0001:00000200       _HB_FUN_ERRTEXT            00401200 f   APIUtility.obj
 0001:00000220       _HB_FUN_DATETOISO          00401220 f   APIUtility.obj
 0001:00000240       _HB_FUN_SAVEBASE64TOFILEEX 00401240 f   APIUtility.obj
 0001:000002c0       _HB_FUN_AUTENTICARAPI      004012c0 f   AutenticarAPI.obj
 0001:00000360       _HB_FUN_GERARPIX           00401360 f   GerarPIX.obj
 0001:00000380       _HB_FUN_CONSUMIRAPICOBRANCA 00401380 f   GerarPIX.obj
 0001:000003a0       _HB_FUN_CRIARJSONCOBRANCAPIX 004013a0 f   GerarPIX.obj
 0001:00000420       _HB_FUN_REGISTRARBOLETO    00401420 f   RegistrarBoleto.obj
 0001:00000440       _HB_FUN_CONSUMIRAPIREGISTRABOLETO 00401440 f   RegistrarBoleto.obj
 0001:00000460       _HB_FUN_CRIARJSONBOLETO    00401460 f   RegistrarBoleto.obj
 0001:00000500       _HB_FUN_CONSULTARBOLETO    00401500 f   ConsultarBoleto.obj
 0001:00000520       _HB_FUN_CONSUMIRAPICONSULTARBOLETO 00401520 f   ConsultarBoleto.obj
 0001:00000540       _HB_FUN_CRIARJSONCONSULTABOLETO 00401540 f   ConsultarBoleto.obj
 0001:00000710       _HB_FUN___DBGALTDENTRY     00401710 f   DbgServe:dbgserve.obj
 0001:00000730       _HB_FUN___DBGINVOKE        00401730 f   DbgServe:dbgserve.obj
 0001:00000750       _HB_FUN___DBGENTRY         00401750 f   DbgServe:dbgserve.obj
 0001:00000ad0       _HB_FUN_XHD_VAL_TO_STR     00401ad0 f   DbgServe:dbgserve.obj
 0001:00000d40       _HB_FUN_ARRAY              00401d40 f   xhb:arrayshb.obj
 0001:00000de0       _HB_FUN_AADD               00401de0 f   xhb:arrayshb.obj
 0001:00000f20       _HB_FUN_HB_ARRAYID         00401f20 f   xhb:arrayshb.obj
 0001:00000f50       _HB_FUN_HB_THISARRAY       00401f50 f   xhb:arrayshb.obj
 0001:00000fb0       _HB_FUN_ASIZE              00401fb0 f   xhb:arrayshb.obj
 0001:000010a0       _HB_FUN_ASIZEALLOC         004020a0 f   xhb:arrayshb.obj
 0001:00001110       _HB_FUN_ALENALLOC          00402110 f   xhb:arrayshb.obj
 0001:00001140       _HB_FUN_ATAIL              00402140 f   xhb:arrayshb.obj
 0001:00001170       _HB_FUN_AINS               00402170 f   xhb:arrayshb.obj
 0001:00001270       _HB_FUN_HB_AINS            00402270 f   xhb:arrayshb.obj
 0001:00001280       _HB_FUN_ADEL               00402280 f   xhb:arrayshb.obj
 0001:00001360       _HB_FUN_AFILL              00402360 f   xhb:arrayshb.obj
 0001:00001570       _HB_FUN_ASCAN              00402570 f   xhb:arrayshb.obj
 0001:00001650       _HB_FUN_AEVAL              00402650 f   xhb:arrayshb.obj
 0001:000017a0       _HB_FUN_ACOPY              004027a0 f   xhb:arrayshb.obj
 0001:000018c0       _HB_FUN_ACLONE             004028c0 f   xhb:arrayshb.obj
 0001:00001900       _HB_FUN_HB_APARAMS         00402900 f   xhb:arrayshb.obj
 0001:00001960       _HB_FUN_HB_AEXPRESSIONS    00402960 f   xhb:arrayshb.obj
 0001:00001c10       _SizeOfCStructure          00402c10 f   xhb:arrayshb.obj
 0001:00001f50       _HB_FUN_HB_SIZEOFCSTRUCTURE 00402f50 f   xhb:arrayshb.obj
 0001:00001ff0       _ArrayToStructure          00402ff0 f   xhb:arrayshb.obj
 0001:00003c50       _HB_FUN_HB_ARRAYTOSTRUCTURE 00404c50 f   xhb:arrayshb.obj
 0001:00003d20       _StructureToArray          00404d20 f   xhb:arrayshb.obj
 0001:00004630       _HB_FUN_HB_STRUCTURETOARRAY 00405630 f   xhb:arrayshb.obj
 0001:00004740       _HB_FUN_RASCAN             00405740 f   xhb:arrayshb.obj
 0001:00004bd0       _HB_FUN_ASPLICE            00405bd0 f   xhb:arrayshb.obj
 0001:00004f40       _HB_FUN_AREMOVE            00405f40 f   xhb:arrayshb.obj
 0001:00004f50       _HB_FUN_AMERGE             00405f50 f   xhb:arrayshb.obj
 0001:000050a0       _HB_FUN_SCROLL             004060a0 f   xhb:scroll.obj
 0001:000051a0       _HB_FUN_SCROLLFIXED        004061a0 f   xhb:scroll.obj
 0001:00005210       _HB_FUN_HB_SCROLL          00406210 f   xhb:scroll.obj
 0001:000053a0       _HB_FUN_SETPOS             004063a0 f   xhb:setpos.obj
 0001:000053f0       _HB_FUN_ROW                004063f0 f   xhb:setpos.obj
 0001:00005420       _HB_FUN_COL                00406420 f   xhb:setpos.obj
 0001:00005450       _hb_conInit                00406450 f   xhb:console.obj
 0001:000054e0       _hb_conRelease             004064e0 f   xhb:console.obj
 0001:00005510       _hb_conNewLine             00406510 f   xhb:console.obj
 0001:00005520       _HB_FUN_HB_OSNEWLINE       00406520 f   xhb:console.obj
 0001:00005530       _hb_conOutStd              00406530 f   xhb:console.obj
 0001:00005570       _hb_conOutErr              00406570 f   xhb:console.obj
 0001:000055d0       _hb_conOutAlt              004065d0 f   xhb:console.obj
 0001:00005850       _HB_FUN_OUTSTD             00406850 f   xhb:console.obj
 0001:000058a0       _HB_FUN_OUTERR             004068a0 f   xhb:console.obj
 0001:000058f0       _HB_FUN_QQOUT              004068f0 f   xhb:console.obj
 0001:00005940       _HB_FUN_QOUT               00406940 f   xhb:console.obj
 0001:00005a50       _HB_FUN___EJECT            00406a50 f   xhb:console.obj
 0001:00005ab0       _HB_FUN_PROW               00406ab0 f   xhb:console.obj
 0001:00005ad0       _HB_FUN_PCOL               00406ad0 f   xhb:console.obj
 0001:00005d10       _HB_FUN_DEVPOS             00406d10 f   xhb:console.obj
 0001:00005d60       _HB_FUN_SETPRC             00406d60 f   xhb:console.obj
 0001:00005db0       _HB_FUN_DEVOUT             00406db0 f   xhb:console.obj
 0001:00005e60       _HB_FUN_DISPOUT            00406e60 f   xhb:console.obj
 0001:00005f30       _HB_FUN_DISPOUTAT          00406f30 f   xhb:console.obj
 0001:00006030       _HB_FUN_HB_DISPOUTAT       00407030 f   xhb:console.obj
 0001:00006100       _HB_FUN_HB_GETSTDIN        00407100 f   xhb:console.obj
 0001:00006120       _HB_FUN_HB_GETSTDOUT       00407120 f   xhb:console.obj
 0001:00006140       _HB_FUN_HB_GETSTDERR       00407140 f   xhb:console.obj
 0001:00006160       _HB_FUN_HBCONSOLELOCK      00407160 f   xhb:console.obj
 0001:00006170       _HB_FUN_HBCONSOLEUNLOCK    00407170 f   xhb:console.obj
 0001:00006180       _HB_FUN_OS                 00407180 f   xhb:version.obj
 0001:000061a0       _HB_FUN_HB_COMPILER        004071a0 f   xhb:version.obj
 0001:000061c0       _HB_FUN_VERSION            004071c0 f   xhb:version.obj
 0001:000061e0       _HB_FUN_HB_PCODEVER        004071e0 f   xhb:version.obj
 0001:00006200       _HB_FUN_HB_BUILDDATE       00407200 f   xhb:version.obj
 0001:00006220       _HB_FUN_HB_BUILDINFO       00407220 f   xhb:version.obj
 0001:000065b0       _HB_FUN_ACHOICE            004075b0 f   xhb:achoice.obj
 0001:000065d0       _HB_FUN_TACHOICE           004075d0 f   xhb:achoice.obj
 0001:00006860       _HB_FUN_INKEY              00407860 f   xhb:inkey.obj
 0001:000069d0       _HB_FUN_SETINKEYBEFOREBLOCK 004079d0 f   xhb:inkey.obj
 0001:00006a30       _HB_FUN_SETINKEYAFTERBLOCK 00407a30 f   xhb:inkey.obj
 0001:00006a90       _HB_FUN___KEYBOARD         00407a90 f   xhb:inkey.obj
 0001:00006bd0       _HB_FUN_HB_KEYPUT          00407bd0 f   xhb:inkey.obj
 0001:00006cb0       _HB_FUN_NEXTKEY            00407cb0 f   xhb:inkey.obj
 0001:00006cf0       _HB_FUN_LASTKEY            00407cf0 f   xhb:inkey.obj
 0001:00006d30       _HB_FUN_HB_SETLASTKEY      00407d30 f   xhb:inkey.obj
 0001:00006d60       _HB_FUN_VALTYPE            00407d60 f   xhb:valtype.obj
 0001:00006d90       _HB_FUN_ISNULL             00407d90 f   xhb:valtype.obj
 0001:00006dd0       _HB_FUN_SETNULL            00407dd0 f   xhb:valtype.obj
 0001:00006e00       _HB_FUN_HB_ISBYREF         00407e00 f   xhb:valtype.obj
 0001:00006e60       _HB_FUN_HB_ISNIL           00407e60 f   xhb:valtype.obj
 0001:00006ea0       _HB_FUN_HB_ISNUMERIC       00407ea0 f   xhb:valtype.obj
 0001:00006ed0       _HB_FUN_HB_ISLOGICAL       00407ed0 f   xhb:valtype.obj
 0001:00006f00       _HB_FUN_HB_ISDATE          00407f00 f   xhb:valtype.obj
 0001:00006f30       _HB_FUN_HB_ISDATETIME      00407f30 f   xhb:valtype.obj
 0001:00006f60       _HB_FUN_HB_ISTIMESTAMP     00407f60 f   xhb:valtype.obj
 0001:00006f90       _HB_FUN_HB_ISBLOCK         00407f90 f   xhb:valtype.obj
 0001:00006fc0       _HB_FUN_HB_ISPOINTER       00407fc0 f   xhb:valtype.obj
 0001:00006ff0       _HB_FUN_HB_ISSTRING        00407ff0 f   xhb:valtype.obj
 0001:00007020       _HB_FUN_HB_ISCHAR          00408020 f   xhb:valtype.obj
 0001:00007050       _HB_FUN_HB_ISMEMO          00408050 f   xhb:valtype.obj
 0001:00007080       _HB_FUN_HB_ISARRAY         00408080 f   xhb:valtype.obj
 0001:000070d0       _HB_FUN_HB_ISOBJECT        004080d0 f   xhb:valtype.obj
 0001:000070f0       _HB_FUN_HB_ISHASH          004080f0 f   xhb:valtype.obj
 0001:00007120       _HB_FUN_HB_ISNULL          00408120 f   xhb:valtype.obj
 0001:000076d0       _hb_hashNew                004086d0 f   xhb:hash.obj
 0001:000077c0       _hb_hashAdd                004087c0 f   xhb:hash.obj
 0001:00007e70       _hb_hashAddForward         00408e70 f   xhb:hash.obj
 0001:000080f0       _hb_hashScan               004090f0 f   xhb:hash.obj
 0001:000081d0       _hb_hashRemove             004091d0 f   xhb:hash.obj
 0001:00008470       _hb_hashSet                00409470 f   xhb:hash.obj
 0001:00008550       _hb_hashSetForward         00409550 f   xhb:hash.obj
 0001:00008640       _hb_hashGet                00409640 f   xhb:hash.obj
 0001:00008740       _hb_hashGetForward         00409740 f   xhb:hash.obj
 0001:00008840       _hb_hashPreallocate        00409840 f   xhb:hash.obj
 0001:00008920       _hb_hashClone              00409920 f   xhb:hash.obj
 0001:00008a70       _hb_hashMerge              00409a70 f   xhb:hash.obj
 0001:00008f00       _hb_hashSetAACompatibility 00409f00 f   xhb:hash.obj
 0001:00008fb0       _hb_hashReleaseBase        00409fb0 f   xhb:hash.obj
 0001:000090b0       _hb_hashRelease            0040a0b0 f   xhb:hash.obj
 0001:00009130       _hb_hashReleaseGarbage     0040a130 f   xhb:hash.obj
 0001:000091e0       _hb_hashGetKeys            0040a1e0 f   xhb:hash.obj
 0001:000092d0       _hb_hashGetValues          0040a2d0 f   xhb:hash.obj
 0001:000093c0       _hb_hashGetKeyAt           0040a3c0 f   xhb:hash.obj
 0001:00009450       _hb_hashGetValueAt         0040a450 f   xhb:hash.obj
 0001:000094d0       _HB_FUN_HASH               0040a4d0 f   xhb:hash.obj
 0001:000095f0       _HB_FUN_HGETPOS            0040a5f0 f   xhb:hash.obj
 0001:00009690       _HB_FUN_HAAGETPOS          0040a690 f   xhb:hash.obj
 0001:00009770       _HB_FUN_HHASKEY            0040a770 f   xhb:hash.obj
 0001:00009810       _HB_FUN_HGET               0040a810 f   xhb:hash.obj
 0001:000098f0       _HB_FUN_HSET               0040a8f0 f   xhb:hash.obj
 0001:00009990       _HB_FUN_HDEL               0040a990 f   xhb:hash.obj
 0001:00009a50       _HB_FUN_HGETKEYAT          0040aa50 f   xhb:hash.obj
 0001:00009b20       _HB_FUN_HAAGETKEYAT        0040ab20 f   xhb:hash.obj
 0001:00009c40       _HB_FUN_HGETVALUEAT        0040ac40 f   xhb:hash.obj
 0001:00009d10       _HB_FUN_HAAGETVALUEAT      0040ad10 f   xhb:hash.obj
 0001:00009e30       _HB_FUN_HSETVALUEAT        0040ae30 f   xhb:hash.obj
 0001:00009f40       _HB_FUN_HAASETVALUEAT      0040af40 f   xhb:hash.obj
 0001:0000a0b0       _HB_FUN_HGETPAIRAT         0040b0b0 f   xhb:hash.obj
 0001:0000a290       _HB_FUN_HDELAT             0040b290 f   xhb:hash.obj
 0001:0000a350       _HB_FUN_HAADELAT           0040b350 f   xhb:hash.obj
 0001:0000a460       _HB_FUN_HGETKEYS           0040b460 f   xhb:hash.obj
 0001:0000a4d0       _HB_FUN_HGETVALUES         0040b4d0 f   xhb:hash.obj
 0001:0000a540       _HB_FUN_HGETVAAPOS         0040b540 f   xhb:hash.obj
 0001:0000a5f0       _HB_FUN_HFILL              0040b5f0 f   xhb:hash.obj
 0001:0000a6e0       _HB_FUN_HSCAN              0040b6e0 f   xhb:hash.obj
 0001:0000a810       _HB_FUN_HEVAL              0040b810 f   xhb:hash.obj
 0001:0000a930       _HB_FUN_HCLONE             0040b930 f   xhb:hash.obj
 0001:0000a9a0       _HB_FUN_HCOPY              0040b9a0 f   xhb:hash.obj
 0001:0000aae0       _HB_FUN_HMERGE             0040bae0 f   xhb:hash.obj
 0001:0000ab90       _hb_hashSetCaseMatch       0040bb90 f   xhb:hash.obj
 0001:0000abd0       _HB_FUN_HSETCASEMATCH      0040bbd0 f   xhb:hash.obj
 0001:0000ac60       _HB_FUN_HGETCASEMATCH      0040bc60 f   xhb:hash.obj
 0001:0000acc0       _HB_FUN_HSETAUTOADD        0040bcc0 f   xhb:hash.obj
 0001:0000ad40       _HB_FUN_HGETAUTOADD        0040bd40 f   xhb:hash.obj
 0001:0000ada0       _HB_FUN_HSETPARTITION      0040bda0 f   xhb:hash.obj
 0001:0000af70       _HB_FUN_HGETPARTITION      0040bf70 f   xhb:hash.obj
 0001:0000b070       _HB_FUN_HALLOCATE          0040c070 f   xhb:hash.obj
 0001:0000b100       _HB_FUN_HSETAACOMPATIBILITY 0040c100 f   xhb:hash.obj
 0001:0000b1a0       _HB_FUN_HGETAACOMPATIBILITY 0040c1a0 f   xhb:hash.obj
 0001:0000b200       _HB_FUN_HAAGETREALPOS      0040c200 f   xhb:hash.obj
 0001:0000b280       _hb_hashAAGetRealPos       0040c280 f   xhb:hash.obj
 0001:0000b2c0       _hb_hashLen                0040c2c0 f   xhb:hash.obj
 0001:0000b2e0       _hb_hashGetCompatibility   0040c2e0 f   xhb:hash.obj
 0001:0000b310       _hb_hashId                 0040c310 f   xhb:hash.obj
 0001:0000b330       _HB_FUN_HB_HASHID          0040c330 f   xhb:hash.obj
 0001:0000b3a0       _HB_FUN___WAIT             0040c3a0 f   xhb:wait.obj
 0001:0000c4b0       _hb_jsonEncode             0040d4b0 f   xhb:hbjson.obj
 0001:0000c540       _hb_jsonDecode             0040d540 f   xhb:hbjson.obj
 0001:0000c5b0       _HB_FUN_HB_JSONENCODE      0040d5b0 f   xhb:hbjson.obj
 0001:0000c600       _HB_FUN_HB_JSONDECODE      0040d600 f   xhb:hbjson.obj
 0001:0000c7c0       _hb_clsInit                0040d7c0 f   xhb:classes.obj
 0001:0000c930       _hb_clsDisableDestructors  0040d930 f   xhb:classes.obj
 0001:0000c940       _hb_clsDestructorsAllowed  0040d940 f   xhb:classes.obj
 0001:0000c950       _hb_clsClearAllClassDatas  0040d950 f   xhb:classes.obj
 0001:0000c990       _hb_clsClearAll            0040d990 f   xhb:classes.obj
 0001:0000c9d0       _hb_clsReleaseAll          0040d9d0 f   xhb:classes.obj
 0001:0000ca80       _hb_clsIsClassRef          0040da80 f   xhb:classes.obj
 0001:0000cfc0       _hb_clsIsParent            0040dfc0 f   xhb:classes.obj
 0001:0000d040       _hb_objGetClsName          0040e040 f   xhb:classes.obj
 0001:0000d160       _hb_clsName                0040e160 f   xhb:classes.obj
 0001:0000d190       _hb_objGetRealCls          0040e190 f   xhb:classes.obj
 0001:0000d220       _hb_objGetRealClsName      0040e220 f   xhb:classes.obj
 0001:0000d360       _hb_objGetOpOver           0040e360 f   xhb:classes.obj
 0001:0000d390       _hb_objGetClsSymbol        0040e390 f   xhb:classes.obj
 0001:0000d5a0       _hb_objGetMethod           0040e5a0 f   xhb:classes.obj
 0001:0000d5f0       _hb_objGetMthd             0040e5f0 f   xhb:classes.obj
 0001:0000d870       _hb_clsHasMsg              0040e870 f   xhb:classes.obj
 0001:0000d900       _hb_objGetpMthd            0040e900 f   xhb:classes.obj
 0001:0000d950       _hb_objGetpMethod          0040e950 f   xhb:classes.obj
 0001:0000d980       _hb_objHasMsg              0040e980 f   xhb:classes.obj
 0001:0000d9a0       _hb_objHasMessage          0040e9a0 f   xhb:classes.obj
 0001:0000e950       _HB_FUN___CLSADDMSG        0040f950 f   xhb:classes.obj
 0001:0000eb70       ___cls_CntMethods          0040fb70 f   xhb:classes.obj
 0001:0000f860       _HB_FUN___CLSNEW           00410860 f   xhb:classes.obj
 0001:0000f9e0       _hb_clsDeactiveClass       004109e0 f   xhb:classes.obj
 0001:0000fa50       _HB_FUN___CLSISACTIVE      00410a50 f   xhb:classes.obj
 0001:0000fab0       _HB_FUN___CLSACTIVE        00410ab0 f   xhb:classes.obj
 0001:0000fb40       _HB_FUN___CLSSETMODULE     00410b40 f   xhb:classes.obj
 0001:0000fbc0       _HB_FUN___CLSDELMSG        00410bc0 f   xhb:classes.obj
 0001:0000fd20       _HB_FUN___CLSINST          00410d20 f   xhb:classes.obj
 0001:0000fd40       _hb_clsInst                00410d40 f   xhb:classes.obj
 0001:000101a0       _HB_FUN___CLSMODMSG        004111a0 f   xhb:classes.obj
 0001:000104c0       _HB_FUN___CLSMSGASSIGNED   004114c0 f   xhb:classes.obj
 0001:00010590       _HB_FUN___OBJGETCLSNAME    00411590 f   xhb:classes.obj
 0001:000105c0       _HB_FUN___CLSHASMSG        004115c0 f   xhb:classes.obj
 0001:00010690       _HB_FUN___OBJHASMSG        00411690 f   xhb:classes.obj
 0001:00010730       _hb_objClone               00411730 f   xhb:classes.obj
 0001:00010830       _HB_FUN___OBJCLONE         00411830 f   xhb:classes.obj
 0001:00010880       _hb_objSendMsg             00411880 f   xhb:classes.obj
 0001:00010910       _hb_objSendSymbol          00411910 f   xhb:classes.obj
 0001:00010960       _hb_objSendMessage         00411960 f   xhb:classes.obj
 0001:000109b0       _HB_FUN___OBJSENDMSG       004119b0 f   xhb:classes.obj
 0001:00010a90       _HB_FUN___OBJSENDMSGCASE   00411a90 f   xhb:classes.obj
 0001:00010b70       _HB_FUN___CLSINSTSUPER     00411b70 f   xhb:classes.obj
 0001:00010cb0       _HB_FUN___CLS_CNTCLSDATA   00411cb0 f   xhb:classes.obj
 0001:00010d10       _HB_FUN___CLS_CNTSHRDATA   00411d10 f   xhb:classes.obj
 0001:00010d50       _HB_FUN___CLS_CNTDATA      00411d50 f   xhb:classes.obj
 0001:00010da0       _HB_FUN___CLS_DECDATA      00411da0 f   xhb:classes.obj
 0001:00010df0       _HB_FUN___CLS_INCDATA      00411df0 f   xhb:classes.obj
 0001:00010e70       _HB_FUN___CLASSNAME        00411e70 f   xhb:classes.obj
 0001:00010ed0       _HB_FUN___CLASSSEL         00411ed0 f   xhb:classes.obj
 0001:00010f80       _HB_FUN___GETMEMBERS       00411f80 f   xhb:classes.obj
 0001:000111a0       _HB_FUN___GETMESSAGE       004121a0 f   xhb:classes.obj
 0001:000111d0       _HB_FUN___CLSPARENT        004121d0 f   xhb:classes.obj
 0001:00011220       _HB_FUN___SENDER           00412220 f   xhb:classes.obj
 0001:000112a0       _hb_objClassH              004122a0 f   xhb:classes.obj
 0001:000113c0       _HB_FUN___CLASSH           004123c0 f   xhb:classes.obj
 0001:000113f0       _HB_FUN___EVAL             004123f0 f   xhb:classes.obj
 0001:00011af0       _hb___msgGetClsData        00412af0 f   xhb:classes.obj
 0001:00011b40       _hb___msgSetClsData        00412b40 f   xhb:classes.obj
 0001:00011ba0       _hb___msgGetShrData        00412ba0 f   xhb:classes.obj
 0001:00011bf0       _hb___msgSetShrData        00412bf0 f   xhb:classes.obj
 0001:00011c60       _hb___msgGetData           00412c60 f   xhb:classes.obj
 0001:00011cb0       _hb___msgSetData           00412cb0 f   xhb:classes.obj
 0001:00011e00       _hb_clsClassesArray        00412e00 f   xhb:classes.obj
 0001:00011e10       _hb_clsMaxClasses          00412e10 f   xhb:classes.obj
 0001:00011e20       _HB_FUN___GETMSGPRF        00412e20 f   xhb:classes.obj
 0001:00011e50       _hb_mthAddTime             00412e50 f   xhb:classes.obj
 0001:00011e60       _hb_clsFinalize            00412e60 f   xhb:classes.obj
 0001:00012020       _HB_FUN___CLSGETPROPERTIES 00413020 f   xhb:classes.obj
 0001:000120e0       _HB_FUN___CLSGETPROPERTIESANDVALUES 004130e0 f   xhb:classes.obj
 0001:000121f0       _HB_FUN___CLSGETIVARNAMESANDVALUES 004131f0 f   xhb:classes.obj
 0001:00012340       _hb_clsSymbolFromFunction  00413340 f   xhb:classes.obj
 0001:000123b0       _HB_FUN_HB_OBJMSGPTR       004133b0 f   xhb:classes.obj
 0001:00012450       _hb_clsGetHandleFromName   00413450 f   xhb:classes.obj
 0001:000124b0       _HB_FUN___CLSGETHANDLEFROMNAME 004134b0 f   xhb:classes.obj
 0001:000125b0       _hb_clsSetModule           004135b0 f   xhb:classes.obj
 0001:000125f0       _HB_FUN___SETCLASSSCOPE    004135f0 f   xhb:classes.obj
 0001:00012640       _hb_clsSetScope            00413640 f   xhb:classes.obj
 0001:00012660       _HB_FUN___SETCLASSAUTOINIT 00413660 f   xhb:classes.obj
 0001:000127f0       _HB_FUN___CLSADDFRIEND     004137f0 f   xhb:classes.obj
 0001:00012830       _HB_FUN___CLSFRIENDLY      00413830 f   xhb:classes.obj
 0001:00012950       _HB_FUN___CLSASSOCTYPE     00413950 f   xhb:classes.obj
 0001:00012b20       _HB_FUN___CLSCNTCLASSES    00413b20 f   xhb:classes.obj
 0001:00012b40       _HB_FUN___CLSINSTNAME      00413b40 f   xhb:classes.obj
 0001:00012c20       _hb_clsCreate              00413c20 f   xhb:classes.obj
 0001:00012c50       _hb_clsAdd                 00413c50 f   xhb:classes.obj
 0001:00012c80       _hb_clsAddData             00413c80 f   xhb:classes.obj
 0001:00012cb0       _hb_clsAssociate           00413cb0 f   xhb:classes.obj
 0001:00012cd0       _hb_clsAddDataInit         00413cd0 f   xhb:classes.obj
 0001:00012d00       _hb_strLTrim               00413d00 f   xhb:trim.obj
 0001:00012d40       _hb_strRTrimLen            00413d40 f   xhb:trim.obj
 0001:00012da0       _HB_FUN_LTRIM              00413da0 f   xhb:trim.obj
 0001:00012e30       _HB_FUN_RTRIM              00413e30 f   xhb:trim.obj
 0001:00012ee0       _HB_FUN_TRIM               00413ee0 f   xhb:trim.obj
 0001:00012ef0       _HB_FUN_ALLTRIM            00413ef0 f   xhb:trim.obj
 0001:00012fb0       _HB_FUN_STR                00413fb0 f   xhb:str.obj
 0001:000131e0       _hb_vmAtInit               004141e0 f   xhb:hvm.obj
 0001:00013230       _hb_vmAtExit               00414230 f   xhb:hvm.obj
 0001:000132d0       _hb_vmIsMt                 004142d0 f   xhb:hvm.obj
 0001:000132e0       _hb_vmLock                 004142e0 f   xhb:hvm.obj
 0001:000132f0       _hb_vmUnlock               004142f0 f   xhb:hvm.obj
 0001:00013440       _hb_vmSymbolResolveDeferred 00414440 f   xhb:hvm.obj
 0001:00013580       _hb_vmInit                 00414580 f   xhb:hvm.obj
 0001:00013890       _hb_vmReleaseLocalSymbols  00414890 f   xhb:hvm.obj
 0001:00013940       _hb_vmQuit                 00414940 f   xhb:hvm.obj
 0001:00013c50       _hb_vmExecute              00414c50 f   xhb:hvm.obj
 0001:00017fe0       _HB_FUN_HB_VMEXECUTE       00418fe0 f   xhb:hvm.obj
 0001:000213b0       _hb_vmOperatorCall         004223b0 f   xhb:hvm.obj
 0001:00021480       _hb_vmOperatorCallUnary    00422480 f   xhb:hvm.obj
 0001:00021780       _hb_vmDo                   00422780 f   xhb:hvm.obj
 0001:00021a70       _hb_vmSend                 00422a70 f   xhb:hvm.obj
 0001:00022460       _hb_vmEvalBlock            00423460 f   xhb:hvm.obj
 0001:00022490       _hb_vmEvalBlockV           00423490 f   xhb:hvm.obj
 0001:000224e0       _hb_vmEvalBlockOrMacro     004234e0 f   xhb:hvm.obj
 0001:000225c0       _hb_vmDestroyBlockOrMacro  004235c0 f   xhb:hvm.obj
 0001:00022600       _hb_vmFunction             00423600 f   xhb:hvm.obj
 0001:00023b10       _hb_vmPush                 00424b10 f   xhb:hvm.obj
 0001:00023b50       _hb_vmPushState            00424b50 f   xhb:hvm.obj
 0001:00023bb0       _hb_vmPushNil              00424bb0 f   xhb:hvm.obj
 0001:00023bf0       _hb_vmPushLogical          00424bf0 f   xhb:hvm.obj
 0001:00023c40       _hb_vmPushNumber           00424c40 f   xhb:hvm.obj
 0001:00023c60       _hb_vmPushNumType          00424c60 f   xhb:hvm.obj
 0001:00023d20       _hb_vmPushNumInt           00424d20 f   xhb:hvm.obj
 0001:00023df0       _hb_vmPushInteger          00424df0 f   xhb:hvm.obj
 0001:00023ea0       _hb_vmPushLong             00424ea0 f   xhb:hvm.obj
 0001:00023ff0       _hb_vmPushDouble           00424ff0 f   xhb:hvm.obj
 0001:00024120       _hb_vmPushDate             00425120 f   xhb:hvm.obj
 0001:00024160       _hb_vmPushDateTime         00425160 f   xhb:hvm.obj
 0001:000241a0       _hb_vmPushPointer          004251a0 f   xhb:hvm.obj
 0001:000241e0       _hb_vmPushString           004251e0 f   xhb:hvm.obj
 0001:00024220       _hb_vmPushSymbol           00425220 f   xhb:hvm.obj
 0001:00024290       _hb_vmPushDynSym           00425290 f   xhb:hvm.obj
 0001:000242b0       _hb_vmPushEvalSym          004252b0 f   xhb:hvm.obj
 0001:00024a40       _hb_vmPopState             00425a40 f   xhb:hvm.obj
 0001:000253e0       _hb_vmGetRealFuncSym       004263e0 f   xhb:hvm.obj
 0001:00025430       _hb_vmFindModuleSymbols    00426430 f   xhb:hvm.obj
 0001:00025560       _hb_vmFreeSymbols          00426560 f   xhb:hvm.obj
 0001:000255e0       _hb_vmBeginSymbolGroup     004265e0 f   xhb:hvm.obj
 0001:00025600       _hb_vmInitSymbolGroup      00426600 f   xhb:hvm.obj
 0001:00025780       _hb_vmExitSymbolGroup      00426780 f   xhb:hvm.obj
 0001:00025840       _hb_vmRegisterSymbols      00426840 f   xhb:hvm.obj
 0001:00025ea0       _hb_vmProcessSymbols       00426ea0 f   xhb:hvm.obj
 0001:00025f20       _hb_vmProcessSysDllSymbols 00426f20 f   xhb:hvm.obj
 0001:00025fa0       _hb_vmProcessPrgDllSymbols 00426fa0 f   xhb:hvm.obj
 0001:00026030       _hb_vmProcessExeUsesDllSymbols 00427030 f   xhb:hvm.obj
 0001:000260b0       _hb_vmSymbols              004270b0 f   xhb:hvm.obj
 0001:000260c0       _hb_vmLastModule           004270c0 f   xhb:hvm.obj
 0001:000260f0       _hb_vmExplicitStartup      004270f0 f   xhb:hvm.obj
 0001:00026170       _hb_vmDoExitFunctions      00427170 f   xhb:hvm.obj
 0001:000262f0       _hb_vmFindModule           004272f0 f   xhb:hvm.obj
 0001:00026320       _hb_vmFindModuleByName     00427320 f   xhb:hvm.obj
 0001:000263a0       _hb_vmForceLink            004273a0 f   xhb:hvm.obj
 0001:000263b0       _HB_FUN_ERRORLEVEL         004273b0 f   xhb:hvm.obj
 0001:000263f0       _hb_vmRequestQuit          004273f0 f   xhb:hvm.obj
 0001:00026410       _hb_vmRequestEndProc       00427410 f   xhb:hvm.obj
 0001:00026430       _hb_vmRequestBreak         00427430 f   xhb:hvm.obj
 0001:000264a0       _hb_vmRequestCancel        004274a0 f   xhb:hvm.obj
 0001:000265e0       _hb_vmRequestQuery         004275e0 f   xhb:hvm.obj
 0001:000265f0       _hb_vmRequestReenter       004275f0 f   xhb:hvm.obj
 0001:00026650       _hb_vmRequestRestore       00427650 f   xhb:hvm.obj
 0001:00026750       _hb_vmRequestReset         00427750 f   xhb:hvm.obj
 0001:00026770       _hb_vmRequest              00427770 f   xhb:hvm.obj
 0001:00026790       _hb_vmIsLocalRef           00427790 f   xhb:hvm.obj
 0001:00026860       _hb_vmIsStaticRef          00427860 f   xhb:hvm.obj
 0001:00026870       _hb_vmRegisterGlobals      00427870 f   xhb:hvm.obj
 0001:000268f0       _hb_vmIsGlobalRef          004278f0 f   xhb:hvm.obj
 0001:00026900       _HB_FUN___SETPROFILER      00427900 f   xhb:hvm.obj
 0001:00026910       _HB_FUN___TRACEPRGCALLS    00427910 f   xhb:hvm.obj
 0001:00026930       _hb_vmPushBaseArray        00427930 f   xhb:hvm.obj
 0001:000269d0       _hb_vmPushItemRef          004279d0 f   xhb:hvm.obj
 0001:00026a20       _HB_FUN_HB_FUNCPTR         00427a20 f   xhb:hvm.obj
 0001:00026ac0       _HB_FUN_HB_QSELF           00427ac0 f   xhb:hvm.obj
 0001:00026b30       _HB_FUN___OPCOUNT          00427b30 f   xhb:hvm.obj
 0001:00026b50       _HB_FUN___OPGETPRF         00427b50 f   xhb:hvm.obj
 0001:00026b80       _HB_FUN_HB_SAVEBLOCK       00427b80 f   xhb:hvm.obj
 0001:00026ca0       _HB_FUN_HB_RESTOREBLOCK    00427ca0 f   xhb:hvm.obj
 0001:00026fc0       _HB_FUN_HB_GUIERRORMESSAGE 00427fc0 f   xhb:hvm.obj
 0001:00026fd0       _HB_FUN_HB_NOMOUSE         00427fd0 f   xhb:hvm.obj
 0001:00026fe0       _HB_FUN_HB_NOSTARTUPWINDOW 00427fe0 f   xhb:hvm.obj
 0001:00026ff0       _HB_FUN_HB_RESETWITH       00427ff0 f   xhb:hvm.obj
 0001:00027050       _HB_FUN_HB_WITHOBJECTCOUNTER 00428050 f   xhb:hvm.obj
 0001:00027070       _HB_FUN___TEXTINTO         00428070 f   xhb:hvm.obj
 0001:000270b0       _HB_FUN_HB_MULTITHREAD     004280b0 f   xhb:hvm.obj
 0001:000270d0       _HB_FUN_HB_VMMODE          004280d0 f   xhb:hvm.obj
 0001:00027130       _hb_xvmExitProc            00428130 f   xhb:hvm.obj
 0001:00027150       _hb_xvmSeqBegin            00428150 f   xhb:hvm.obj
 0001:000271e0       _hb_xvmSeqEnd              004281e0 f   xhb:hvm.obj
 0001:000272c0       _hb_xvmSeqRecover          004282c0 f   xhb:hvm.obj
 0001:00027340       _hb_xvmTryBegin            00428340 f   xhb:hvm.obj
 0001:00027370       _hb_xvmTryEnd              00428370 f   xhb:hvm.obj
 0001:000273b0       _hb_xvmTryEndFin           004283b0 f   xhb:hvm.obj
 0001:00027490       _hb_xvmTryRecover          00428490 f   xhb:hvm.obj
 0001:000274d0       _hb_xvmBeginFinally        004284d0 f   xhb:hvm.obj
 0001:000274f0       _hb_xvmEndFinally          004284f0 f   xhb:hvm.obj
 0001:00027530       _hb_xvmSetLine             00428530 f   xhb:hvm.obj
 0001:00027560       _hb_xvmBaseLine            00428560 f   xhb:hvm.obj
 0001:000275a0       _hb_xvmLineOffset          004285a0 f   xhb:hvm.obj
 0001:000275e0       _hb_xvmClassSetModule      004285e0 f   xhb:hvm.obj
 0001:00027690       _hb_xvmIVarRef             00428690 f   xhb:hvm.obj
 0001:000279f0       _hb_xvmFrame               004289f0 f   xhb:hvm.obj
 0001:00027a10       _hb_xvmSFrame              00428a10 f   xhb:hvm.obj
 0001:00027a20       _hb_xvmDo                  00428a20 f   xhb:hvm.obj
 0001:00027a50       _hb_xvmFunction            00428a50 f   xhb:hvm.obj
 0001:00027ad0       _hb_xvmSend                00428ad0 f   xhb:hvm.obj
 0001:00027b50       _hb_xvmSendWith            00428b50 f   xhb:hvm.obj
 0001:00027bd0       _hb_xvmRetValue            00428bd0 f   xhb:hvm.obj
 0001:00027c40       _hb_xvmStatics             00428c40 f   xhb:hvm.obj
 0001:00027c60       _hb_xvmParameter           00428c60 f   xhb:hvm.obj
 0001:00027c80       _hb_xvmPushLocal           00428c80 f   xhb:hvm.obj
 0001:00027c90       _hb_xvmPushLocalByRef      00428c90 f   xhb:hvm.obj
 0001:00027ca0       _hb_xvmPopLocal            00428ca0 f   xhb:hvm.obj
 0001:00027cb0       _hb_xvmPushStatic          00428cb0 f   xhb:hvm.obj
 0001:00027cc0       _hb_xvmPushStaticByRef     00428cc0 f   xhb:hvm.obj
 0001:00027cd0       _hb_xvmPopStatic           00428cd0 f   xhb:hvm.obj
 0001:00027ce0       _hb_xvmPushGlobal          00428ce0 f   xhb:hvm.obj
 0001:00027d00       _hb_xvmPushGlobalByRef     00428d00 f   xhb:hvm.obj
 0001:00027d50       _hb_xvmPopGlobal           00428d50 f   xhb:hvm.obj
 0001:00027e30       _hb_xvmPushVariable        00428e30 f   xhb:hvm.obj
 0001:00027e60       _hb_xvmPopVariable         00428e60 f   xhb:hvm.obj
 0001:00027ef0       _hb_xvmPushBlockShort      00428ef0 f   xhb:hvm.obj
 0001:00027f10       _hb_xvmPushBlock           00428f10 f   xhb:hvm.obj
 0001:00027f30       _hb_xvmPushSelf            00428f30 f   xhb:hvm.obj
 0001:00027f50       _hb_xvmPopLogical          00428f50 f   xhb:hvm.obj
 0001:00027f80       _hb_xvmPopAlias            00428f80 f   xhb:hvm.obj
 0001:00027fe0       _hb_xvmSwapAlias           00428fe0 f   xhb:hvm.obj
 0001:00028010       _hb_xvmPushField           00429010 f   xhb:hvm.obj
 0001:00028070       _hb_xvmPushAlias           00429070 f   xhb:hvm.obj
 0001:000280a0       _hb_xvmPushAliasedField    004290a0 f   xhb:hvm.obj
 0001:000280d0       _hb_xvmPushAliasedVar      004290d0 f   xhb:hvm.obj
 0001:00028100       _hb_xvmPopField            00429100 f   xhb:hvm.obj
 0001:00028190       _hb_xvmPushMemvar          00429190 f   xhb:hvm.obj
 0001:000281f0       _hb_xvmPushMemvarByRef     004291f0 f   xhb:hvm.obj
 0001:00028250       _hb_xvmPopMemvar           00429250 f   xhb:hvm.obj
 0001:000282e0       _hb_xvmPopAliasedField     004292e0 f   xhb:hvm.obj
 0001:00028310       _hb_xvmPopAliasedVar       00429310 f   xhb:hvm.obj
 0001:00028340       _hb_xvmLocalAddInt         00429340 f   xhb:hvm.obj
 0001:00028380       _hb_xvmLocalAdd            00429380 f   xhb:hvm.obj
 0001:00028450       _hb_xvmEqual               00429450 f   xhb:hvm.obj
 0001:00028480       _hb_xvmAnd                 00429480 f   xhb:hvm.obj
 0001:000284b0       _hb_xvmOr                  004294b0 f   xhb:hvm.obj
 0001:000284e0       _hb_xvmNot                 004294e0 f   xhb:hvm.obj
 0001:00028510       _hb_xvmNegate              00429510 f   xhb:hvm.obj
 0001:00028540       _hb_xvmPower               00429540 f   xhb:hvm.obj
 0001:00028570       _hb_xvmDuplicate           00429570 f   xhb:hvm.obj
 0001:00028580       _hb_xvmDuplTwo             00429580 f   xhb:hvm.obj
 0001:00028590       _hb_xvmForTest             00429590 f   xhb:hvm.obj
 0001:000285c0       _hb_xvmFuncPtr             004295c0 f   xhb:hvm.obj
 0001:000285d0       _hb_xvmNotEqual            004295d0 f   xhb:hvm.obj
 0001:00028600       _hb_xvmLess                00429600 f   xhb:hvm.obj
 0001:00028630       _hb_xvmLessEqual           00429630 f   xhb:hvm.obj
 0001:00028660       _hb_xvmGreater             00429660 f   xhb:hvm.obj
 0001:00028690       _hb_xvmGreaterEqual        00429690 f   xhb:hvm.obj
 0001:000286c0       _hb_xvmInstring            004296c0 f   xhb:hvm.obj
 0001:000286f0       _hb_xvmAddInt              004296f0 f   xhb:hvm.obj
 0001:00028730       _hb_xvmPlus                00429730 f   xhb:hvm.obj
 0001:000287d0       _hb_xvmMinus               004297d0 f   xhb:hvm.obj
 0001:00028800       _hb_xvmMultByInt           00429800 f   xhb:hvm.obj
 0001:00028970       _hb_xvmMult                00429970 f   xhb:hvm.obj
 0001:000289a0       _hb_xvmDivideByInt         004299a0 f   xhb:hvm.obj
 0001:00028bc0       _hb_xvmDivide              00429bc0 f   xhb:hvm.obj
 0001:00028bf0       _hb_xvmModulus             00429bf0 f   xhb:hvm.obj
 0001:00028c20       _hb_xvmInc                 00429c20 f   xhb:hvm.obj
 0001:00028c50       _hb_xvmDec                 00429c50 f   xhb:hvm.obj
 0001:00028c80       _hb_xvmBitAnd              00429c80 f   xhb:hvm.obj
 0001:00028cb0       _hb_xvmBitOr               00429cb0 f   xhb:hvm.obj
 0001:00028ce0       _hb_xvmBitXor              00429ce0 f   xhb:hvm.obj
 0001:00028d10       _hb_xvmBitShiftL           00429d10 f   xhb:hvm.obj
 0001:00028d40       _hb_xvmBitShiftR           00429d40 f   xhb:hvm.obj
 0001:00028d70       _hb_xvmLeft                00429d70 f   xhb:hvm.obj
 0001:00028e70       _hb_xvmRight               00429e70 f   xhb:hvm.obj
 0001:00028ee0       _hb_xvmLike                00429ee0 f   xhb:hvm.obj
 0001:00028f90       _hb_xvmMatch               00429f90 f   xhb:hvm.obj
 0001:00029040       _hb_xvmArrayDim            0042a040 f   xhb:hvm.obj
 0001:00029050       _hb_xvmArrayGen            0042a050 f   xhb:hvm.obj
 0001:00029070       _hb_xvmHashGen             0042a070 f   xhb:hvm.obj
 0001:00029770       _hb_xvmArrayPush           0042a770 f   xhb:hvm.obj
 0001:000297a0       _hb_xvmArrayPushRef        0042a7a0 f   xhb:hvm.obj
 0001:000297d0       _hb_xvmArrayItemPush       0042a7d0 f   xhb:hvm.obj
 0001:00029800       _hb_xvmArrayPop            0042a800 f   xhb:hvm.obj
 0001:00029830       _hb_xvmArrayPopPlus        0042a830 f   xhb:hvm.obj
 0001:00029860       _hb_xvmArrayItemPop        0042a860 f   xhb:hvm.obj
 0001:00029890       _hb_xvmPushDouble          0042a890 f   xhb:hvm.obj
 0001:000298b0       _hb_xvmPushLongLong        0042a8b0 f   xhb:hvm.obj
 0001:000298d0       _hb_xvmLocalName           0042a8d0 f   xhb:hvm.obj
 0001:000298f0       _hb_xvmStaticName          0042a8f0 f   xhb:hvm.obj
 0001:00029910       _hb_xvmModuleName          0042a910 f   xhb:hvm.obj
 0001:00029920       _hb_xvmMacroList           0042a920 f   xhb:hvm.obj
 0001:00029940       _hb_xvmMacroListEnd        0042a940 f   xhb:hvm.obj
 0001:00029960       _hb_xvmMacroPush           0042a960 f   xhb:hvm.obj
 0001:000299a0       _hb_xvmPushMacroRef        0042a9a0 f   xhb:hvm.obj
 0001:000299e0       _hb_xvmMacroPushIndex      0042a9e0 f   xhb:hvm.obj
 0001:00029b10       _hb_xvmMacroPushArg        0042ab10 f   xhb:hvm.obj
 0001:00029b70       _hb_xvmMacroPushList       0042ab70 f   xhb:hvm.obj
 0001:00029bb0       _hb_xvmMacroPushPare       0042abb0 f   xhb:hvm.obj
 0001:00029bf0       _hb_xvmMacroPushAliased    0042abf0 f   xhb:hvm.obj
 0001:00029c30       _hb_xvmMacroPop            0042ac30 f   xhb:hvm.obj
 0001:00029c70       _hb_xvmMacroPopAliased     0042ac70 f   xhb:hvm.obj
 0001:00029cb0       _hb_xvmMacroSymbol         0042acb0 f   xhb:hvm.obj
 0001:00029ce0       _hb_xvmMacroText           0042ace0 f   xhb:hvm.obj
 0001:00029d10       _hb_xvmLocalSetInt         0042ad10 f   xhb:hvm.obj
 0001:00029da0       _hb_xvmLocalSetStr         0042ada0 f   xhb:hvm.obj
 0001:00029e40       _hb_xvmSwitchCase          0042ae40 f   xhb:hvm.obj
 0001:00029f50       _hb_xvmPushWith            0042af50 f   xhb:hvm.obj
 0001:00029f80       _hb_xvmWithObject          0042af80 f   xhb:hvm.obj
 0001:0002a080       _hb_xvmEndWithObject       0042b080 f   xhb:hvm.obj
 0001:0002a0d0       _hb_xvmEnumIndex           0042b0d0 f   xhb:hvm.obj
 0001:0002a140       _hb_xvmForEach             0042b140 f   xhb:hvm.obj
 0001:0002a370       _hb_xvmEnumerate           0042b370 f   xhb:hvm.obj
 0001:0002a540       _hb_xvmEndEnumerate        0042b540 f   xhb:hvm.obj
 0001:0002a630       _hb_xvmLocalSetStringHidden 0042b630 f   xhb:hvm.obj
 0001:0002a6f0       _hb_xvmPushStringHidden    0042b6f0 f   xhb:hvm.obj
 0001:0002a720       _hb_xvmDivert              0042b720 f   xhb:hvm.obj
 0001:0002a730       _hb_vmRequestDebug         0042b730 f   xhb:hvm.obj
 0001:0002a740       _hb_dbg_InvokeDebug        0042b740 f   xhb:hvm.obj
 0001:0002a760       _hb_dbg_SetEntry           0042b760 f   xhb:hvm.obj
 0001:0002a780       _hb_dbg_vmVarSGet          0042b780 f   xhb:hvm.obj
 0001:0002a7a0       _hb_dbg_ProcLevel          0042b7a0 f   xhb:hvm.obj
 0001:0002a7b0       _HB_FUN_HB_DBG_INVOKEDEBUG 0042b7b0 f   xhb:hvm.obj
 0001:0002a810       _HB_FUN_HB_DBG_VMVARSLIST  0042b810 f   xhb:hvm.obj
 0001:0002a840       _HB_FUN_HB_DBG_VMVARSLEN   0042b840 f   xhb:hvm.obj
 0001:0002a860       _HB_FUN_HB_DBG_VMVARSGET   0042b860 f   xhb:hvm.obj
 0001:0002a8a0       _HB_FUN_HB_DBG_VMVARSSET   0042b8a0 f   xhb:hvm.obj
 0001:0002a8f0       _HB_FUN_HB_DBG_PROCLEVEL   0042b8f0 f   xhb:hvm.obj
 0001:0002a910       _hb_dbg_vmVarGCount        0042b910 f   xhb:hvm.obj
 0001:0002a920       _hb_dbg_vmVarGGet          0042b920 f   xhb:hvm.obj
 0001:0002a940       _HB_FUN_HB_DBG_VMVARGLIST  0042b940 f   xhb:hvm.obj
 0001:0002a970       _HB_FUN_HB_DBG_VMVARGGET   0042b970 f   xhb:hvm.obj
 0001:0002a9b0       _HB_FUN_HB_DBG_VMVARGSET   0042b9b0 f   xhb:hvm.obj
 0001:0002aa00       _HB_FUN___VMVARGLIST       0042ba00 f   xhb:hvm.obj
 0001:0002aa10       _HB_FUN___VMVARSLIST       0042ba10 f   xhb:hvm.obj
 0001:0002aa20       _HB_FUN___VMVARSLEN        0042ba20 f   xhb:hvm.obj
 0001:0002aa30       _HB_FUN___VMVARSGET        0042ba30 f   xhb:hvm.obj
 0001:0002aa40       _HB_FUN___VMVARSSET        0042ba40 f   xhb:hvm.obj
 0001:0002aa50       _HB_FUN_LEN                0042ba50 f   xhb:len.obj
 0001:0002b970       _HB_FUN_ERRORNEW           0042c970 f   xhb:errorapi.obj
 0001:0002bb80       _HB_FUN___ERRINHANDLER     0042cb80 f   xhb:errorapi.obj
 0001:0002bba0       _HB_FUN_ERRORBLOCK         0042cba0 f   xhb:errorapi.obj
 0001:0002bbe0       _hb_errorBlock             0042cbe0 f   xhb:errorapi.obj
 0001:0002bc10       _hb_errorHandler           0042cc10 f   xhb:errorapi.obj
 0001:0002bc40       _HB_FUN_DOSERROR           0042cc40 f   xhb:errorapi.obj
 0001:0002bc80       _hb_errInit                0042cc80 f   xhb:errorapi.obj
 0001:0002bcf0       _hb_errExit                0042ccf0 f   xhb:errorapi.obj
 0001:0002bd20       _hb_errNew                 0042cd20 f   xhb:errorapi.obj
 0001:0002be70       _hb_errLaunch              0042ce70 f   xhb:errorapi.obj
 0001:0002c100       _hb_errLaunchSubst         0042d100 f   xhb:errorapi.obj
 0001:0002c2d0       _hb_errRelease             0042d2d0 f   xhb:errorapi.obj
 0001:0002c2e0       _hb_errGetCargo            0042d2e0 f   xhb:errorapi.obj
 0001:0002c300       _hb_errPutCargo            0042d300 f   xhb:errorapi.obj
 0001:0002c320       _hb_errGetArgs             0042d320 f   xhb:errorapi.obj
 0001:0002c340       _hb_errPutArgsArray        0042d340 f   xhb:errorapi.obj
 0001:0002c360       _hb_errGetDescription      0042d360 f   xhb:errorapi.obj
 0001:0002c380       _hb_errPutDescription      0042d380 f   xhb:errorapi.obj
 0001:0002c3a0       _hb_errGetFileName         0042d3a0 f   xhb:errorapi.obj
 0001:0002c3c0       _hb_errPutFileName         0042d3c0 f   xhb:errorapi.obj
 0001:0002c3e0       _hb_errGetGenCode          0042d3e0 f   xhb:errorapi.obj
 0001:0002c400       _hb_errPutGenCode          0042d400 f   xhb:errorapi.obj
 0001:0002c420       _hb_errGetOperation        0042d420 f   xhb:errorapi.obj
 0001:0002c440       _hb_errPutOperation        0042d440 f   xhb:errorapi.obj
 0001:0002c490       _hb_errGetOsCode           0042d490 f   xhb:errorapi.obj
 0001:0002c4b0       _hb_errPutOsCode           0042d4b0 f   xhb:errorapi.obj
 0001:0002c4d0       _hb_errGetSeverity         0042d4d0 f   xhb:errorapi.obj
 0001:0002c4f0       _hb_errPutSeverity         0042d4f0 f   xhb:errorapi.obj
 0001:0002c510       _hb_errGetSubCode          0042d510 f   xhb:errorapi.obj
 0001:0002c530       _hb_errPutSubCode          0042d530 f   xhb:errorapi.obj
 0001:0002c550       _hb_errGetSubSystem        0042d550 f   xhb:errorapi.obj
 0001:0002c570       _hb_errPutSubSystem        0042d570 f   xhb:errorapi.obj
 0001:0002c590       _hb_errGetProcName         0042d590 f   xhb:errorapi.obj
 0001:0002c5b0       _hb_errPutProcName         0042d5b0 f   xhb:errorapi.obj
 0001:0002c5d0       _hb_errGetProcLine         0042d5d0 f   xhb:errorapi.obj
 0001:0002c5f0       _hb_errPutProcLine         0042d5f0 f   xhb:errorapi.obj
 0001:0002c610       _hb_errGetThreadId         0042d610 f   xhb:errorapi.obj
 0001:0002c630       _hb_errPutThreadId         0042d630 f   xhb:errorapi.obj
 0001:0002c650       _hb_errGetRunningThreads   0042d650 f   xhb:errorapi.obj
 0001:0002c670       _hb_errPutRunningThreads   0042d670 f   xhb:errorapi.obj
 0001:0002c690       _hb_errGetVmThreadId       0042d690 f   xhb:errorapi.obj
 0001:0002c6b0       _hb_errPutVmThreadId       0042d6b0 f   xhb:errorapi.obj
 0001:0002c6d0       _hb_errGetModuleName       0042d6d0 f   xhb:errorapi.obj
 0001:0002c6f0       _hb_errPutModuleName       0042d6f0 f   xhb:errorapi.obj
 0001:0002c710       _hb_errGetCallStack        0042d710 f   xhb:errorapi.obj
 0001:0002c730       _hb_errPutCallStack        0042d730 f   xhb:errorapi.obj
 0001:0002c750       _hb_errGetTries            0042d750 f   xhb:errorapi.obj
 0001:0002c770       _hb_errPutTries            0042d770 f   xhb:errorapi.obj
 0001:0002c790       _hb_errGetFlags            0042d790 f   xhb:errorapi.obj
 0001:0002c7b0       _hb_errPutFlags            0042d7b0 f   xhb:errorapi.obj
 0001:0002c840       _hb_errPutArgs             0042d840 f   xhb:errorapi.obj
 0001:0002c890       _hb_errRT_New              0042d890 f   xhb:errorapi.obj
 0001:0002c960       _hb_errRT_New_Subst        0042d960 f   xhb:errorapi.obj
 0001:0002ca40       _hb_errRT_SubstParams      0042da40 f   xhb:errorapi.obj
 0001:0002cac0       _hb_errRT_FileError        0042dac0 f   xhb:errorapi.obj
 0001:0002cb80       _HB_FUN___ERRRT_BASE       0042db80 f   xhb:errorapi.obj
 0001:0002cbf0       _HB_FUN___ERRRT_SBASE      0042dbf0 f   xhb:errorapi.obj
 0001:0002cc60       _hb_errRT_BASE             0042dc60 f   xhb:errorapi.obj
 0001:0002cd50       _hb_errRT_BASE_Ext1        0042dd50 f   xhb:errorapi.obj
 0001:0002ce50       _hb_errRT_BASE_Subst       0042de50 f   xhb:errorapi.obj
 0001:0002cf40       _hb_errRT_BASE_SubstR      0042df40 f   xhb:errorapi.obj
 0001:0002d030       _hb_errRT_TERM             0042e030 f   xhb:errorapi.obj
 0001:0002d080       _hb_errRT_DBCMD            0042e080 f   xhb:errorapi.obj
 0001:0002d0e0       _hb_errRT_DBCMD_Ext        0042e0e0 f   xhb:errorapi.obj
 0001:0002d130       _hb_errRT_TOOLS            0042e130 f   xhb:errorapi.obj
 0001:0002d180       _hb_errInternal            0042e180 f   xhb:errorapi.obj
 0001:0002d320       _HB_FUN_BREAK              0042e320 f   xhb:break.obj
 0001:0002d340       _HB_FUN_EMPTY              0042e340 f   xhb:empty.obj
 0001:0002dbf0       _HB_FUN_CTOD               0042ebf0 f   xhb:dateshb.obj
 0001:0002dc80       _HB_FUN_DTOC               0042ec80 f   xhb:dateshb.obj
 0001:0002dcf0       _HB_FUN_DTOS               0042ecf0 f   xhb:dateshb.obj
 0001:0002dd50       _HB_FUN_STOD               0042ed50 f   xhb:dateshb.obj
 0001:0002ddc0       _HB_FUN_YEAR               0042edc0 f   xhb:dateshb.obj
 0001:0002de30       _HB_FUN_MONTH              0042ee30 f   xhb:dateshb.obj
 0001:0002dea0       _HB_FUN_DAY                0042eea0 f   xhb:dateshb.obj
 0001:0002df10       _HB_FUN_TIME               0042ef10 f   xhb:dateshb.obj
 0001:0002df40       _HB_FUN_TIMEOFDAY          0042ef40 f   xhb:dateshb.obj
 0001:0002dfd0       _HB_FUN_DATE               0042efd0 f   xhb:dateshb.obj
 0001:0002e010       _HB_FUN_DOW                0042f010 f   xhb:dateshb.obj
 0001:0002e070       _HB_FUN_DATETIME           0042f070 f   xhb:dateshb.obj
 0001:0002e160       _HB_FUN_TTOD               0042f160 f   xhb:dateshb.obj
 0001:0002e1b0       _HB_FUN_TTOS               0042f1b0 f   xhb:dateshb.obj
 0001:0002e210       _HB_FUN_TTOC               0042f210 f   xhb:dateshb.obj
 0001:0002e2f0       _HB_FUN_HOUR               0042f2f0 f   xhb:dateshb.obj
 0001:0002e360       _HB_FUN_MINUTE             0042f360 f   xhb:dateshb.obj
 0001:0002e3d0       _HB_FUN_SECS               0042f3d0 f   xhb:dateshb.obj
 0001:0002e430       _HB_FUN_CTOT               0042f430 f   xhb:dateshb.obj
 0001:0002e5c0       _HB_FUN_STOT               0042f5c0 f   xhb:dateshb.obj
 0001:0002e690       _HB_FUN_HMS2D              0042f690 f   xhb:dateshb.obj
 0001:0002e6f0       _HB_FUN_SUBSTR             0042f6f0 f   xhb:substr.obj
 0001:0002e860       _HB_FUN_STRTRAN            0042f860 f   xhb:strtran.obj
 0001:0002ebc0       _HB_FUN_FILE               0042fbc0 f   xhb:filehb.obj
 0001:0002ebf0       _HB_FUN_ISDIRECTORY        0042fbf0 f   xhb:filehb.obj
 0001:0002ec20       _HB_FUN_DIRCHANGE          0042fc20 f   xhb:dirdrive.obj
 0001:0002ec80       _HB_FUN_MAKEDIR            0042fc80 f   xhb:dirdrive.obj
 0001:0002ece0       _HB_FUN_DIRREMOVE          0042fce0 f   xhb:dirdrive.obj
 0001:0002ed40       _HB_FUN_ISDISK             0042fd40 f   xhb:dirdrive.obj
 0001:0002edf0       _HB_FUN_DISKCHANGE         0042fdf0 f   xhb:dirdrive.obj
 0001:0002eea0       _HB_FUN_DISKNAME           0042fea0 f   xhb:dirdrive.obj
 0001:0002eee0       _Base64Encode              0042fee0 f   xhb:base64.obj
 0001:0002f070       _Base64Decode              00430070 f   xhb:base64.obj
 0001:0002f350       _HB_FUN_HB_BASE64ENCODE    00430350 f   xhb:base64.obj
 0001:0002f390       _HB_FUN_HB_BASE64DECODE    00430390 f   xhb:base64.obj
 0001:0002f460       _HB_FUN_HB_BASE64ENCODEFILE 00430460 f   xhb:base64.obj
 0001:0002f520       _HB_FUN_HB_BASE64DECODEFILE 00430520 f   xhb:base64.obj
 0001:0002f5d0       _HB_FUN_FOPEN              004305d0 f   xhb:philes.obj
 0001:0002f670       _HB_FUN_FCREATE            00430670 f   xhb:philes.obj
 0001:0002f700       _HB_FUN_HB_FCREATE         00430700 f   xhb:philes.obj
 0001:0002f7c0       _HB_FUN_FREAD              004307c0 f   xhb:philes.obj
 0001:0002f8b0       _HB_FUN_FWRITE             004308b0 f   xhb:philes.obj
 0001:0002f980       _HB_FUN_FERROR             00430980 f   xhb:philes.obj
 0001:0002f9b0       _HB_FUN_FCLOSE             004309b0 f   xhb:philes.obj
 0001:0002fa20       _HB_FUN_FERASE             00430a20 f   xhb:philes.obj
 0001:0002fa80       _HB_FUN_FRENAME            00430a80 f   xhb:philes.obj
 0001:0002fb00       _HB_FUN_FSEEK              00430b00 f   xhb:philes.obj
 0001:0002fbc0       _HB_FUN_FREADSTR           00430bc0 f   xhb:philes.obj
 0001:0002fc70       _HB_FUN_CURDIR             00430c70 f   xhb:philes.obj
 0001:0002fcf0       _HB_FUN_HB_F_EOF           00430cf0 f   xhb:philes.obj
 0001:0002fd40       _HB_FUN_CURDIRX            00430d40 f   xhb:philes.obj
 0001:0002fe10       _HB_FUN_HB_FCOMMIT         00430e10 f   xhb:philes.obj
 0001:0002fe50       _HB_FUN_HB_FLOCK           00430e50 f   xhb:philes.obj
 0001:0002ff20       _HB_FUN_HB_FUNLOCK         00430f20 f   xhb:philes.obj
 0001:0002ffd0       _HB_FUN_HB_OSERROR         00430fd0 f   xhb:philes.obj
 0001:0002fff0       _HB_FUN_HB_OSPATHSEPARATOR 00430ff0 f   xhb:philes.obj
 0001:00030000       _HB_FUN_HB_OSPATHLISTSEPARATOR 00431000 f   xhb:philes.obj
 0001:00030010       _HB_FUN_HB_OSPATHDELIMITERS 00431010 f   xhb:philes.obj
 0001:00030020       _HB_FUN_HB_OSDRIVESEPARATOR 00431020 f   xhb:philes.obj
 0001:00030030       _HB_FUN_HB_OSFILEMASK      00431030 f   xhb:philes.obj
 0001:00030040       _HB_FUN_HB_OPENPROCESS     00431040 f   xhb:philes.obj
 0001:00030380       _HB_FUN_HB_CLOSEPROCESS    00431380 f   xhb:philes.obj
 0001:00030430       _HB_FUN_HB_PROCESSVALUE    00431430 f   xhb:philes.obj
 0001:000304e0       _HB_FUN_MEMOREAD           004314e0 f   xhb:memofile.obj
 0001:000306a0       _HB_FUN_HB_MEMOWRIT        004316a0 f   xhb:memofile.obj
 0001:000306c0       _HB_FUN_MEMOWRIT           004316c0 f   xhb:memofile.obj
 0001:00030710       _HB_FUN_VAL                00431710 f   xhb:val.obj
 0001:00030800       _HB_FUN_CREATEOBJECT       00431800 f   xhb:win32ole.obj
 0001:00030820       _HB_FUN_GETACTIVEOBJECT    00431820 f   xhb:win32ole.obj
 0001:00030840       _HB_FUN_OLEDEFAULTARG      00431840 f   xhb:win32ole.obj
 0001:00030860       _HB_FUN_VTWRAPPER          00431860 f   xhb:win32ole.obj
 0001:000308a0       _HB_FUN_VTARRAYWRAPPER     004318a0 f   xhb:win32ole.obj
 0001:00030900       _HB_FUN_TOLEAUTO           00431900 f   xhb:win32ole.obj
 0001:00030d60       _hb_selectWriteExceptSocket 00431d60 f   xhb:inet.obj
 0001:000311d0       _HB_FUN_INETINIT           004321d0 f   xhb:inet.obj
 0001:00031210       _HB_FUN_INETCLEANUP        00432210 f   xhb:inet.obj
 0001:00031230       _HB_FUN_INETCREATE         00432230 f   xhb:inet.obj
 0001:000312b0       _HB_FUN_INETCLOSE          004322b0 f   xhb:inet.obj
 0001:00031330       _HB_FUN_INETDESTROY        00432330 f   xhb:inet.obj
 0001:00031340       _HB_FUN_INETSTATUS         00432340 f   xhb:inet.obj
 0001:000313b0       _HB_FUN_INETERRORCODE      004323b0 f   xhb:inet.obj
 0001:00031410       _HB_FUN_INETERRORDESC      00432410 f   xhb:inet.obj
 0001:00031470       _HB_FUN_INETCLEARERROR     00432470 f   xhb:inet.obj
 0001:000314d0       _HB_FUN_INETCOUNT          004324d0 f   xhb:inet.obj
 0001:00031530       _HB_FUN_INETADDRESS        00432530 f   xhb:inet.obj
 0001:000315a0       _HB_FUN_INETPORT           004325a0 f   xhb:inet.obj
 0001:00031600       _HB_FUN_INETSETTIMEOUT     00432600 f   xhb:inet.obj
 0001:00031680       _HB_FUN_INETGETTIMEOUT     00432680 f   xhb:inet.obj
 0001:000316e0       _HB_FUN_INETCLEARTIMEOUT   004326e0 f   xhb:inet.obj
 0001:00031730       _HB_FUN_INETSETTIMELIMIT   00432730 f   xhb:inet.obj
 0001:000317b0       _HB_FUN_INETGETTIMELIMIT   004327b0 f   xhb:inet.obj
 0001:00031810       _HB_FUN_INETCLEARTIMELIMIT 00432810 f   xhb:inet.obj
 0001:00031860       _HB_FUN_INETSETPERIODCALLBACK 00432860 f   xhb:inet.obj
 0001:000318f0       _HB_FUN_INETGETPERIODCALLBACK 004328f0 f   xhb:inet.obj
 0001:00031950       _HB_FUN_INETCLEARPERIODCALLBACK 00432950 f   xhb:inet.obj
 0001:000319b0       _HB_FUN_INETGETSNDBUFSIZE  004329b0 f   xhb:inet.obj
 0001:00031a30       _HB_FUN_INETGETRCVBUFSIZE  00432a30 f   xhb:inet.obj
 0001:00031ab0       _HB_FUN_INETSETSNDBUFSIZE  00432ab0 f   xhb:inet.obj
 0001:00031b40       _HB_FUN_INETSETRCVBUFSIZE  00432b40 f   xhb:inet.obj
 0001:00031e00       _HB_FUN_INETRECV           00432e00 f   xhb:inet.obj
 0001:00031e20       _HB_FUN_INETRECVALL        00432e20 f   xhb:inet.obj
 0001:00032110       _HB_FUN_INETRECVLINE       00433110 f   xhb:inet.obj
 0001:00032130       _HB_FUN_INETRECVENDBLOCK   00433130 f   xhb:inet.obj
 0001:00032690       _HB_FUN_INETDATAREADY      00433690 f   xhb:inet.obj
 0001:00032a10       _HB_FUN_INETSEND           00433a10 f   xhb:inet.obj
 0001:00032a30       _HB_FUN_INETSENDALL        00433a30 f   xhb:inet.obj
 0001:00032a50       _HB_FUN_INETGETHOSTS       00433a50 f   xhb:inet.obj
 0001:00032b10       _HB_FUN_INETGETALIAS       00433b10 f   xhb:inet.obj
 0001:00032bd0       _HB_FUN_INETSERVER         00433bd0 f   xhb:inet.obj
 0001:00032e40       _HB_FUN_INETACCEPT         00433e40 f   xhb:inet.obj
 0001:00032fd0       _HB_FUN_INETCONNECT        00433fd0 f   xhb:inet.obj
 0001:000331a0       _HB_FUN_INETCONNECTIP      004341a0 f   xhb:inet.obj
 0001:00033360       _HB_FUN_INETDGRAMBIND      00434360 f   xhb:inet.obj
 0001:000335c0       _HB_FUN_INETDGRAM          004345c0 f   xhb:inet.obj
 0001:000336a0       _HB_FUN_INETDGRAMSEND      004346a0 f   xhb:inet.obj
 0001:00033850       _HB_FUN_INETDGRAMRECV      00434850 f   xhb:inet.obj
 0001:00033a30       _HB_FUN_INETCRLF           00434a30 f   xhb:inet.obj
 0001:00033a40       _HB_FUN_INETISSOCKET       00434a40 f   xhb:inet.obj
 0001:00033a70       _HB_FUN___QUIT             00434a70 f   xhb:initexit.obj
 0001:000342a0       _hb_set_SetPrinterStart    004352a0 f   xhb:set.obj
 0001:00034300       _hb_set_SetPrinterStop     00435300 f   xhb:set.obj
 0001:00034350       _hb_setSetCentury          00435350 f   xhb:set.obj
 0001:00034500       _HB_FUN___SETCENTURY       00435500 f   xhb:set.obj
 0001:00034560       _HB_FUN_SETCANCEL          00435560 f   xhb:set.obj
 0001:000345b0       _HB_FUN_SET                004355b0 f   xhb:set.obj
 0001:00036980       _hb_setInitialize          00437980 f   xhb:set.obj
 0001:00036e20       _hb_setRelease             00437e20 f   xhb:set.obj
 0001:00037100       _hb_setClone               00438100 f   xhb:set.obj
 0001:00037330       _hb_setListenerAdd         00438330 f   xhb:set.obj
 0001:000373b0       _hb_setListenerNotify      004383b0 f   xhb:set.obj
 0001:000373e0       _hb_setListenerRemove      004383e0 f   xhb:set.obj
 0001:00037680       _hb_setSetItem             00438680 f   xhb:set.obj
 0001:000386b0       _hb_setSetItem2            004396b0 f   xhb:set.obj
 0001:000387a0       _hb_setGetL                004397a0 f   xhb:set.obj
 0001:00038980       _hb_setGetCPtr             00439980 f   xhb:set.obj
 0001:00038a90       _hb_setGetNI               00439a90 f   xhb:set.obj
 0001:00038b90       _hb_setGetNL               00439b90 f   xhb:set.obj
 0001:00038ba0       _hb_setGetFirstSetPath     00439ba0 f   xhb:set.obj
 0001:00038bb0       _hb_setGetAltHan           00439bb0 f   xhb:set.obj
 0001:00038bc0       _hb_setGetCentury          00439bc0 f   xhb:set.obj
 0001:00038bd0       _hb_setGetExtraHan         00439bd0 f   xhb:set.obj
 0001:00038be0       _hb_setGetPrintHan         00439be0 f   xhb:set.obj
 0001:00038bf0       _hb_setGetAlternate        00439bf0 f   xhb:set.obj
 0001:00038c00       _hb_setGetAltFile          00439c00 f   xhb:set.obj
 0001:00038c10       _hb_setGetAutOpen          00439c10 f   xhb:set.obj
 0001:00038c20       _hb_setGetAutOrder         00439c20 f   xhb:set.obj
 0001:00038c30       _hb_setGetAutoShare        00439c30 f   xhb:set.obj
 0001:00038c40       _hb_setGetBell             00439c40 f   xhb:set.obj
 0001:00038c50       _hb_setGetCancel           00439c50 f   xhb:set.obj
 0001:00038c60       _hb_setGetColor            00439c60 f   xhb:set.obj
 0001:00038c70       _hb_setGetConfirm          00439c70 f   xhb:set.obj
 0001:00038c80       _hb_setGetConsole          00439c80 f   xhb:set.obj
 0001:00038c90       _hb_setGetDateFormat       00439c90 f   xhb:set.obj
 0001:00038ca0       _hb_setGetTimeFormat       00439ca0 f   xhb:set.obj
 0001:00038cb0       _hb_setGetDebug            00439cb0 f   xhb:set.obj
 0001:00038cc0       _hb_setGetDecimals         00439cc0 f   xhb:set.obj
 0001:00038cd0       _hb_setGetDefault          00439cd0 f   xhb:set.obj
 0001:00038ce0       _hb_setGetDeleted          00439ce0 f   xhb:set.obj
 0001:00038cf0       _hb_setGetDelimChars       00439cf0 f   xhb:set.obj
 0001:00038d00       _hb_setGetDelimiters       00439d00 f   xhb:set.obj
 0001:00038d10       _hb_setGetDevice           00439d10 f   xhb:set.obj
 0001:00038d20       _hb_setGetEOF              00439d20 f   xhb:set.obj
 0001:00038d30       _hb_setGetEpoch            00439d30 f   xhb:set.obj
 0001:00038d40       _hb_setGetEscape           00439d40 f   xhb:set.obj
 0001:00038d50       _hb_setGetEventMask        00439d50 f   xhb:set.obj
 0001:00038d60       _hb_setGetExact            00439d60 f   xhb:set.obj
 0001:00038d70       _hb_setGetExclusive        00439d70 f   xhb:set.obj
 0001:00038d80       _hb_setGetExit             00439d80 f   xhb:set.obj
 0001:00038d90       _hb_setGetExtra            00439d90 f   xhb:set.obj
 0001:00038da0       _hb_setGetExtraFile        00439da0 f   xhb:set.obj
 0001:00038db0       _hb_setGetFixed            00439db0 f   xhb:set.obj
 0001:00038dc0       _hb_setGetIdleRepeat       00439dc0 f   xhb:set.obj
 0001:00038dd0       _hb_setGetInsert           00439dd0 f   xhb:set.obj
 0001:00038de0       _hb_setGetIntensity        00439de0 f   xhb:set.obj
 0001:00038df0       _hb_setGetPath             00439df0 f   xhb:set.obj
 0001:00038e00       _hb_setGetMargin           00439e00 f   xhb:set.obj
 0001:00038e10       _hb_setGetMBlockSize       00439e10 f   xhb:set.obj
 0001:00038e20       _hb_setGetMCenter          00439e20 f   xhb:set.obj
 0001:00038e30       _hb_setGetMessage          00439e30 f   xhb:set.obj
 0001:00038e40       _hb_setGetMFileExt         00439e40 f   xhb:set.obj
 0001:00038e50       _hb_setGetOptimize         00439e50 f   xhb:set.obj
 0001:00038e60       _hb_setGetPrinter          00439e60 f   xhb:set.obj
 0001:00038e70       _hb_setGetPrintFile        00439e70 f   xhb:set.obj
 0001:00038e80       _hb_setGetScoreBoard       00439e80 f   xhb:set.obj
 0001:00038e90       _hb_setGetScrollBreak      00439e90 f   xhb:set.obj
 0001:00038ea0       _hb_setGetSoftSeek         00439ea0 f   xhb:set.obj
 0001:00038eb0       _hb_setGetStrictRead       00439eb0 f   xhb:set.obj
 0001:00038ec0       _hb_setGetTypeAhead        00439ec0 f   xhb:set.obj
 0001:00038ed0       _hb_setGetUnique           00439ed0 f   xhb:set.obj
 0001:00038ee0       _hb_setGetFileCase         00439ee0 f   xhb:set.obj
 0001:00038ef0       _hb_setGetDirCase          00439ef0 f   xhb:set.obj
 0001:00038f00       _hb_setGetDirSeparator     00439f00 f   xhb:set.obj
 0001:00038f10       _hb_setGetVideoMode        00439f10 f   xhb:set.obj
 0001:00038f20       _hb_setGetWrap             00439f20 f   xhb:set.obj
 0001:00038f30       _hb_setGetDBFLockScheme    00439f30 f   xhb:set.obj
 0001:00038f40       _hb_setGetHardCommit       00439f40 f   xhb:set.obj
 0001:00038f50       _hb_setGetForceOpt         00439f50 f   xhb:set.obj
 0001:00038f60       _hb_setGetDefExtension     00439f60 f   xhb:set.obj
 0001:00038f70       _hb_setGetEOL              00439f70 f   xhb:set.obj
 0001:00038f80       _hb_setGetTrimFileName     00439f80 f   xhb:set.obj
 0001:00038f90       _hb_setGetOSCODEPAGE       00439f90 f   xhb:set.obj
 0001:00038fa0       _hb_osEncodeCP             00439fa0 f   xhb:set.obj
 0001:00039060       _hb_osDecodeCP             0043a060 f   xhb:set.obj
 0001:00039120       _hb_setGetAppendError      0043a120 f   xhb:set.obj
 0001:00039130       _hb_setGetErrorLog         0043a130 f   xhb:set.obj
 0001:00039140       _hb_setGetTrace            0043a140 f   xhb:set.obj
 0001:00039150       _hb_setGetTraceFile        0043a150 f   xhb:set.obj
 0001:00039160       _hb_setGetTraceStack       0043a160 f   xhb:set.obj
 0001:00039170       _hb_setGetErrorLoop        0043a170 f   xhb:set.obj
 0001:00039180       _hb_setGetOutputSafety     0043a180 f   xhb:set.obj
 0001:00039190       _hb_setGetBackgroundTasks  0043a190 f   xhb:set.obj
 0001:000391a0       _hb_setGetWinPrinter       0043a1a0 f   xhb:set.obj
 0001:000391b0       _hb_setGetWinHan           0043a1b0 f   xhb:set.obj
 0001:000391c0       _hb_setGetPrinterJob       0043a1c0 f   xhb:set.obj
 0001:000391d0       _hb_setGetBackGroundTick   0043a1d0 f   xhb:set.obj
 0001:000391e0       _hb_setGetWorkareasShared  0043a1e0 f   xhb:set.obj
 0001:000391f0       _hb_winmainArgInit         0043a1f0 f   xhb:cmdarg.obj
 0001:00039220       _hb_winmainArgGet          0043a220 f   xhb:cmdarg.obj
 0001:00039260       _hb_cmdargInit             0043a260 f   xhb:cmdarg.obj
 0001:00039280       _hb_cmdargARGC             0043a280 f   xhb:cmdarg.obj
 0001:00039290       _hb_cmdargARGV             0043a290 f   xhb:cmdarg.obj
 0001:000392a0       _hb_cmdargIsInternal       0043a2a0 f   xhb:cmdarg.obj
 0001:000394f0       _hb_cmdargCheck            0043a4f0 f   xhb:cmdarg.obj
 0001:00039520       _hb_cmdargString           0043a520 f   xhb:cmdarg.obj
 0001:00039540       _hb_cmdargNum              0043a540 f   xhb:cmdarg.obj
 0001:00039580       _HB_FUN_HB_ARGCHECK        0043a580 f   xhb:cmdarg.obj
 0001:000395c0       _HB_FUN_HB_ARGSTRING       0043a5c0 f   xhb:cmdarg.obj
 0001:00039610       _HB_FUN_HB_ARGC            0043a610 f   xhb:cmdarg.obj
 0001:00039630       _HB_FUN_HB_ARGV            0043a630 f   xhb:cmdarg.obj
 0001:00039690       _hb_cmdargProcessVM        0043a690 f   xhb:cmdarg.obj
 0001:00039890       _hb_verCvsID               0043a890 f   xhb:cmdarg.obj
 0001:000398a0       _hb_verCvsChangeLogID      0043a8a0 f   xhb:cmdarg.obj
 0001:000398b0       _hb_verCvsLastEntry        0043a8b0 f   xhb:cmdarg.obj
 0001:000398c0       _hb_verFlagsC              0043a8c0 f   xhb:cmdarg.obj
 0001:000398d0       _hb_verFlagsL              0043a8d0 f   xhb:cmdarg.obj
 0001:000398e0       _hb_verFlagsPRG            0043a8e0 f   xhb:cmdarg.obj
 0001:000398f0       _HB_FUN_HB_CMDARGARGV      0043a8f0 f   xhb:cmdarg.obj
 0001:00039d30       _hb_dbgEntry               0043ad30 f   xhb:dbgentry.obj
 0001:0003a1e0       _hb_dbgAddBreak            0043b1e0 f   xhb:dbgentry.obj
 0001:0003a980       _hb_dbgAddWatch            0043b980 f   xhb:dbgentry.obj
 0001:0003aad0       _hb_dbgDelBreak            0043bad0 f   xhb:dbgentry.obj
 0001:0003ab60       _hb_dbgDelWatch            0043bb60 f   xhb:dbgentry.obj
 0001:0003bb90       _hb_dbgGetExpressionValue  0043cb90 f   xhb:dbgentry.obj
 0001:0003bbe0       _hb_dbgGetSourceFiles      0043cbe0 f   xhb:dbgentry.obj
 0001:0003bc50       _hb_dbgGetWatchValue       0043cc50 f   xhb:dbgentry.obj
 0001:0003bd10       _hb_dbgIsValidStopLine     0043cd10 f   xhb:dbgentry.obj
 0001:0003bf60       _hb_dbgSetCBTrace          0043cf60 f   xhb:dbgentry.obj
 0001:0003bf70       _hb_dbgSetGo               0043cf70 f   xhb:dbgentry.obj
 0001:0003bf90       _hb_dbgSetInvoke           0043cf90 f   xhb:dbgentry.obj
 0001:0003bfa0       _hb_dbgSetNextRoutine      0043cfa0 f   xhb:dbgentry.obj
 0001:0003bfc0       _hb_dbgSetQuit             0043cfc0 f   xhb:dbgentry.obj
 0001:0003bfd0       _hb_dbgSetToCursor         0043cfd0 f   xhb:dbgentry.obj
 0001:0003c000       _hb_dbgSetTrace            0043d000 f   xhb:dbgentry.obj
 0001:0003c020       _hb_dbgSetWatch            0043d020 f   xhb:dbgentry.obj
 0001:0003c2d0       _HB_FUN_HB_DBG_SETENTRY    0043d2d0 f   xhb:dbgentry.obj
 0001:0003c2e0       _HB_FUN_HB_DBG_SETGO       0043d2e0 f   xhb:dbgentry.obj
 0001:0003c300       _HB_FUN_HB_DBG_SETTRACE    0043d300 f   xhb:dbgentry.obj
 0001:0003c320       _HB_FUN_HB_DBG_SETCBTRACE  0043d320 f   xhb:dbgentry.obj
 0001:0003c350       _HB_FUN_HB_DBG_SETNEXTROUTINE 0043d350 f   xhb:dbgentry.obj
 0001:0003c370       _HB_FUN_HB_DBG_SETQUIT     0043d370 f   xhb:dbgentry.obj
 0001:0003c390       _HB_FUN_HB_DBG_SETTOCURSOR 0043d390 f   xhb:dbgentry.obj
 0001:0003c3d0       _HB_FUN_HB_DBG_GETEXPRVALUE 0043d3d0 f   xhb:dbgentry.obj
 0001:0003c480       _HB_FUN_HB_DBG_GETSOURCEFILES 0043d480 f   xhb:dbgentry.obj
 0001:0003c4b0       _HB_FUN_HB_DBG_ISVALIDSTOPLINE 0043d4b0 f   xhb:dbgentry.obj
 0001:0003c500       _HB_FUN_HB_DBG_ADDBREAK    0043d500 f   xhb:dbgentry.obj
 0001:0003c540       _HB_FUN_HB_DBG_DELBREAK    0043d540 f   xhb:dbgentry.obj
 0001:0003c570       _HB_FUN_HB_DBG_ADDWATCH    0043d570 f   xhb:dbgentry.obj
 0001:0003c5b0       _HB_FUN_HB_DBG_DELWATCH    0043d5b0 f   xhb:dbgentry.obj
 0001:0003c5e0       _HB_FUN_HB_DBG_SETWATCH    0043d5e0 f   xhb:dbgentry.obj
 0001:0003c630       _HB_FUN_AT                 0043d630 f   xhb:at.obj
 0001:0003c790       _hb_AtSkipStrings          0043d790 f   xhb:at.obj
 0001:0003c940       _HB_FUN_ATSKIPSTRINGS      0043d940 f   xhb:at.obj
 0001:0003c9d0       _HB_FUN_LEFT               0043d9d0 f   xhb:left.obj
 0001:0003cab0       _HB_FUN_ISALPHA            0043dab0 f   xhb:is.obj
 0001:0003cb60       _HB_FUN_ISDIGIT            0043db60 f   xhb:is.obj
 0001:0003cbb0       _HB_FUN_ISUPPER            0043dbb0 f   xhb:is.obj
 0001:0003cc30       _HB_FUN_ISLOWER            0043dc30 f   xhb:is.obj
 0001:0003ccb0       _HB_FUN_ISALNUM            0043dcb0 f   xhb:is.obj
 0001:0003cd20       _HB_FUN_ISCNTRL            0043dd20 f   xhb:is.obj
 0001:0003cd60       _HB_FUN_ISGRAPH            0043dd60 f   xhb:is.obj
 0001:0003cda0       _HB_FUN_ISPRINT            0043dda0 f   xhb:is.obj
 0001:0003cde0       _HB_FUN_ISPUNCT            0043dde0 f   xhb:is.obj
 0001:0003ce20       _HB_FUN_ISSPACE            0043de20 f   xhb:is.obj
 0001:0003ce60       _HB_FUN_ISXDIGIT           0043de60 f   xhb:is.obj
 0001:0003cea0       _HB_FUN_ISASCII            0043dea0 f   xhb:is.obj
 0001:0003cee0       _hb_strLower               0043dee0 f   xhb:strcase.obj
 0001:0003cf60       _hb_strLowerCopy           0043df60 f   xhb:strcase.obj
 0001:0003d000       _hb_strUpperCopy           0043e000 f   xhb:strcase.obj
 0001:0003d0a0       _hb_strUpper               0043e0a0 f   xhb:strcase.obj
 0001:0003d120       _hb_charLower              0043e120 f   xhb:strcase.obj
 0001:0003d170       _hb_charUpper              0043e170 f   xhb:strcase.obj
 0001:0003d1c0       _HB_FUN_LOWER              0043e1c0 f   xhb:strcase.obj
 0001:0003d230       _HB_FUN_UPPER              0043e230 f   xhb:strcase.obj
 0001:0003d2e0       _HB_FUN_CSTR               0043e2e0 f   xhb:cstr.obj
 0001:0003d300       _HB_FUN_CSTRTOVAL          0043e300 f   xhb:cstr.obj
 0001:0003d320       _HB_FUN_STRINGTOLITERAL    0043e320 f   xhb:cstr.obj
 0001:0003d340       _HB_FUN_VALTOPRG           0043e340 f   xhb:cstr.obj
 0001:0003d360       _HB_FUN_VALTOPRGEXP        0043e360 f   xhb:cstr.obj
 0001:0003d380       _HB_FUN_PRGEXPTOVAL        0043e380 f   xhb:cstr.obj
 0001:0003d3a0       _HB_FUN_VALTOARRAY         0043e3a0 f   xhb:cstr.obj
 0001:0003d3c0       _HB_FUN_VALTOBLOCK         0043e3c0 f   xhb:cstr.obj
 0001:0003d3e0       _HB_FUN_VALTOCHARACTER     0043e3e0 f   xhb:cstr.obj
 0001:0003d400       _HB_FUN_VALTODATE          0043e400 f   xhb:cstr.obj
 0001:0003d420       _HB_FUN_VALTOHASH          0043e420 f   xhb:cstr.obj
 0001:0003d440       _HB_FUN_VALTOLOGICAL       0043e440 f   xhb:cstr.obj
 0001:0003d460       _HB_FUN_VALTONUMBER        0043e460 f   xhb:cstr.obj
 0001:0003d480       _HB_FUN_VALTOOBJECT        0043e480 f   xhb:cstr.obj
 0001:0003d4a0       _HB_FUN_VALTOTYPE          0043e4a0 f   xhb:cstr.obj
 0001:0003d5a0       _HB_FUN_HB_DBG_VMSTKGCOUNT 0043e5a0 f   xhb:debug.obj
 0001:0003d5c0       _HB_FUN_HB_DBG_VMSTKGLIST  0043e5c0 f   xhb:debug.obj
 0001:0003d6a0       _HB_FUN_HB_DBG_VMSTKLCOUNT 0043e6a0 f   xhb:debug.obj
 0001:0003d6d0       _HB_FUN_HB_DBG_VMSTKLLIST  0043e6d0 f   xhb:debug.obj
 0001:0003d760       _HB_FUN_HB_DBG_VMPARLLIST  0043e760 f   xhb:debug.obj
 0001:0003d820       _hb_dbg_vmVarLGet          0043e820 f   xhb:debug.obj
 0001:0003d8b0       _HB_FUN_HB_DBG_VMVARLGET   0043e8b0 f   xhb:debug.obj
 0001:0003d920       _HB_FUN_HB_DBG_VMVARLSET   0043e920 f   xhb:debug.obj
 0001:0003d9c0       _HB_FUN___VMSTKLCOUNT      0043e9c0 f   xhb:debug.obj
 0001:0003d9d0       _HB_FUN___VMPARLLIST       0043e9d0 f   xhb:debug.obj
 0001:0003d9e0       _HB_FUN___VMSTKLLIST       0043e9e0 f   xhb:debug.obj
 0001:0003d9f0       _HB_FUN___VMVARLGET        0043e9f0 f   xhb:debug.obj
 0001:0003da00       _HB_FUN___VMVARLSET        0043ea00 f   xhb:debug.obj
 0001:0003da10       _HB_FUN___VMSTKGLIST       0043ea10 f   xhb:debug.obj
 0001:0003da20       _HB_FUN___VMSTKGCOUNT      0043ea20 f   xhb:debug.obj
 0001:0003da30       _hb_memvarsClear           0043ea30 f   xhb:memvars.obj
 0001:0003dab0       _hb_memvarsInit            0043eab0 f   xhb:memvars.obj
 0001:0003db20       _hb_memvarsRelease         0043eb20 f   xhb:memvars.obj
 0001:0003dbd0       _hb_memvarValueBaseAddress 0043ebd0 f   xhb:memvars.obj
 0001:0003dbe0       _hb_memvarValueNew         0043ebe0 f   xhb:memvars.obj
 0001:0003dce0       _hb_memvarDetachLocal      0043ece0 f   xhb:memvars.obj
 0001:0003dd90       _hb_memvarGetPrivatesBase  0043ed90 f   xhb:memvars.obj
 0001:0003ddb0       _hb_memvarSetPrivatesBase  0043edb0 f   xhb:memvars.obj
 0001:0003de40       _hb_memvarValueIncRef      0043ee40 f   xhb:memvars.obj
 0001:0003deb0       _hb_memvarValueDecRef      0043eeb0 f   xhb:memvars.obj
 0001:0003df10       _hb_memvarValueDecGarbageRef 0043ef10 f   xhb:memvars.obj
 0001:0003df80       _hb_memvarSetValue         0043ef80 f   xhb:memvars.obj
 0001:0003e060       _hb_memvarGet              0043f060 f   xhb:memvars.obj
 0001:0003e0f0       _hb_memvarGetValue         0043f0f0 f   xhb:memvars.obj
 0001:0003e180       _hb_memvarGetRefer         0043f180 f   xhb:memvars.obj
 0001:0003e2e0       _hb_memvarNewParameter     0043f2e0 f   xhb:memvars.obj
 0001:0003e300       _hb_memvarGetStrValuePtr   0043f300 f   xhb:memvars.obj
 0001:0003e3b0       _hb_memvarCreateFromItem   0043f3b0 f   xhb:memvars.obj
 0001:0003e770       _hb_memvarScope            0043f770 f   xhb:memvars.obj
 0001:0003e890       _hb_memvarReleasePublic    0043f890 f   xhb:memvars.obj
 0001:0003ea20       _HB_FUN___MVPUBLIC         0043fa20 f   xhb:memvars.obj
 0001:0003eac0       _HB_FUN___MVPRIVATE        0043fac0 f   xhb:memvars.obj
 0001:0003eb60       _HB_FUN___MVXRELEASE       0043fb60 f   xhb:memvars.obj
 0001:0003ebf0       _HB_FUN___MVRELEASE        0043fbf0 f   xhb:memvars.obj
 0001:0003ec90       _HB_FUN___MVSCOPE          0043fc90 f   xhb:memvars.obj
 0001:0003ed50       _HB_FUN___MVCLEAR          0043fd50 f   xhb:memvars.obj
 0001:0003ed60       _HB_FUN___MVDBGINFO        0043fd60 f   xhb:memvars.obj
 0001:0003ee60       _HB_FUN___MVEXIST          0043fe60 f   xhb:memvars.obj
 0001:0003eeb0       _HB_FUN___MVGET            0043feb0 f   xhb:memvars.obj
 0001:0003efb0       _HB_FUN___MVPUT            0043ffb0 f   xhb:memvars.obj
 0001:0003f3e0       _HB_FUN___MVSAVE           004403e0 f   xhb:memvars.obj
 0001:0003f6a0       _HB_FUN___MVRESTORE        004406a0 f   xhb:memvars.obj
 0001:0003fe70       _hb_memvarsIsMemvarRef     00440e70 f   xhb:memvars.obj
 0001:0003fed0       _hb_memvarGetVarHandle     00440ed0 f   xhb:memvars.obj
 0001:0003ff00       _hb_memvarGetValueByHandle 00440f00 f   xhb:memvars.obj
 0001:0003ffc0       _HB_FUN___MVSYMBOLINFO     00440fc0 f   xhb:memvars.obj
 0001:00040000       _hb_memvarGetValueBySym    00441000 f   xhb:memvars.obj
 0001:00040030       _hb_dynsymLog              00441030 f   xhb:dynsym.obj
 0001:00040070       _hb_symbolNew              00441070 f   xhb:dynsym.obj
 0001:000400e0       _hb_dynsymNew              004410e0 f   xhb:dynsym.obj
 0001:00040200       _hb_dynsymGet              00441200 f   xhb:dynsym.obj
 0001:000402d0       _hb_dynsymGetCase          004412d0 f   xhb:dynsym.obj
 0001:00040340       _hb_dynsymGetCaseWithNamespaces 00441340 f   xhb:dynsym.obj
 0001:000403b0       _hb_dynsymGetWithNamespaces 004413b0 f   xhb:dynsym.obj
 0001:00040420       _hb_dynsymFindName         00441420 f   xhb:dynsym.obj
 0001:000404a0       _hb_dynsymFind             004414a0 f   xhb:dynsym.obj
 0001:00040570       _hb_dynsymFindWithNamespaces 00441570 f   xhb:dynsym.obj
 0001:000405e0       _hb_dynsymFindNameWithNamespaces 004415e0 f   xhb:dynsym.obj
 0001:000406d0       _hb_dynsymGetSymbol        004416d0 f   xhb:dynsym.obj
 0001:000406f0       _hb_dynsymFindSymbol       004416f0 f   xhb:dynsym.obj
 0001:00040710       _hb_dynsymSymbol           00441710 f   xhb:dynsym.obj
 0001:00040720       _hb_dynsymName             00441720 f   xhb:dynsym.obj
 0001:00040730       _hb_dynsymIsFunction       00441730 f   xhb:dynsym.obj
 0001:00040750       _hb_dynsymMemvarHandle     00441750 f   xhb:dynsym.obj
 0001:00040760       _hb_dynsymAreaHandle       00441760 f   xhb:dynsym.obj
 0001:00040770       _hb_dynsymSetAreaHandle    00441770 f   xhb:dynsym.obj
 0001:00040780       _hb_dynsymEval             00441780 f   xhb:dynsym.obj
 0001:000407c0       _hb_dynsymRelease          004417c0 f   xhb:dynsym.obj
 0001:00040830       _hb_dynsymPos              00441830 f   xhb:dynsym.obj
 0001:00040860       _hb_dynsymItems            00441860 f   xhb:dynsym.obj
 0001:00040870       _hb_dynsymCount            00441870 f   xhb:dynsym.obj
 0001:00040880       _HB_FUN___DYNSCOUNT        00441880 f   xhb:dynsym.obj
 0001:000408a0       _HB_FUN___DYNSGETNAME      004418a0 f   xhb:dynsym.obj
 0001:000408f0       _HB_FUN___DYNSGETINDEX     004418f0 f   xhb:dynsym.obj
 0001:00040930       _HB_FUN___DYNSISFUN        00441930 f   xhb:dynsym.obj
 0001:00040990       _HB_FUN___DYNSGETPRF       00441990 f   xhb:dynsym.obj
 0001:000409c0       _hb_stack_init             004419c0 f   xhb:estack.obj
 0001:00040a80       _hb_stackInit              00441a80 f   xhb:estack.obj
 0001:00040ac0       _hb_stackFree              00441ac0 f   xhb:estack.obj
 0001:00040b90       _hb_stackSetStruct         00441b90 f   xhb:estack.obj
 0001:00040ba0       _hb_stackPop               00441ba0 f   xhb:estack.obj
 0001:00040c00       _hb_stackPopReturn         00441c00 f   xhb:estack.obj
 0001:00040c70       _hb_stackDec               00441c70 f   xhb:estack.obj
 0001:00040ca0       _hb_stackDecrease          00441ca0 f   xhb:estack.obj
 0001:00040ce0       _hb_stackPush              00441ce0 f   xhb:estack.obj
 0001:00040d10       _hb_stackAllocItem         00441d10 f   xhb:estack.obj
 0001:00040d40       _hb_stackPushReturn        00441d40 f   xhb:estack.obj
 0001:00040d90       _hb_stackIncrease          00441d90 f   xhb:estack.obj
 0001:00040e60       _hb_stackRemove            00441e60 f   xhb:estack.obj
 0001:00040e90       _hb_stackNewFrame          00441e90 f   xhb:estack.obj
 0001:00040f00       _hb_stackOldFrame          00441f00 f   xhb:estack.obj
 0001:00041010       _hb_stackClearPrivateBases 00442010 f   xhb:estack.obj
 0001:00041050       _hb_stackTopOffset         00442050 f   xhb:estack.obj
 0001:00041070       _hb_stackBaseOffset        00442070 f   xhb:estack.obj
 0001:00041090       _hb_stackBaseProcOffset    00442090 f   xhb:estack.obj
 0001:000410f0       _hb_stackTotalItems        004420f0 f   xhb:estack.obj
 0001:00041100       _hb_stackIOErrors          00442100 f   xhb:estack.obj
 0001:00041110       _hb_stackRDD               00442110 f   xhb:estack.obj
 0001:00041120       _hb_stackRDDTLS            00442120 f   xhb:estack.obj
 0001:00041130       _hb_stackGetStaticsBase    00442130 f   xhb:estack.obj
 0001:00041140       _hb_stackSetStaticsBase    00442140 f   xhb:estack.obj
 0001:00041150       _hb_stackItemBasePtr       00442150 f   xhb:estack.obj
 0001:00041160       _hb_stackItem              00442160 f   xhb:estack.obj
 0001:00041190       _hb_stackItemFromTop       00442190 f   xhb:estack.obj
 0001:000411c0       _hb_stackItemFromBase      004421c0 f   xhb:estack.obj
 0001:000411f0       _hb_stackLocalVariable     004421f0 f   xhb:estack.obj
 0001:00041220       _hb_stackTopItem           00442220 f   xhb:estack.obj
 0001:00041230       _hb_stackBaseItem          00442230 f   xhb:estack.obj
 0001:00041240       _hb_stackSelfItem          00442240 f   xhb:estack.obj
 0001:00041250       _hb_stackReturnItem        00442250 f   xhb:estack.obj
 0001:00041260       _hb_stackDateBuffer        00442260 f   xhb:estack.obj
 0001:00041270       _hb_stackGetBase           00442270 f   xhb:estack.obj
 0001:000412f0       _hb_stackGetActionRequest  004422f0 f   xhb:estack.obj
 0001:00041300       _hb_stackSetActionRequest  00442300 f   xhb:estack.obj
 0001:00041320       _hb_stackDispLocal         00442320 f   xhb:estack.obj
 0001:00041600       _hb_stackDispCall          00442600 f   xhb:estack.obj
 0001:00041710       _hb_itemNew                00442710 f   xhb:itemapi.obj
 0001:00041730       _hb_itemParam              00442730 f   xhb:itemapi.obj
 0001:00041750       _hb_itemParamPtr           00442750 f   xhb:itemapi.obj
 0001:00041770       _hb_itemPCount             00442770 f   xhb:itemapi.obj
 0001:00041790       _hb_itemRelease            00442790 f   xhb:itemapi.obj
 0001:000417b0       _hb_itemArrayNew           004427b0 f   xhb:itemapi.obj
 0001:000417d0       _hb_itemArrayGet           004427d0 f   xhb:itemapi.obj
 0001:00041800       _hb_itemArrayPut           00442800 f   xhb:itemapi.obj
 0001:00041830       _hb_itemSetCMemo           00442830 f   xhb:itemapi.obj
 0001:00041850       _hb_itemGetC               00442850 f   xhb:itemapi.obj
 0001:000418a0       _hb_itemGetCPtr            004428a0 f   xhb:itemapi.obj
 0001:000418d0       _hb_itemGetCLen            004428d0 f   xhb:itemapi.obj
 0001:00041900       _hb_itemCopyC              00442900 f   xhb:itemapi.obj
 0001:00041950       _hb_itemFreeC              00442950 f   xhb:itemapi.obj
 0001:00041970       _hb_itemGetDS              00442970 f   xhb:itemapi.obj
 0001:000419b0       _hb_itemGetDTS             004429b0 f   xhb:itemapi.obj
 0001:000419f0       _hb_itemGetDL              004429f0 f   xhb:itemapi.obj
 0001:00041a10       _hb_itemGetT               00442a10 f   xhb:itemapi.obj
 0001:00041a30       _hb_itemGetTsec            00442a30 f   xhb:itemapi.obj
 0001:00041a60       _hb_itemGetDTsec           00442a60 f   xhb:itemapi.obj
 0001:00041aa0       _hb_itemGetDTD             00442aa0 f   xhb:itemapi.obj
 0001:00041ae0       _hb_itemGetDTL             00442ae0 f   xhb:itemapi.obj
 0001:00041b20       _hb_itemGetD               00442b20 f   xhb:itemapi.obj
 0001:00041b80       _hb_itemGetDT              00442b80 f   xhb:itemapi.obj
 0001:00041c20       _hb_itemGetL               00442c20 f   xhb:itemapi.obj
 0001:00041d20       _hb_itemGetND              00442d20 f   xhb:itemapi.obj
 0001:00041df0       _hb_itemGetNDDec           00442df0 f   xhb:itemapi.obj
 0001:00041ef0       _hb_itemGetNI              00442ef0 f   xhb:itemapi.obj
 0001:00041fa0       _hb_itemGetNL              00442fa0 f   xhb:itemapi.obj
 0001:00042050       _hb_itemGetPtr             00443050 f   xhb:itemapi.obj
 0001:00042070       _hb_itemGetPtrGC           00443070 f   xhb:itemapi.obj
 0001:000420b0       _hb_itemGetSymbol          004430b0 f   xhb:itemapi.obj
 0001:000420e0       _hb_itemPutDate            004430e0 f   xhb:itemapi.obj
 0001:00042130       _hb_itemPutDS              00443130 f   xhb:itemapi.obj
 0001:00042150       _hb_itemPutDTS             00443150 f   xhb:itemapi.obj
 0001:00042190       _hb_itemPutD               00443190 f   xhb:itemapi.obj
[...]
 0001:000b67c0       _hb_fptCountFlexItemLength 004b77c0 f   DBF:dbffpt1.obj
 0001:000b6a1e       _hb_fptStoreFlexItem       004b7a1e f   DBF:dbffpt1.obj
 0001:000b6ef3       _hb_fptReadFlexItem        004b7ef3 f   DBF:dbffpt1.obj
 0001:000b7976       _hb_fptCopyToRawFile       004b8976 f   DBF:dbffpt1.obj
 0001:000b4b6c       _hb_fptGetMemoLen          004b5b6c f   DBF:dbffpt1.obj
 0001:000b4069       _hb_fptInitGCdata          004b5069 f   DBF:dbffpt1.obj
 0001:000b40be       _hb_fptReadGCdata          004b50be f   DBF:dbffpt1.obj
 0001:000b3aa0       _hb_fptGCfreeBlock         004b4aa0 f   DBF:dbffpt1.obj
 0001:000b44da       _hb_fptWriteGCdata         004b54da f   DBF:dbffpt1.obj
 0001:000b88b6       _hb_fptWriteMemo           004b98b6 f   DBF:dbffpt1.obj
 0001:000b9587       _hb_fptLockForRead         004ba587 f   DBF:dbffpt1.obj
 0001:000b7cb7       _hb_fptReadRawBlock        004b8cb7 f   DBF:dbffpt1.obj
 0001:000b7f0d       _hb_fptReadSMTBlock        004b8f0d f   DBF:dbffpt1.obj
 0001:000b7d7c       _hb_fptReadBlobBlock       004b8d7c f   DBF:dbffpt1.obj
 0001:000b802d       _hb_fptGetMemo             004b902d f   DBF:dbffpt1.obj
 0001:000b33b0       _hb_fptFileUnLockSh        004b43b0 f   DBF:dbffpt1.obj
 0001:000b3070       _hb_memoErrorRT            004b4070 f   DBF:dbffpt1.obj
 0001:000b320e       _hb_fptFileLockEx          004b420e f   DBF:dbffpt1.obj
 0001:000b3351       _hb_fptFileUnLockEx        004b4351 f   DBF:dbffpt1.obj
 0001:000b8ed5       _hb_fptPutMemo             004b9ed5 f   DBF:dbffpt1.obj
 0001:000b95b2       _hb_fptGetVarField         004ba5b2 f   DBF:dbffpt1.obj
 0001:000b9f0a       _hb_fptPutVarField         004baf0a f   DBF:dbffpt1.obj
 0001:000b32ad       _hb_fptFileLockSh          004b42ad f   DBF:dbffpt1.obj
 0001:000b7b0f       _hb_fptCopyToFile          004b8b0f f   DBF:dbffpt1.obj
 0001:000bbe33       _hb_fptDoPackRec           004bce33 f   DBF:dbffpt1.obj
 0001:000b31a2       _hb_memoDefaultFileExt     004b41a2 f   DBF:dbffpt1.obj
 0001:000bc39d       _hb_fptDoPack              004bd39d f   DBF:dbffpt1.obj
 0001:000b9bf1       _hb_fptGetVarFile          004babf1 f   DBF:dbffpt1.obj
 0001:000b9d38       _hb_fptPutVarFile          004bad38 f   DBF:dbffpt1.obj
 0001:000b3512       _hb_fptGetRootBlock        004b4512 f   DBF:dbffpt1.obj
 0001:000b3588       _hb_fptPutRootBlock        004b4588 f   DBF:dbffpt1.obj
 0001:000b345b       _hb_fptRootBlockLock       004b445b f   DBF:dbffpt1.obj
 0001:000b34b3       _hb_fptRootBlockUnLock     004b44b3 f   DBF:dbffpt1.obj
 0001:000b4cfa       _hb_fptGetMemoType         004b5cfa f   DBF:dbffpt1.obj
 0001:000bdd4c       _hb_dbffptRegisterRDD      004bed4c f   DBF:dbffpt1.obj
 0001:000bde14       _hb_dbffptRddInit          004bee14 f   DBF:dbffpt1.obj
 0001:000bd640       _hb_fptFieldInfo           004be640 f   DBF:dbffpt1.obj
 0001:000ba8cf       _hb_fptGetValue            004bb8cf f   DBF:dbffpt1.obj
 0001:000ba7e8       _hb_fptGetVarLen           004bb7e8 f   DBF:dbffpt1.obj
 0001:000ba961       _hb_fptPutValue            004bb961 f   DBF:dbffpt1.obj
 0001:000bccff       _hb_fptInfo                004bdcff f   DBF:dbffpt1.obj
 0001:000ba7d6       _hb_fptStructSize          004bb7d6 f   DBF:dbffpt1.obj
 0001:000bc9b1       _hb_fptPack                004bd9b1 f   DBF:dbffpt1.obj
 0001:000bc8fa       _hb_fptPackRec             004bd8fa f   DBF:dbffpt1.obj
 0001:000ba9f1       _hb_fptCreateMemFile       004bb9f1 f   DBF:dbffpt1.obj
 0001:000bb1ea       _hb_fptGetValueFile        004bc1ea f   DBF:dbffpt1.obj
 0001:000bb3d9       _hb_fptOpenMemFile         004bc3d9 f   DBF:dbffpt1.obj
 0001:000bb949       _hb_fptPutValueFile        004bc949 f   DBF:dbffpt1.obj
 0001:000bd8f8       _hb_fptRddInfo             004be8f8 f   DBF:dbffpt1.obj
 0001:000bdebd       __hb_dbffpt_rdd_init_      004beebd f   DBF:dbffpt1.obj
 0001:000bde79       _dbffpt1__InitSymbols      004bee79 f   DBF:dbffpt1.obj
 0001:000bdee0       _hb_sxInitSeed             004beee0 f   DBF:sxcrypt.obj
 0001:000bdf4e       _hb_sxNextSeed             004bef4e f   DBF:sxcrypt.obj
 0001:000be172       __hb_sxGetKey              004bf172 f   DBF:sxcrypt.obj
 0001:000be750       _hb_dbQSortIsLess          004bf750 f   DBF:hbdbsort.obj
 0001:000beaf0       _hb_dbQSortSwap            004bfaf0 f   DBF:hbdbsort.obj
 0001:000bec12       _hb_dbQSortDo              004bfc12 f   DBF:hbdbsort.obj
 0001:000bf13d       _hb_ntxKeyNew              004c013d f   NTX:dbfntx1.obj
 0001:000bf213       _hb_ntxItemType            004c0213 f   NTX:dbfntx1.obj
 0001:000bef84       _hb_ntxNumToStr            004bff84 f   NTX:dbfntx1.obj
 0001:000bf030       _hb_ntxStrToNum            004c0030 f   NTX:dbfntx1.obj
 0001:000bf5ae       _hb_ntxKeyGetItem          004c05ae f   NTX:dbfntx1.obj
 0001:000bf335       _hb_ntxKeyPutItem          004c0335 f   NTX:dbfntx1.obj
 0001:000bfa69       _hb_ntxValCompare          004c0a69 f   NTX:dbfntx1.obj
 0001:000bfbc1       _hb_ntxInTopScope          004c0bc1 f   NTX:dbfntx1.obj
 0001:000bfc93       _hb_ntxInBottomScope       004c0c93 f   NTX:dbfntx1.obj
 0001:000bf305       _hb_ntxItemTypeCmp         004c0305 f   NTX:dbfntx1.obj
 0001:000bfdbd       _hb_ntxTagClearScope       004c0dbd f   NTX:dbfntx1.obj
 0001:000bee70       _hb_ntxErrorRT             004bfe70 f   NTX:dbfntx1.obj
 0001:000c0366       _hb_ntxBlockWrite          004c1366 f   NTX:dbfntx1.obj
 0001:000c02a8       _hb_ntxBlockRead           004c12a8 f   NTX:dbfntx1.obj
 0001:000c0535       _hb_ntxTagUpdateFlags      004c1535 f   NTX:dbfntx1.obj
 0001:000c06f5       _hb_ntxFreePageBuffer      004c16f5 f   NTX:dbfntx1.obj
 0001:000c0658       _hb_ntxTagHeaderCheck      004c1658 f   NTX:dbfntx1.obj
 0001:000c0829       _hb_ntxPageFind            004c1829 f   NTX:dbfntx1.obj
 0001:000c0899       _hb_ntxPageGetBuffer       004c1899 f   NTX:dbfntx1.obj
 0001:000c0b71       _hb_ntxPageRelease         004c1b71 f   NTX:dbfntx1.obj
 0001:000c0c5d       _hb_ntxPageLoad            004c1c5d f   NTX:dbfntx1.obj
 0001:000c0ded       _hb_ntxPageInit            004c1ded f   NTX:dbfntx1.obj
 0001:000c0e6c       _hb_ntxPageAlloc           004c1e6c f   NTX:dbfntx1.obj
 0001:000c0b2a       _hb_ntxPageFree            004c1b2a f   NTX:dbfntx1.obj
 0001:000c041a       _hb_ntxPageSave            004c141a f   NTX:dbfntx1.obj
 0001:000c0f05       _hb_ntxPageNew             004c1f05 f   NTX:dbfntx1.obj
 0001:000c12a2       _hb_ntxTagFree             004c22a2 f   NTX:dbfntx1.obj
 0001:000c10aa       _hb_ntxTagNew              004c20aa f   NTX:dbfntx1.obj
 0001:000bf860       _hb_ntxGetKeyType          004c0860 f   NTX:dbfntx1.obj
 0001:000c1057       _hb_ntxPageGetFree         004c2057 f   NTX:dbfntx1.obj
 0001:000c190e       _hb_ntxIndexTagAdd         004c290e f   NTX:dbfntx1.obj
 0001:000c0fea       _hb_ntxPageAddFree         004c1fea f   NTX:dbfntx1.obj
 0001:000c155e       _hb_ntxTagLoad             004c255e f   NTX:dbfntx1.obj
 0001:000c14c6       _hb_ntxTagAdd              004c24c6 f   NTX:dbfntx1.obj
 0001:000c0488       _hb_ntxDiscardBuffers      004c1488 f   NTX:dbfntx1.obj
 0001:000c1ab4       _hb_ntxIndexTagFind        004c2ab4 f   NTX:dbfntx1.obj
 0001:000c1b20       _hb_ntxTagHeaderSave       004c2b20 f   NTX:dbfntx1.obj
 0001:000c21e3       _hb_ntxIndexHeaderSave     004c31e3 f   NTX:dbfntx1.obj
 0001:000c2547       _hb_ntxIndexHeaderRead     004c3547 f   NTX:dbfntx1.obj
 0001:000c27a9       _hb_ntxIndexFlush          004c37a9 f   NTX:dbfntx1.obj
 0001:000c28df       _hb_ntxIndexLockRead       004c38df f   NTX:dbfntx1.obj
 0001:000c2b3f       _hb_ntxIndexUnLockRead     004c3b3f f   NTX:dbfntx1.obj
 0001:000c2a05       _hb_ntxIndexLockWrite      004c3a05 f   NTX:dbfntx1.obj
 0001:000c2c23       _hb_ntxIndexUnLockWrite    004c3c23 f   NTX:dbfntx1.obj
 0001:000c2ea0       _hb_ntxTagSetPageStack     004c3ea0 f   NTX:dbfntx1.obj
 0001:000c2f56       _hb_ntxPageTopMove         004c3f56 f   NTX:dbfntx1.obj
 0001:000c2e28       _hb_ntxPageGetKey          004c3e28 f   NTX:dbfntx1.obj
 0001:000c2fdd       _hb_ntxPageBottomMove      004c3fdd f   NTX:dbfntx1.obj
 0001:000c35c8       _hb_ntxPageKeyFind         004c45c8 f   NTX:dbfntx1.obj
 0001:000c37b2       _hb_ntxPageFindRecNo       004c47b2 f   NTX:dbfntx1.obj
 0001:000c31d7       _hb_ntxTagNextKey          004c41d7 f   NTX:dbfntx1.obj
 0001:000c33e3       _hb_ntxTagPrevKey          004c43e3 f   NTX:dbfntx1.obj
 0001:000c3c2f       _hb_ntxPageKeySet          004c4c2f f   NTX:dbfntx1.obj
 0001:000c3d2f       _hb_ntxPageKeyDel          004c4d2f f   NTX:dbfntx1.obj
 0001:000c380e       _hb_ntxTagKeyFind          004c480e f   NTX:dbfntx1.obj
 0001:000bf1bb       _hb_ntxKeyCopy             004c01bb f   NTX:dbfntx1.obj
 0001:000c3c8f       _hb_ntxPageKeyAdd          004c4c8f f   NTX:dbfntx1.obj
 0001:000c4271       _hb_ntxBalancePages        004c5271 f   NTX:dbfntx1.obj
 0001:000c3db2       _hb_ntxPageSplit           004c4db2 f   NTX:dbfntx1.obj
 0001:000c4110       _hb_ntxPageJoin            004c5110 f   NTX:dbfntx1.obj
 0001:000bf940       _hb_ntxEvalKey             004c0940 f   NTX:dbfntx1.obj
 0001:000bfd65       _hb_ntxKeyInScope          004c0d65 f   NTX:dbfntx1.obj
 0001:000c025e       _hb_ntxCheckRecordScope    004c125e f   NTX:dbfntx1.obj
 0001:000c3135       _hb_ntxTagBottomKey        004c4135 f   NTX:dbfntx1.obj
 0001:000c30a4       _hb_ntxTagTopKey           004c40a4 f   NTX:dbfntx1.obj
 0001:000c54d4       _hb_ntxTagSkipFilter       004c64d4 f   NTX:dbfntx1.obj
 0001:000c5644       _hb_ntxTagGoTop            004c6644 f   NTX:dbfntx1.obj
 0001:000c574c       _hb_ntxTagGoBottom         004c674c f   NTX:dbfntx1.obj
 0001:000c5aa0       _hb_ntxPageCountKeys       004c6aa0 f   NTX:dbfntx1.obj
 0001:000c5e2f       _hb_ntxTagPagesFree        004c6e2f f   NTX:dbfntx1.obj
 0001:000c19ff       _hb_ntxIndexTagDel         004c29ff f   NTX:dbfntx1.obj
 0001:000c13db       _hb_ntxTagDelete           004c23db f   NTX:dbfntx1.obj
 0001:000c628b       _hb_ntxFindBag             004c728b f   NTX:dbfntx1.obj
 0001:000c63db       _hb_ntxFindTagByName       004c73db f   NTX:dbfntx1.obj
 0001:000c2cfa       _hb_ntxTagLockRead         004c3cfa f   NTX:dbfntx1.obj
 0001:000c016d       _hb_ntxTagRefreshScope     004c116d f   NTX:dbfntx1.obj
 0001:000c5854       _hb_ntxTagSkipNext         004c6854 f   NTX:dbfntx1.obj
 0001:000c2dfa       _hb_ntxTagUnLockRead       004c3dfa f   NTX:dbfntx1.obj
 0001:000c5212       _hb_ntxCurKeyRefresh       004c6212 f   NTX:dbfntx1.obj
 0001:000c5991       _hb_ntxTagSkipPrev         004c6991 f   NTX:dbfntx1.obj
 0001:000c5b4b       _hb_ntxTagCountRelKeyPos   004c6b4b f   NTX:dbfntx1.obj
 0001:000c5c4a       _hb_ntxTagGoToRelKeyPos    004c6c4a f   NTX:dbfntx1.obj
 0001:000bf7e2       _hb_ntxEvalSeekCond        004c07e2 f   NTX:dbfntx1.obj
 0001:000c7d64       _hb_ntxRegexMatch          004c8d64 f   NTX:dbfntx1.obj
 0001:000bf762       _hb_ntxEvalCond            004c0762 f   NTX:dbfntx1.obj
 0001:000c2d79       _hb_ntxTagLockWrite        004c3d79 f   NTX:dbfntx1.obj
 0001:000c463b       _hb_ntxTagKeyAdd           004c563b f   NTX:dbfntx1.obj
 0001:000c2e11       _hb_ntxTagUnLockWrite      004c3e11 f   NTX:dbfntx1.obj
 0001:000c4d1d       _hb_ntxTagKeyDel           004c5d1d f   NTX:dbfntx1.obj
 0001:000c0098       _hb_ntxTagGetScope         004c1098 f   NTX:dbfntx1.obj
 0001:000bfec4       _hb_ntxTagSetScope         004c0ec4 f   NTX:dbfntx1.obj
 0001:000c87ee       _hb_ntxQSort               004c97ee f   NTX:dbfntx1.obj
 0001:000c875a       _hb_ntxQuickSortCompare    004c975a f   NTX:dbfntx1.obj
 0001:000c8a1e       _hb_ntxSortBufferFlush     004c9a1e f   NTX:dbfntx1.obj
 0001:000c8b07       _hb_ntxSortStorePage       004c9b07 f   NTX:dbfntx1.obj
 0001:000c89bc       _hb_ntxSortSortPage        004c99bc f   NTX:dbfntx1.obj
 0001:000c8f79       _hb_ntxSortGetPageKey      004c9f79 f   NTX:dbfntx1.obj
 0001:000c8dbd       _hb_ntxSortWritePage       004c9dbd f   NTX:dbfntx1.obj
 0001:000c9159       _hb_ntxSortOrderPages      004ca159 f   NTX:dbfntx1.obj
 0001:000c9345       _hb_ntxSortKeyGet          004ca345 f   NTX:dbfntx1.obj
 0001:000c8c82       _hb_ntxSortAddNodeKey      004c9c82 f   NTX:dbfntx1.obj
 0001:000c9973       _hb_ntxSortFree            004ca973 f   NTX:dbfntx1.obj
 0001:000c96c3       _hb_ntxSortNew             004ca6c3 f   NTX:dbfntx1.obj
 0001:000c9607       _hb_ntxSortKeyAdd          004ca607 f   NTX:dbfntx1.obj
 0001:000c9a9d       _hb_ntxSortOut             004caa9d f   NTX:dbfntx1.obj
 0001:000c07a7       _hb_ntxIndexTrunc          004c17a7 f   NTX:dbfntx1.obj
 0001:000c9f5b       _hb_ntxTagCreate           004caf5b f   NTX:dbfntx1.obj
 0001:000c20bc       _hb_ntxIndexFree           004c30bc f   NTX:dbfntx1.obj
 0001:000c5fc6       _hb_ntxCreateFName         004c6fc6 f   NTX:dbfntx1.obj
 0001:000c2079       _hb_ntxIndexNew            004c3079 f   NTX:dbfntx1.obj
 0001:000c22d8       _hb_ntxIndexLoad           004c32d8 f   NTX:dbfntx1.obj
 0001:000c6439       _hb_ntxFindTag             004c7439 f   NTX:dbfntx1.obj
 0001:000c5f34       _hb_ntxTagSpaceFree        004c6f34 f   NTX:dbfntx1.obj
 0001:000c66a0       _hb_ntxFindTagNum          004c76a0 f   NTX:dbfntx1.obj
 0001:000c6745       _hb_ntxOrdKeyCount         004c7745 f   NTX:dbfntx1.obj
 0001:000c6a8b       _hb_ntxOrdKeyGoto          004c7a8b f   NTX:dbfntx1.obj
 0001:000c6859       _hb_ntxOrdKeyNo            004c7859 f   NTX:dbfntx1.obj
 0001:000c6de3       _hb_ntxOrdSetRelKeyPos     004c7de3 f   NTX:dbfntx1.obj
 0001:000c6b9f       _hb_ntxOrdGetRelKeyPos     004c7b9f f   NTX:dbfntx1.obj
 0001:000c8188       _hb_ntxOrdKeyAdd           004c9188 f   NTX:dbfntx1.obj
 0001:000c8310       _hb_ntxOrdKeyDel           004c9310 f   NTX:dbfntx1.obj
 0001:000c71bb       _hb_ntxOrdSkipUnique       004c81bb f   NTX:dbfntx1.obj
 0001:000c74a0       _hb_ntxOrdSkipEval         004c84a0 f   NTX:dbfntx1.obj
 0001:000c77ef       _hb_ntxOrdSkipWild         004c87ef f   NTX:dbfntx1.obj
 0001:000c7dfc       _hb_ntxOrdSkipRegEx        004c8dfc f   NTX:dbfntx1.obj
 0001:000c84dc       _hb_ntxOrdFindRec          004c94dc f   NTX:dbfntx1.obj
 0001:000c8630       _hb_ntxOrdScopeEval        004c9630 f   NTX:dbfntx1.obj
 0001:000caa59       _hb_ntxReIndex             004cba59 f   NTX:dbfntx1.obj
 0001:000cfcda       _hb_dbfntxRddInit          004d0cda f   NTX:dbfntx1.obj
 0001:000cab18       _hb_ntxGoBottom            004cbb18 f   NTX:dbfntx1.obj
 0001:000cac84       _hb_ntxGoTop               004cbc84 f   NTX:dbfntx1.obj
 0001:000cadf0       _hb_ntxSeek                004cbdf0 f   NTX:dbfntx1.obj
 0001:000cb23c       _hb_ntxSkipRaw             004cc23c f   NTX:dbfntx1.obj
 0001:000cb4e8       _hb_ntxFlush               004cc4e8 f   NTX:dbfntx1.obj
 0001:000cb57e       _hb_ntxGoCold              004cc57e f   NTX:dbfntx1.obj
 0001:000cba55       _hb_ntxGoHot               004cca55 f   NTX:dbfntx1.obj
 0001:000cbb6d       _hb_ntxClose               004ccb6d f   NTX:dbfntx1.obj
 0001:000cbc4d       _hb_ntxOpen                004ccc4d f   NTX:dbfntx1.obj
 0001:000cbc3b       _hb_ntxStructSize          004ccc3b f   NTX:dbfntx1.obj
 0001:000cbe14       _hb_ntxPack                004cce14 f   NTX:dbfntx1.obj
 0001:000cbe57       _hb_ntxZap                 004cce57 f   NTX:dbfntx1.obj
 0001:000cf08d       _hb_ntxOrderListAdd        004d008d f   NTX:dbfntx1.obj
 0001:000cf43f       _hb_ntxOrderListClear      004d043f f   NTX:dbfntx1.obj
 0001:000cf539       _hb_ntxOrderListDelete     004d0539 f   NTX:dbfntx1.obj
 0001:000cf68d       _hb_ntxOrderListFocus      004d068d f   NTX:dbfntx1.obj
 0001:000cf712       _hb_ntxOrderListRebuild    004d0712 f   NTX:dbfntx1.obj
 0001:000cbe9a       _hb_ntxOrderCreate         004cce9a f   NTX:dbfntx1.obj
 0001:000cd10c       _hb_ntxOrderDestroy        004ce10c f   NTX:dbfntx1.obj
 0001:000cd33a       _hb_ntxOrderInfo           004ce33a f   NTX:dbfntx1.obj
 0001:000cf87a       _hb_ntxCountScope          004d087a f   NTX:dbfntx1.obj
 0001:000cf8ad       _hb_ntxInit                004d08ad f   NTX:dbfntx1.obj
 0001:000cf919       _hb_ntxRddInfo             004d0919 f   NTX:dbfntx1.obj
 0001:000cfd7f       __hb_dbfntx_rdd_init_      004d0d7f f   NTX:dbfntx1.obj
 0001:000cfd3b       _dbfntx1__InitSymbols      004d0d3b f   NTX:dbfntx1.obj
 0001:000d0ec0       _closeall                  004d1ec0 f   crt:fclose.obj
 0001:000d1060       _prout                     004d2060 f   crt:printf.obj
 0001:000d10f0       _prout                     004d20f0 f   crt:vfprintf.obj
 0001:000d1600       _prout                     004d2600 f   crt:fprintf.obj
 0001:000d1960       _grabhunk                  004d2960 f   crt:malloc.obj
 0001:000d2920       _prout                     004d3920 f   crt:sprintf.obj
 0001:000d2f40       _swap                      004d3f40 f   crt:qsort.obj
 0001:000d3170       _med3                      004d4170 f   crt:qsort.obj
 0001:000d31e0       _median                    004d41e0 f   crt:qsort.obj
 0001:000d2ff0       _rot3                      004d3ff0 f   crt:qsort.obj
 0001:000d3370       _intro_sort                004d4370 f   crt:qsort.obj
 0001:000d32a0       _adjust_heap               004d42a0 f   crt:qsort.obj
 0001:000d30d0       _rotate                    004d40d0 f   crt:qsort.obj
 0001:000d3d00       _parse_cmdline             004d4d00 f   crt:_setargv.obj
 0001:000d56f0       _ctrlevent_capture@4       004d66f0 f   crt:signal.obj
 0001:000dacc0       _hb_gt_FuncInit            004dbcc0 f   xhb:gtwin.obj
 0001:000d8ed0       _hb_gt_win_xSetCursorStyle 004d9ed0 f   xhb:gtwin.obj
 0001:000d8e90       _hb_gt_win_xSetCursorPos   004d9e90 f   xhb:gtwin.obj
 0001:000d91c0       _hb_gt_win_xGetScreenContents 004da1c0 f   xhb:gtwin.obj
 0001:000d9170       _hb_gt_win_CtrlHandler@4   004da170 f   xhb:gtwin.obj
 0001:000d9260       _hb_gt_win_xInitScreenParam 004da260 f   xhb:gtwin.obj
 0001:000d99e0       _Handle_Alt_Key            004da9e0 f   xhb:gtwin.obj
 0001:000d9b40       _SpecialHandling           004dab40 f   xhb:gtwin.obj
 0001:000d8d00       _hb_gt_win_getKbdState     004d9d00 f   xhb:gtwin.obj
 0001:000d90b0       _hb_gt_win_xUpdtSet        004da0b0 f   xhb:gtwin.obj
 0001:000d8f60       _hb_gt_win_xScreenUpdate   004d9f60 f   xhb:gtwin.obj
 0001:000d93e0       _hb_gt_win_Init            004da3e0 f   xhb:gtwin.obj
 0001:000d96f0       _hb_gt_win_Exit            004da6f0 f   xhb:gtwin.obj
 0001:000d97b0       _hb_gt_win_SetMode         004da7b0 f   xhb:gtwin.obj
 0001:000dab40       _hb_gt_win_Redraw          004dbb40 f   xhb:gtwin.obj
 0001:000dac30       _hb_gt_win_Refresh         004dbc30 f   xhb:gtwin.obj
 0001:000d98d0       _hb_gt_win_Version         004da8d0 f   xhb:gtwin.obj
 0001:000d98f0       _hb_gt_win_PostExt         004da8f0 f   xhb:gtwin.obj
 0001:000d9920       _hb_gt_win_Suspend         004da920 f   xhb:gtwin.obj
 0001:000d9970       _hb_gt_win_Resume          004da970 f   xhb:gtwin.obj
 0001:000da490       _hb_gt_win_Tone            004db490 f   xhb:gtwin.obj
 0001:000da670       _hb_gt_win_Info            004db670 f   xhb:gtwin.obj
 0001:000da4b0       _hb_gt_win_SetDispCP       004db4b0 f   xhb:gtwin.obj
 0001:000da5a0       _hb_gt_win_SetKeyCP        004db5a0 f   xhb:gtwin.obj
 0001:000d9d90       _hb_gt_win_ReadKey         004dad90 f   xhb:gtwin.obj
 0001:000daa60       _hb_gt_win_mouse_IsPresent 004dba60 f   xhb:gtwin.obj
 0001:000daa70       _hb_gt_win_mouse_GetPos    004dba70 f   xhb:gtwin.obj
 0001:000daa90       _hb_gt_win_mouse_ButtonState 004dba90 f   xhb:gtwin.obj
 0001:000dab20       _hb_gt_win_mouse_CountButton 004dbb20 f   xhb:gtwin.obj
 0001:000dadf0       __hb_startup_gt_Init_      004dbdf0 f   xhb:gtwin.obj
 0001:000db010       _hb_Outp9x                 004dc010 f   xhb:gttone.obj
 0001:000daff0       _hb_Inp9x                  004dbff0 f   xhb:gttone.obj
 0001:000db130       _hb_gt_wNtTone             004dc130 f   xhb:gttone.obj
 0001:000db030       _hb_gt_w9xTone             004dc030 f   xhb:gttone.obj
