 menu.exe

 Timestamp is 699868b3 (Fri Feb 20 10:59:15 2026)

 Preferred load address is 00400000

 Start         Length     Name                   Class
 0001:00000000 000db7a0H .text                   CODE                  
 0002:00000000 00024ac4H .rdata                  DATA                  
 0002:00024ac4 00000080H .CRT$XIC                DATA                  
 0003:00000000 00008030H .data                   DATA                  
 0003:00008030 0000008cH .idata$2                DATA                  
 0003:000080bc 00000014H .idata$3                DATA                  
 0003:000080d0 00000310H .idata$4                DATA                  
 0003:000083e0 00000310H .idata$5                DATA                  
 0003:000086f0 00000d44H .idata$6                DATA                  
 0003:00009434 00007d94H .bss                    DATA                  

  Address         Publics by Value              Rva+Base     Lib:Object

 0001:00000040       _HB_FUN_MAIN               00401040 f   Menu.obj
 0001:00000180       _HB_FUN_JSONGET            00401180 f   JsonUtility.obj
 0001:000001a0       _HB_FUN_JSONTOHASH         004011a0 f   JsonUtility.obj
 0001:00000220       _HB_FUN_ERRTEXT            00401220 f   APIUtility.obj
 0001:00000240       _HB_FUN_DATETOISO          00401240 f   APIUtility.obj
 0001:00000260       _HB_FUN_SAVEBASE64TOFILEEX 00401260 f   APIUtility.obj
 0001:000002e0       _HB_FUN_AUTENTICARAPI      004012e0 f   AutenticarAPI.obj
 0001:00000380       _HB_FUN_GERARPIX           00401380 f   GerarPIX.obj
 0001:000003a0       _HB_FUN_CONSUMIRAPICOBRANCA 004013a0 f   GerarPIX.obj
 0001:000003c0       _HB_FUN_CRIARJSONCOBRANCAPIX 004013c0 f   GerarPIX.obj
 0001:00000440       _HB_FUN_REGISTRARBOLETO    00401440 f   RegistrarBoleto.obj
 0001:00000460       _HB_FUN_CONSUMIRAPIREGISTRABOLETO 00401460 f   RegistrarBoleto.obj
 0001:00000480       _HB_FUN_CRIARJSONBOLETO    00401480 f   RegistrarBoleto.obj
 0001:00000520       _HB_FUN_CONSULTARBOLETO    00401520 f   ConsultarBoleto.obj
 0001:00000540       _HB_FUN_CONSUMIRAPICONSULTARBOLETO 00401540 f   ConsultarBoleto.obj
 0001:00000560       _HB_FUN_CRIARJSONCONSULTABOLETO 00401560 f   ConsultarBoleto.obj
 0001:00000620       _HB_FUN_CONSULTARPIX       00401620 f   ConsultarPIX.obj
 0001:00000640       _HB_FUN_CONSUMIRAPICONSULTARPIX 00401640 f   ConsultarPIX.obj
 0001:00000660       _HB_FUN_CRIARJSONCONSULTARPIX 00401660 f   ConsultarPIX.obj
 0001:00000830       _HB_FUN___DBGALTDENTRY     00401830 f   DbgServe:dbgserve.obj
 0001:00000850       _HB_FUN___DBGINVOKE        00401850 f   DbgServe:dbgserve.obj
 0001:00000870       _HB_FUN___DBGENTRY         00401870 f   DbgServe:dbgserve.obj
 0001:00000bf0       _HB_FUN_XHD_VAL_TO_STR     00401bf0 f   DbgServe:dbgserve.obj
 0001:00000e60       _HB_FUN_ARRAY              00401e60 f   xhb:arrayshb.obj
 0001:00000f00       _HB_FUN_AADD               00401f00 f   xhb:arrayshb.obj
 0001:00001040       _HB_FUN_HB_ARRAYID         00402040 f   xhb:arrayshb.obj
 0001:00001070       _HB_FUN_HB_THISARRAY       00402070 f   xhb:arrayshb.obj
 0001:000010d0       _HB_FUN_ASIZE              004020d0 f   xhb:arrayshb.obj
 0001:000011c0       _HB_FUN_ASIZEALLOC         004021c0 f   xhb:arrayshb.obj
 0001:00001230       _HB_FUN_ALENALLOC          00402230 f   xhb:arrayshb.obj
 0001:00001260       _HB_FUN_ATAIL              00402260 f   xhb:arrayshb.obj
 0001:00001290       _HB_FUN_AINS               00402290 f   xhb:arrayshb.obj
 0001:00001390       _HB_FUN_HB_AINS            00402390 f   xhb:arrayshb.obj
 0001:000013a0       _HB_FUN_ADEL               004023a0 f   xhb:arrayshb.obj
 0001:00001480       _HB_FUN_AFILL              00402480 f   xhb:arrayshb.obj
 0001:00001690       _HB_FUN_ASCAN              00402690 f   xhb:arrayshb.obj
 0001:00001770       _HB_FUN_AEVAL              00402770 f   xhb:arrayshb.obj
 0001:000018c0       _HB_FUN_ACOPY              004028c0 f   xhb:arrayshb.obj
 0001:000019e0       _HB_FUN_ACLONE             004029e0 f   xhb:arrayshb.obj
 0001:00001a20       _HB_FUN_HB_APARAMS         00402a20 f   xhb:arrayshb.obj
 0001:00001a80       _HB_FUN_HB_AEXPRESSIONS    00402a80 f   xhb:arrayshb.obj
 0001:00001d30       _SizeOfCStructure          00402d30 f   xhb:arrayshb.obj
 0001:00002070       _HB_FUN_HB_SIZEOFCSTRUCTURE 00403070 f   xhb:arrayshb.obj
 0001:00002110       _ArrayToStructure          00403110 f   xhb:arrayshb.obj
 0001:00003d70       _HB_FUN_HB_ARRAYTOSTRUCTURE 00404d70 f   xhb:arrayshb.obj
 0001:00003e40       _StructureToArray          00404e40 f   xhb:arrayshb.obj
 0001:00004750       _HB_FUN_HB_STRUCTURETOARRAY 00405750 f   xhb:arrayshb.obj
 0001:00004860       _HB_FUN_RASCAN             00405860 f   xhb:arrayshb.obj
 0001:00004cf0       _HB_FUN_ASPLICE            00405cf0 f   xhb:arrayshb.obj
 0001:00005060       _HB_FUN_AREMOVE            00406060 f   xhb:arrayshb.obj
 0001:00005070       _HB_FUN_AMERGE             00406070 f   xhb:arrayshb.obj
 0001:000051c0       _HB_FUN_SCROLL             004061c0 f   xhb:scroll.obj
 0001:000052c0       _HB_FUN_SCROLLFIXED        004062c0 f   xhb:scroll.obj
 0001:00005330       _HB_FUN_HB_SCROLL          00406330 f   xhb:scroll.obj
 0001:000054c0       _HB_FUN_SETPOS             004064c0 f   xhb:setpos.obj
 0001:00005510       _HB_FUN_ROW                00406510 f   xhb:setpos.obj
 0001:00005540       _HB_FUN_COL                00406540 f   xhb:setpos.obj
 0001:00005570       _hb_conInit                00406570 f   xhb:console.obj
 0001:00005600       _hb_conRelease             00406600 f   xhb:console.obj
 0001:00005630       _hb_conNewLine             00406630 f   xhb:console.obj
 0001:00005640       _HB_FUN_HB_OSNEWLINE       00406640 f   xhb:console.obj
 0001:00005650       _hb_conOutStd              00406650 f   xhb:console.obj
 0001:00005690       _hb_conOutErr              00406690 f   xhb:console.obj
 0001:000056f0       _hb_conOutAlt              004066f0 f   xhb:console.obj
 0001:00005970       _HB_FUN_OUTSTD             00406970 f   xhb:console.obj
 0001:000059c0       _HB_FUN_OUTERR             004069c0 f   xhb:console.obj
 0001:00005a10       _HB_FUN_QQOUT              00406a10 f   xhb:console.obj
 0001:00005a60       _HB_FUN_QOUT               00406a60 f   xhb:console.obj
 0001:00005b70       _HB_FUN___EJECT            00406b70 f   xhb:console.obj
 0001:00005bd0       _HB_FUN_PROW               00406bd0 f   xhb:console.obj
 0001:00005bf0       _HB_FUN_PCOL               00406bf0 f   xhb:console.obj
 0001:00005e30       _HB_FUN_DEVPOS             00406e30 f   xhb:console.obj
 0001:00005e80       _HB_FUN_SETPRC             00406e80 f   xhb:console.obj
 0001:00005ed0       _HB_FUN_DEVOUT             00406ed0 f   xhb:console.obj
 0001:00005f80       _HB_FUN_DISPOUT            00406f80 f   xhb:console.obj
 0001:00006050       _HB_FUN_DISPOUTAT          00407050 f   xhb:console.obj
 0001:00006150       _HB_FUN_HB_DISPOUTAT       00407150 f   xhb:console.obj
 0001:00006220       _HB_FUN_HB_GETSTDIN        00407220 f   xhb:console.obj
 0001:00006240       _HB_FUN_HB_GETSTDOUT       00407240 f   xhb:console.obj
 0001:00006260       _HB_FUN_HB_GETSTDERR       00407260 f   xhb:console.obj
 0001:00006280       _HB_FUN_HBCONSOLELOCK      00407280 f   xhb:console.obj
 0001:00006290       _HB_FUN_HBCONSOLEUNLOCK    00407290 f   xhb:console.obj
 0001:000062a0       _HB_FUN_OS                 004072a0 f   xhb:version.obj
 0001:000062c0       _HB_FUN_HB_COMPILER        004072c0 f   xhb:version.obj
 0001:000062e0       _HB_FUN_VERSION            004072e0 f   xhb:version.obj
 0001:00006300       _HB_FUN_HB_PCODEVER        00407300 f   xhb:version.obj
 0001:00006320       _HB_FUN_HB_BUILDDATE       00407320 f   xhb:version.obj
 0001:00006340       _HB_FUN_HB_BUILDINFO       00407340 f   xhb:version.obj
 0001:000066d0       _HB_FUN_ACHOICE            004076d0 f   xhb:achoice.obj
 0001:000066f0       _HB_FUN_TACHOICE           004076f0 f   xhb:achoice.obj
 0001:00006980       _HB_FUN_INKEY              00407980 f   xhb:inkey.obj
 0001:00006af0       _HB_FUN_SETINKEYBEFOREBLOCK 00407af0 f   xhb:inkey.obj
 0001:00006b50       _HB_FUN_SETINKEYAFTERBLOCK 00407b50 f   xhb:inkey.obj
 0001:00006bb0       _HB_FUN___KEYBOARD         00407bb0 f   xhb:inkey.obj
 0001:00006cf0       _HB_FUN_HB_KEYPUT          00407cf0 f   xhb:inkey.obj
 0001:00006dd0       _HB_FUN_NEXTKEY            00407dd0 f   xhb:inkey.obj
 0001:00006e10       _HB_FUN_LASTKEY            00407e10 f   xhb:inkey.obj
 0001:00006e50       _HB_FUN_HB_SETLASTKEY      00407e50 f   xhb:inkey.obj
 0001:00006e80       _HB_FUN_VALTYPE            00407e80 f   xhb:valtype.obj
 0001:00006eb0       _HB_FUN_ISNULL             00407eb0 f   xhb:valtype.obj
 0001:00006ef0       _HB_FUN_SETNULL            00407ef0 f   xhb:valtype.obj
 0001:00006f20       _HB_FUN_HB_ISBYREF         00407f20 f   xhb:valtype.obj
 0001:00006f80       _HB_FUN_HB_ISNIL           00407f80 f   xhb:valtype.obj
 0001:00006fc0       _HB_FUN_HB_ISNUMERIC       00407fc0 f   xhb:valtype.obj
 0001:00006ff0       _HB_FUN_HB_ISLOGICAL       00407ff0 f   xhb:valtype.obj
 0001:00007020       _HB_FUN_HB_ISDATE          00408020 f   xhb:valtype.obj
 0001:00007050       _HB_FUN_HB_ISDATETIME      00408050 f   xhb:valtype.obj
 0001:00007080       _HB_FUN_HB_ISTIMESTAMP     00408080 f   xhb:valtype.obj
 0001:000070b0       _HB_FUN_HB_ISBLOCK         004080b0 f   xhb:valtype.obj
 0001:000070e0       _HB_FUN_HB_ISPOINTER       004080e0 f   xhb:valtype.obj
 0001:00007110       _HB_FUN_HB_ISSTRING        00408110 f   xhb:valtype.obj
 0001:00007140       _HB_FUN_HB_ISCHAR          00408140 f   xhb:valtype.obj
 0001:00007170       _HB_FUN_HB_ISMEMO          00408170 f   xhb:valtype.obj
 0001:000071a0       _HB_FUN_HB_ISARRAY         004081a0 f   xhb:valtype.obj
 0001:000071f0       _HB_FUN_HB_ISOBJECT        004081f0 f   xhb:valtype.obj
 0001:00007210       _HB_FUN_HB_ISHASH          00408210 f   xhb:valtype.obj
 0001:00007240       _HB_FUN_HB_ISNULL          00408240 f   xhb:valtype.obj
 0001:000077f0       _hb_hashNew                004087f0 f   xhb:hash.obj
 0001:000078e0       _hb_hashAdd                004088e0 f   xhb:hash.obj
 0001:00007f90       _hb_hashAddForward         00408f90 f   xhb:hash.obj
 0001:00008210       _hb_hashScan               00409210 f   xhb:hash.obj
 0001:000082f0       _hb_hashRemove             004092f0 f   xhb:hash.obj
 0001:00008590       _hb_hashSet                00409590 f   xhb:hash.obj
 0001:00008670       _hb_hashSetForward         00409670 f   xhb:hash.obj
 0001:00008760       _hb_hashGet                00409760 f   xhb:hash.obj
 0001:00008860       _hb_hashGetForward         00409860 f   xhb:hash.obj
 0001:00008960       _hb_hashPreallocate        00409960 f   xhb:hash.obj
 0001:00008a40       _hb_hashClone              00409a40 f   xhb:hash.obj
 0001:00008b90       _hb_hashMerge              00409b90 f   xhb:hash.obj
 0001:00009020       _hb_hashSetAACompatibility 0040a020 f   xhb:hash.obj
 0001:000090d0       _hb_hashReleaseBase        0040a0d0 f   xhb:hash.obj
 0001:000091d0       _hb_hashRelease            0040a1d0 f   xhb:hash.obj
 0001:00009250       _hb_hashReleaseGarbage     0040a250 f   xhb:hash.obj
 0001:00009300       _hb_hashGetKeys            0040a300 f   xhb:hash.obj
 0001:000093f0       _hb_hashGetValues          0040a3f0 f   xhb:hash.obj
 0001:000094e0       _hb_hashGetKeyAt           0040a4e0 f   xhb:hash.obj
 0001:00009570       _hb_hashGetValueAt         0040a570 f   xhb:hash.obj
 0001:000095f0       _HB_FUN_HASH               0040a5f0 f   xhb:hash.obj
 0001:00009710       _HB_FUN_HGETPOS            0040a710 f   xhb:hash.obj
 0001:000097b0       _HB_FUN_HAAGETPOS          0040a7b0 f   xhb:hash.obj
 0001:00009890       _HB_FUN_HHASKEY            0040a890 f   xhb:hash.obj
 0001:00009930       _HB_FUN_HGET               0040a930 f   xhb:hash.obj
 0001:00009a10       _HB_FUN_HSET               0040aa10 f   xhb:hash.obj
 0001:00009ab0       _HB_FUN_HDEL               0040aab0 f   xhb:hash.obj
 0001:00009b70       _HB_FUN_HGETKEYAT          0040ab70 f   xhb:hash.obj
 0001:00009c40       _HB_FUN_HAAGETKEYAT        0040ac40 f   xhb:hash.obj
 0001:00009d60       _HB_FUN_HGETVALUEAT        0040ad60 f   xhb:hash.obj
 0001:00009e30       _HB_FUN_HAAGETVALUEAT      0040ae30 f   xhb:hash.obj
 0001:00009f50       _HB_FUN_HSETVALUEAT        0040af50 f   xhb:hash.obj
 0001:0000a060       _HB_FUN_HAASETVALUEAT      0040b060 f   xhb:hash.obj
 0001:0000a1d0       _HB_FUN_HGETPAIRAT         0040b1d0 f   xhb:hash.obj
 0001:0000a3b0       _HB_FUN_HDELAT             0040b3b0 f   xhb:hash.obj
 0001:0000a470       _HB_FUN_HAADELAT           0040b470 f   xhb:hash.obj
 0001:0000a580       _HB_FUN_HGETKEYS           0040b580 f   xhb:hash.obj
 0001:0000a5f0       _HB_FUN_HGETVALUES         0040b5f0 f   xhb:hash.obj
 0001:0000a660       _HB_FUN_HGETVAAPOS         0040b660 f   xhb:hash.obj
 0001:0000a710       _HB_FUN_HFILL              0040b710 f   xhb:hash.obj
 0001:0000a800       _HB_FUN_HSCAN              0040b800 f   xhb:hash.obj
 0001:0000a930       _HB_FUN_HEVAL              0040b930 f   xhb:hash.obj
 0001:0000aa50       _HB_FUN_HCLONE             0040ba50 f   xhb:hash.obj
 0001:0000aac0       _HB_FUN_HCOPY              0040bac0 f   xhb:hash.obj
 0001:0000ac00       _HB_FUN_HMERGE             0040bc00 f   xhb:hash.obj
 0001:0000acb0       _hb_hashSetCaseMatch       0040bcb0 f   xhb:hash.obj
 0001:0000acf0       _HB_FUN_HSETCASEMATCH      0040bcf0 f   xhb:hash.obj
 0001:0000ad80       _HB_FUN_HGETCASEMATCH      0040bd80 f   xhb:hash.obj
 0001:0000ade0       _HB_FUN_HSETAUTOADD        0040bde0 f   xhb:hash.obj
 0001:0000ae60       _HB_FUN_HGETAUTOADD        0040be60 f   xhb:hash.obj
 0001:0000aec0       _HB_FUN_HSETPARTITION      0040bec0 f   xhb:hash.obj
 0001:0000b090       _HB_FUN_HGETPARTITION      0040c090 f   xhb:hash.obj
 0001:0000b190       _HB_FUN_HALLOCATE          0040c190 f   xhb:hash.obj
 0001:0000b220       _HB_FUN_HSETAACOMPATIBILITY 0040c220 f   xhb:hash.obj
 0001:0000b2c0       _HB_FUN_HGETAACOMPATIBILITY 0040c2c0 f   xhb:hash.obj
 0001:0000b320       _HB_FUN_HAAGETREALPOS      0040c320 f   xhb:hash.obj
 0001:0000b3a0       _hb_hashAAGetRealPos       0040c3a0 f   xhb:hash.obj
 0001:0000b3e0       _hb_hashLen                0040c3e0 f   xhb:hash.obj
 0001:0000b400       _hb_hashGetCompatibility   0040c400 f   xhb:hash.obj
 0001:0000b430       _hb_hashId                 0040c430 f   xhb:hash.obj
 0001:0000b450       _HB_FUN_HB_HASHID          0040c450 f   xhb:hash.obj
 0001:0000b4c0       _HB_FUN___WAIT             0040c4c0 f   xhb:wait.obj
 0001:0000c5d0       _hb_jsonEncode             0040d5d0 f   xhb:hbjson.obj
 0001:0000c660       _hb_jsonDecode             0040d660 f   xhb:hbjson.obj
 0001:0000c6d0       _HB_FUN_HB_JSONENCODE      0040d6d0 f   xhb:hbjson.obj
 0001:0000c720       _HB_FUN_HB_JSONDECODE      0040d720 f   xhb:hbjson.obj
 0001:0000c8e0       _hb_clsInit                0040d8e0 f   xhb:classes.obj
 0001:0000ca50       _hb_clsDisableDestructors  0040da50 f   xhb:classes.obj
 0001:0000ca60       _hb_clsDestructorsAllowed  0040da60 f   xhb:classes.obj
 0001:0000ca70       _hb_clsClearAllClassDatas  0040da70 f   xhb:classes.obj
 0001:0000cab0       _hb_clsClearAll            0040dab0 f   xhb:classes.obj
 0001:0000caf0       _hb_clsReleaseAll          0040daf0 f   xhb:classes.obj
 0001:0000cba0       _hb_clsIsClassRef          0040dba0 f   xhb:classes.obj
 0001:0000d0e0       _hb_clsIsParent            0040e0e0 f   xhb:classes.obj
 0001:0000d160       _hb_objGetClsName          0040e160 f   xhb:classes.obj
 0001:0000d280       _hb_clsName                0040e280 f   xhb:classes.obj
 0001:0000d2b0       _hb_objGetRealCls          0040e2b0 f   xhb:classes.obj
 0001:0000d340       _hb_objGetRealClsName      0040e340 f   xhb:classes.obj
 0001:0000d480       _hb_objGetOpOver           0040e480 f   xhb:classes.obj
 0001:0000d4b0       _hb_objGetClsSymbol        0040e4b0 f   xhb:classes.obj
 0001:0000d6c0       _hb_objGetMethod           0040e6c0 f   xhb:classes.obj
 0001:0000d710       _hb_objGetMthd             0040e710 f   xhb:classes.obj
 0001:0000d990       _hb_clsHasMsg              0040e990 f   xhb:classes.obj
 0001:0000da20       _hb_objGetpMthd            0040ea20 f   xhb:classes.obj
 0001:0000da70       _hb_objGetpMethod          0040ea70 f   xhb:classes.obj
 0001:0000daa0       _hb_objHasMsg              0040eaa0 f   xhb:classes.obj
 0001:0000dac0       _hb_objHasMessage          0040eac0 f   xhb:classes.obj
 0001:0000ea70       _HB_FUN___CLSADDMSG        0040fa70 f   xhb:classes.obj
 0001:0000ec90       ___cls_CntMethods          0040fc90 f   xhb:classes.obj
 0001:0000f980       _HB_FUN___CLSNEW           00410980 f   xhb:classes.obj
 0001:0000fb00       _hb_clsDeactiveClass       00410b00 f   xhb:classes.obj
 0001:0000fb70       _HB_FUN___CLSISACTIVE      00410b70 f   xhb:classes.obj
 0001:0000fbd0       _HB_FUN___CLSACTIVE        00410bd0 f   xhb:classes.obj
 0001:0000fc60       _HB_FUN___CLSSETMODULE     00410c60 f   xhb:classes.obj
 0001:0000fce0       _HB_FUN___CLSDELMSG        00410ce0 f   xhb:classes.obj
 0001:0000fe40       _HB_FUN___CLSINST          00410e40 f   xhb:classes.obj
 0001:0000fe60       _hb_clsInst                00410e60 f   xhb:classes.obj
 0001:000102c0       _HB_FUN___CLSMODMSG        004112c0 f   xhb:classes.obj
 0001:000105e0       _HB_FUN___CLSMSGASSIGNED   004115e0 f   xhb:classes.obj
 0001:000106b0       _HB_FUN___OBJGETCLSNAME    004116b0 f   xhb:classes.obj
 0001:000106e0       _HB_FUN___CLSHASMSG        004116e0 f   xhb:classes.obj
 0001:000107b0       _HB_FUN___OBJHASMSG        004117b0 f   xhb:classes.obj
 0001:00010850       _hb_objClone               00411850 f   xhb:classes.obj
 0001:00010950       _HB_FUN___OBJCLONE         00411950 f   xhb:classes.obj
 0001:000109a0       _hb_objSendMsg             004119a0 f   xhb:classes.obj
 0001:00010a30       _hb_objSendSymbol          00411a30 f   xhb:classes.obj
 0001:00010a80       _hb_objSendMessage         00411a80 f   xhb:classes.obj
 0001:00010ad0       _HB_FUN___OBJSENDMSG       00411ad0 f   xhb:classes.obj
 0001:00010bb0       _HB_FUN___OBJSENDMSGCASE   00411bb0 f   xhb:classes.obj
 0001:00010c90       _HB_FUN___CLSINSTSUPER     00411c90 f   xhb:classes.obj
 0001:00010dd0       _HB_FUN___CLS_CNTCLSDATA   00411dd0 f   xhb:classes.obj
 0001:00010e30       _HB_FUN___CLS_CNTSHRDATA   00411e30 f   xhb:classes.obj
 0001:00010e70       _HB_FUN___CLS_CNTDATA      00411e70 f   xhb:classes.obj
 0001:00010ec0       _HB_FUN___CLS_DECDATA      00411ec0 f   xhb:classes.obj
 0001:00010f10       _HB_FUN___CLS_INCDATA      00411f10 f   xhb:classes.obj
 0001:00010f90       _HB_FUN___CLASSNAME        00411f90 f   xhb:classes.obj
 0001:00010ff0       _HB_FUN___CLASSSEL         00411ff0 f   xhb:classes.obj
 0001:000110a0       _HB_FUN___GETMEMBERS       004120a0 f   xhb:classes.obj
 0001:000112c0       _HB_FUN___GETMESSAGE       004122c0 f   xhb:classes.obj
 0001:000112f0       _HB_FUN___CLSPARENT        004122f0 f   xhb:classes.obj
 0001:00011340       _HB_FUN___SENDER           00412340 f   xhb:classes.obj
 0001:000113c0       _hb_objClassH              004123c0 f   xhb:classes.obj
 0001:000114e0       _HB_FUN___CLASSH           004124e0 f   xhb:classes.obj
 0001:00011510       _HB_FUN___EVAL             00412510 f   xhb:classes.obj
 0001:00011c10       _hb___msgGetClsData        00412c10 f   xhb:classes.obj
 0001:00011c60       _hb___msgSetClsData        00412c60 f   xhb:classes.obj
 0001:00011cc0       _hb___msgGetShrData        00412cc0 f   xhb:classes.obj
 0001:00011d10       _hb___msgSetShrData        00412d10 f   xhb:classes.obj
 0001:00011d80       _hb___msgGetData           00412d80 f   xhb:classes.obj
 0001:00011dd0       _hb___msgSetData           00412dd0 f   xhb:classes.obj
 0001:00011f20       _hb_clsClassesArray        00412f20 f   xhb:classes.obj
 0001:00011f30       _hb_clsMaxClasses          00412f30 f   xhb:classes.obj
 0001:00011f40       _HB_FUN___GETMSGPRF        00412f40 f   xhb:classes.obj
 0001:00011f70       _hb_mthAddTime             00412f70 f   xhb:classes.obj
 0001:00011f80       _hb_clsFinalize            00412f80 f   xhb:classes.obj
 0001:00012140       _HB_FUN___CLSGETPROPERTIES 00413140 f   xhb:classes.obj
 0001:00012200       _HB_FUN___CLSGETPROPERTIESANDVALUES 00413200 f   xhb:classes.obj
 0001:00012310       _HB_FUN___CLSGETIVARNAMESANDVALUES 00413310 f   xhb:classes.obj
 0001:00012460       _hb_clsSymbolFromFunction  00413460 f   xhb:classes.obj
 0001:000124d0       _HB_FUN_HB_OBJMSGPTR       004134d0 f   xhb:classes.obj
 0001:00012570       _hb_clsGetHandleFromName   00413570 f   xhb:classes.obj
 0001:000125d0       _HB_FUN___CLSGETHANDLEFROMNAME 004135d0 f   xhb:classes.obj
 0001:000126d0       _hb_clsSetModule           004136d0 f   xhb:classes.obj
 0001:00012710       _HB_FUN___SETCLASSSCOPE    00413710 f   xhb:classes.obj
 0001:00012760       _hb_clsSetScope            00413760 f   xhb:classes.obj
 0001:00012780       _HB_FUN___SETCLASSAUTOINIT 00413780 f   xhb:classes.obj
 0001:00012910       _HB_FUN___CLSADDFRIEND     00413910 f   xhb:classes.obj
 0001:00012950       _HB_FUN___CLSFRIENDLY      00413950 f   xhb:classes.obj
 0001:00012a70       _HB_FUN___CLSASSOCTYPE     00413a70 f   xhb:classes.obj
 0001:00012c40       _HB_FUN___CLSCNTCLASSES    00413c40 f   xhb:classes.obj
 0001:00012c60       _HB_FUN___CLSINSTNAME      00413c60 f   xhb:classes.obj
 0001:00012d40       _hb_clsCreate              00413d40 f   xhb:classes.obj
 0001:00012d70       _hb_clsAdd                 00413d70 f   xhb:classes.obj
 0001:00012da0       _hb_clsAddData             00413da0 f   xhb:classes.obj
 0001:00012dd0       _hb_clsAssociate           00413dd0 f   xhb:classes.obj
 0001:00012df0       _hb_clsAddDataInit         00413df0 f   xhb:classes.obj
 0001:00012e20       _hb_strLTrim               00413e20 f   xhb:trim.obj
 0001:00012e60       _hb_strRTrimLen            00413e60 f   xhb:trim.obj
 0001:00012ec0       _HB_FUN_LTRIM              00413ec0 f   xhb:trim.obj
 0001:00012f50       _HB_FUN_RTRIM              00413f50 f   xhb:trim.obj
 0001:00013000       _HB_FUN_TRIM               00414000 f   xhb:trim.obj
 0001:00013010       _HB_FUN_ALLTRIM            00414010 f   xhb:trim.obj
 0001:000130d0       _HB_FUN_STR                004140d0 f   xhb:str.obj
 0001:00013300       _hb_vmAtInit               00414300 f   xhb:hvm.obj
 0001:00013350       _hb_vmAtExit               00414350 f   xhb:hvm.obj
 0001:000133f0       _hb_vmIsMt                 004143f0 f   xhb:hvm.obj
 0001:00013400       _hb_vmLock                 00414400 f   xhb:hvm.obj
 0001:00013410       _hb_vmUnlock               00414410 f   xhb:hvm.obj
 0001:00013560       _hb_vmSymbolResolveDeferred 00414560 f   xhb:hvm.obj
 0001:000136a0       _hb_vmInit                 004146a0 f   xhb:hvm.obj
 0001:000139b0       _hb_vmReleaseLocalSymbols  004149b0 f   xhb:hvm.obj
 0001:00013a60       _hb_vmQuit                 00414a60 f   xhb:hvm.obj
 0001:00013d70       _hb_vmExecute              00414d70 f   xhb:hvm.obj
 0001:00018100       _HB_FUN_HB_VMEXECUTE       00419100 f   xhb:hvm.obj
 0001:000214d0       _hb_vmOperatorCall         004224d0 f   xhb:hvm.obj
 0001:000215a0       _hb_vmOperatorCallUnary    004225a0 f   xhb:hvm.obj
 0001:000218a0       _hb_vmDo                   004228a0 f   xhb:hvm.obj
 0001:00021b90       _hb_vmSend                 00422b90 f   xhb:hvm.obj
 0001:00022580       _hb_vmEvalBlock            00423580 f   xhb:hvm.obj
 0001:000225b0       _hb_vmEvalBlockV           004235b0 f   xhb:hvm.obj
 0001:00022600       _hb_vmEvalBlockOrMacro     00423600 f   xhb:hvm.obj
 0001:000226e0       _hb_vmDestroyBlockOrMacro  004236e0 f   xhb:hvm.obj
 0001:00022720       _hb_vmFunction             00423720 f   xhb:hvm.obj
 0001:00023c30       _hb_vmPush                 00424c30 f   xhb:hvm.obj
 0001:00023c70       _hb_vmPushState            00424c70 f   xhb:hvm.obj
 0001:00023cd0       _hb_vmPushNil              00424cd0 f   xhb:hvm.obj
 0001:00023d10       _hb_vmPushLogical          00424d10 f   xhb:hvm.obj
 0001:00023d60       _hb_vmPushNumber           00424d60 f   xhb:hvm.obj
 0001:00023d80       _hb_vmPushNumType          00424d80 f   xhb:hvm.obj
 0001:00023e40       _hb_vmPushNumInt           00424e40 f   xhb:hvm.obj
 0001:00023f10       _hb_vmPushInteger          00424f10 f   xhb:hvm.obj
 0001:00023fc0       _hb_vmPushLong             00424fc0 f   xhb:hvm.obj
 0001:00024110       _hb_vmPushDouble           00425110 f   xhb:hvm.obj
 0001:00024240       _hb_vmPushDate             00425240 f   xhb:hvm.obj
 0001:00024280       _hb_vmPushDateTime         00425280 f   xhb:hvm.obj
 0001:000242c0       _hb_vmPushPointer          004252c0 f   xhb:hvm.obj
 0001:00024300       _hb_vmPushString           00425300 f   xhb:hvm.obj
 0001:00024340       _hb_vmPushSymbol           00425340 f   xhb:hvm.obj
 0001:000243b0       _hb_vmPushDynSym           004253b0 f   xhb:hvm.obj
 0001:000243d0       _hb_vmPushEvalSym          004253d0 f   xhb:hvm.obj
 0001:00024b60       _hb_vmPopState             00425b60 f   xhb:hvm.obj
 0001:00025500       _hb_vmGetRealFuncSym       00426500 f   xhb:hvm.obj
 0001:00025550       _hb_vmFindModuleSymbols    00426550 f   xhb:hvm.obj
 0001:00025680       _hb_vmFreeSymbols          00426680 f   xhb:hvm.obj
 0001:00025700       _hb_vmBeginSymbolGroup     00426700 f   xhb:hvm.obj
 0001:00025720       _hb_vmInitSymbolGroup      00426720 f   xhb:hvm.obj
 0001:000258a0       _hb_vmExitSymbolGroup      004268a0 f   xhb:hvm.obj
 0001:00025960       _hb_vmRegisterSymbols      00426960 f   xhb:hvm.obj
 0001:00025fc0       _hb_vmProcessSymbols       00426fc0 f   xhb:hvm.obj
 0001:00026040       _hb_vmProcessSysDllSymbols 00427040 f   xhb:hvm.obj
 0001:000260c0       _hb_vmProcessPrgDllSymbols 004270c0 f   xhb:hvm.obj
 0001:00026150       _hb_vmProcessExeUsesDllSymbols 00427150 f   xhb:hvm.obj
 0001:000261d0       _hb_vmSymbols              004271d0 f   xhb:hvm.obj
 0001:000261e0       _hb_vmLastModule           004271e0 f   xhb:hvm.obj
 0001:00026210       _hb_vmExplicitStartup      00427210 f   xhb:hvm.obj
 0001:00026290       _hb_vmDoExitFunctions      00427290 f   xhb:hvm.obj
 0001:00026410       _hb_vmFindModule           00427410 f   xhb:hvm.obj
 0001:00026440       _hb_vmFindModuleByName     00427440 f   xhb:hvm.obj
 0001:000264c0       _hb_vmForceLink            004274c0 f   xhb:hvm.obj
 0001:000264d0       _HB_FUN_ERRORLEVEL         004274d0 f   xhb:hvm.obj
 0001:00026510       _hb_vmRequestQuit          00427510 f   xhb:hvm.obj
 0001:00026530       _hb_vmRequestEndProc       00427530 f   xhb:hvm.obj
 0001:00026550       _hb_vmRequestBreak         00427550 f   xhb:hvm.obj
 0001:000265c0       _hb_vmRequestCancel        004275c0 f   xhb:hvm.obj
 0001:00026700       _hb_vmRequestQuery         00427700 f   xhb:hvm.obj
 0001:00026710       _hb_vmRequestReenter       00427710 f   xhb:hvm.obj
 0001:00026770       _hb_vmRequestRestore       00427770 f   xhb:hvm.obj
 0001:00026870       _hb_vmRequestReset         00427870 f   xhb:hvm.obj
 0001:00026890       _hb_vmRequest              00427890 f   xhb:hvm.obj
 0001:000268b0       _hb_vmIsLocalRef           004278b0 f   xhb:hvm.obj
 0001:00026980       _hb_vmIsStaticRef          00427980 f   xhb:hvm.obj
 0001:00026990       _hb_vmRegisterGlobals      00427990 f   xhb:hvm.obj
 0001:00026a10       _hb_vmIsGlobalRef          00427a10 f   xhb:hvm.obj
 0001:00026a20       _HB_FUN___SETPROFILER      00427a20 f   xhb:hvm.obj
 0001:00026a30       _HB_FUN___TRACEPRGCALLS    00427a30 f   xhb:hvm.obj
 0001:00026a50       _hb_vmPushBaseArray        00427a50 f   xhb:hvm.obj
 0001:00026af0       _hb_vmPushItemRef          00427af0 f   xhb:hvm.obj
 0001:00026b40       _HB_FUN_HB_FUNCPTR         00427b40 f   xhb:hvm.obj
 0001:00026be0       _HB_FUN_HB_QSELF           00427be0 f   xhb:hvm.obj
 0001:00026c50       _HB_FUN___OPCOUNT          00427c50 f   xhb:hvm.obj
 0001:00026c70       _HB_FUN___OPGETPRF         00427c70 f   xhb:hvm.obj
 0001:00026ca0       _HB_FUN_HB_SAVEBLOCK       00427ca0 f   xhb:hvm.obj
 0001:00026dc0       _HB_FUN_HB_RESTOREBLOCK    00427dc0 f   xhb:hvm.obj
 0001:000270e0       _HB_FUN_HB_GUIERRORMESSAGE 004280e0 f   xhb:hvm.obj
 0001:000270f0       _HB_FUN_HB_NOMOUSE         004280f0 f   xhb:hvm.obj
 0001:00027100       _HB_FUN_HB_NOSTARTUPWINDOW 00428100 f   xhb:hvm.obj
 0001:00027110       _HB_FUN_HB_RESETWITH       00428110 f   xhb:hvm.obj
 0001:00027170       _HB_FUN_HB_WITHOBJECTCOUNTER 00428170 f   xhb:hvm.obj
 0001:00027190       _HB_FUN___TEXTINTO         00428190 f   xhb:hvm.obj
 0001:000271d0       _HB_FUN_HB_MULTITHREAD     004281d0 f   xhb:hvm.obj
 0001:000271f0       _HB_FUN_HB_VMMODE          004281f0 f   xhb:hvm.obj
 0001:00027250       _hb_xvmExitProc            00428250 f   xhb:hvm.obj
 0001:00027270       _hb_xvmSeqBegin            00428270 f   xhb:hvm.obj
 0001:00027300       _hb_xvmSeqEnd              00428300 f   xhb:hvm.obj
 0001:000273e0       _hb_xvmSeqRecover          004283e0 f   xhb:hvm.obj
 0001:00027460       _hb_xvmTryBegin            00428460 f   xhb:hvm.obj
 0001:00027490       _hb_xvmTryEnd              00428490 f   xhb:hvm.obj
 0001:000274d0       _hb_xvmTryEndFin           004284d0 f   xhb:hvm.obj
 0001:000275b0       _hb_xvmTryRecover          004285b0 f   xhb:hvm.obj
 0001:000275f0       _hb_xvmBeginFinally        004285f0 f   xhb:hvm.obj
 0001:00027610       _hb_xvmEndFinally          00428610 f   xhb:hvm.obj
 0001:00027650       _hb_xvmSetLine             00428650 f   xhb:hvm.obj
 0001:00027680       _hb_xvmBaseLine            00428680 f   xhb:hvm.obj
 0001:000276c0       _hb_xvmLineOffset          004286c0 f   xhb:hvm.obj
 0001:00027700       _hb_xvmClassSetModule      00428700 f   xhb:hvm.obj
 0001:000277b0       _hb_xvmIVarRef             004287b0 f   xhb:hvm.obj
 0001:00027b10       _hb_xvmFrame               00428b10 f   xhb:hvm.obj
 0001:00027b30       _hb_xvmSFrame              00428b30 f   xhb:hvm.obj
 0001:00027b40       _hb_xvmDo                  00428b40 f   xhb:hvm.obj
 0001:00027b70       _hb_xvmFunction            00428b70 f   xhb:hvm.obj
 0001:00027bf0       _hb_xvmSend                00428bf0 f   xhb:hvm.obj
 0001:00027c70       _hb_xvmSendWith            00428c70 f   xhb:hvm.obj
 0001:00027cf0       _hb_xvmRetValue            00428cf0 f   xhb:hvm.obj
 0001:00027d60       _hb_xvmStatics             00428d60 f   xhb:hvm.obj
 0001:00027d80       _hb_xvmParameter           00428d80 f   xhb:hvm.obj
 0001:00027da0       _hb_xvmPushLocal           00428da0 f   xhb:hvm.obj
 0001:00027db0       _hb_xvmPushLocalByRef      00428db0 f   xhb:hvm.obj
 0001:00027dc0       _hb_xvmPopLocal            00428dc0 f   xhb:hvm.obj
 0001:00027dd0       _hb_xvmPushStatic          00428dd0 f   xhb:hvm.obj
 0001:00027de0       _hb_xvmPushStaticByRef     00428de0 f   xhb:hvm.obj
 0001:00027df0       _hb_xvmPopStatic           00428df0 f   xhb:hvm.obj
 0001:00027e00       _hb_xvmPushGlobal          00428e00 f   xhb:hvm.obj
 0001:00027e20       _hb_xvmPushGlobalByRef     00428e20 f   xhb:hvm.obj
 0001:00027e70       _hb_xvmPopGlobal           00428e70 f   xhb:hvm.obj
 0001:00027f50       _hb_xvmPushVariable        00428f50 f   xhb:hvm.obj
 0001:00027f80       _hb_xvmPopVariable         00428f80 f   xhb:hvm.obj
 0001:00028010       _hb_xvmPushBlockShort      00429010 f   xhb:hvm.obj
 0001:00028030       _hb_xvmPushBlock           00429030 f   xhb:hvm.obj
 0001:00028050       _hb_xvmPushSelf            00429050 f   xhb:hvm.obj
 0001:00028070       _hb_xvmPopLogical          00429070 f   xhb:hvm.obj
 0001:000280a0       _hb_xvmPopAlias            004290a0 f   xhb:hvm.obj
 0001:00028100       _hb_xvmSwapAlias           00429100 f   xhb:hvm.obj
 0001:00028130       _hb_xvmPushField           00429130 f   xhb:hvm.obj
 0001:00028190       _hb_xvmPushAlias           00429190 f   xhb:hvm.obj
 0001:000281c0       _hb_xvmPushAliasedField    004291c0 f   xhb:hvm.obj
 0001:000281f0       _hb_xvmPushAliasedVar      004291f0 f   xhb:hvm.obj
 0001:00028220       _hb_xvmPopField            00429220 f   xhb:hvm.obj
 0001:000282b0       _hb_xvmPushMemvar          004292b0 f   xhb:hvm.obj
 0001:00028310       _hb_xvmPushMemvarByRef     00429310 f   xhb:hvm.obj
 0001:00028370       _hb_xvmPopMemvar           00429370 f   xhb:hvm.obj
 0001:00028400       _hb_xvmPopAliasedField     00429400 f   xhb:hvm.obj
 0001:00028430       _hb_xvmPopAliasedVar       00429430 f   xhb:hvm.obj
 0001:00028460       _hb_xvmLocalAddInt         00429460 f   xhb:hvm.obj
 0001:000284a0       _hb_xvmLocalAdd            004294a0 f   xhb:hvm.obj
 0001:00028570       _hb_xvmEqual               00429570 f   xhb:hvm.obj
 0001:000285a0       _hb_xvmAnd                 004295a0 f   xhb:hvm.obj
 0001:000285d0       _hb_xvmOr                  004295d0 f   xhb:hvm.obj
 0001:00028600       _hb_xvmNot                 00429600 f   xhb:hvm.obj
 0001:00028630       _hb_xvmNegate              00429630 f   xhb:hvm.obj
 0001:00028660       _hb_xvmPower               00429660 f   xhb:hvm.obj
 0001:00028690       _hb_xvmDuplicate           00429690 f   xhb:hvm.obj
 0001:000286a0       _hb_xvmDuplTwo             004296a0 f   xhb:hvm.obj
 0001:000286b0       _hb_xvmForTest             004296b0 f   xhb:hvm.obj
 0001:000286e0       _hb_xvmFuncPtr             004296e0 f   xhb:hvm.obj
 0001:000286f0       _hb_xvmNotEqual            004296f0 f   xhb:hvm.obj
 0001:00028720       _hb_xvmLess                00429720 f   xhb:hvm.obj
 0001:00028750       _hb_xvmLessEqual           00429750 f   xhb:hvm.obj
 0001:00028780       _hb_xvmGreater             00429780 f   xhb:hvm.obj
 0001:000287b0       _hb_xvmGreaterEqual        004297b0 f   xhb:hvm.obj
 0001:000287e0       _hb_xvmInstring            004297e0 f   xhb:hvm.obj
 0001:00028810       _hb_xvmAddInt              00429810 f   xhb:hvm.obj
 0001:00028850       _hb_xvmPlus                00429850 f   xhb:hvm.obj
 0001:000288f0       _hb_xvmMinus               004298f0 f   xhb:hvm.obj
 0001:00028920       _hb_xvmMultByInt           00429920 f   xhb:hvm.obj
 0001:00028a90       _hb_xvmMult                00429a90 f   xhb:hvm.obj
 0001:00028ac0       _hb_xvmDivideByInt         00429ac0 f   xhb:hvm.obj
 0001:00028ce0       _hb_xvmDivide              00429ce0 f   xhb:hvm.obj
 0001:00028d10       _hb_xvmModulus             00429d10 f   xhb:hvm.obj
 0001:00028d40       _hb_xvmInc                 00429d40 f   xhb:hvm.obj
 0001:00028d70       _hb_xvmDec                 00429d70 f   xhb:hvm.obj
 0001:00028da0       _hb_xvmBitAnd              00429da0 f   xhb:hvm.obj
 0001:00028dd0       _hb_xvmBitOr               00429dd0 f   xhb:hvm.obj
 0001:00028e00       _hb_xvmBitXor              00429e00 f   xhb:hvm.obj
 0001:00028e30       _hb_xvmBitShiftL           00429e30 f   xhb:hvm.obj
 0001:00028e60       _hb_xvmBitShiftR           00429e60 f   xhb:hvm.obj
 0001:00028e90       _hb_xvmLeft                00429e90 f   xhb:hvm.obj
 0001:00028f90       _hb_xvmRight               00429f90 f   xhb:hvm.obj
 0001:00029000       _hb_xvmLike                0042a000 f   xhb:hvm.obj
 0001:000290b0       _hb_xvmMatch               0042a0b0 f   xhb:hvm.obj
 0001:00029160       _hb_xvmArrayDim            0042a160 f   xhb:hvm.obj
 0001:00029170       _hb_xvmArrayGen            0042a170 f   xhb:hvm.obj
 0001:00029190       _hb_xvmHashGen             0042a190 f   xhb:hvm.obj
 0001:00029890       _hb_xvmArrayPush           0042a890 f   xhb:hvm.obj
 0001:000298c0       _hb_xvmArrayPushRef        0042a8c0 f   xhb:hvm.obj
 0001:000298f0       _hb_xvmArrayItemPush       0042a8f0 f   xhb:hvm.obj
 0001:00029920       _hb_xvmArrayPop            0042a920 f   xhb:hvm.obj
 0001:00029950       _hb_xvmArrayPopPlus        0042a950 f   xhb:hvm.obj
 0001:00029980       _hb_xvmArrayItemPop        0042a980 f   xhb:hvm.obj
 0001:000299b0       _hb_xvmPushDouble          0042a9b0 f   xhb:hvm.obj
 0001:000299d0       _hb_xvmPushLongLong        0042a9d0 f   xhb:hvm.obj
 0001:000299f0       _hb_xvmLocalName           0042a9f0 f   xhb:hvm.obj
 0001:00029a10       _hb_xvmStaticName          0042aa10 f   xhb:hvm.obj
 0001:00029a30       _hb_xvmModuleName          0042aa30 f   xhb:hvm.obj
 0001:00029a40       _hb_xvmMacroList           0042aa40 f   xhb:hvm.obj
 0001:00029a60       _hb_xvmMacroListEnd        0042aa60 f   xhb:hvm.obj
 0001:00029a80       _hb_xvmMacroPush           0042aa80 f   xhb:hvm.obj
 0001:00029ac0       _hb_xvmPushMacroRef        0042aac0 f   xhb:hvm.obj
 0001:00029b00       _hb_xvmMacroPushIndex      0042ab00 f   xhb:hvm.obj
 0001:00029c30       _hb_xvmMacroPushArg        0042ac30 f   xhb:hvm.obj
 0001:00029c90       _hb_xvmMacroPushList       0042ac90 f   xhb:hvm.obj
 0001:00029cd0       _hb_xvmMacroPushPare       0042acd0 f   xhb:hvm.obj
 0001:00029d10       _hb_xvmMacroPushAliased    0042ad10 f   xhb:hvm.obj
 0001:00029d50       _hb_xvmMacroPop            0042ad50 f   xhb:hvm.obj
 0001:00029d90       _hb_xvmMacroPopAliased     0042ad90 f   xhb:hvm.obj
 0001:00029dd0       _hb_xvmMacroSymbol         0042add0 f   xhb:hvm.obj
 0001:00029e00       _hb_xvmMacroText           0042ae00 f   xhb:hvm.obj
 0001:00029e30       _hb_xvmLocalSetInt         0042ae30 f   xhb:hvm.obj
 0001:00029ec0       _hb_xvmLocalSetStr         0042aec0 f   xhb:hvm.obj
 0001:00029f60       _hb_xvmSwitchCase          0042af60 f   xhb:hvm.obj
 0001:0002a070       _hb_xvmPushWith            0042b070 f   xhb:hvm.obj
 0001:0002a0a0       _hb_xvmWithObject          0042b0a0 f   xhb:hvm.obj
 0001:0002a1a0       _hb_xvmEndWithObject       0042b1a0 f   xhb:hvm.obj
 0001:0002a1f0       _hb_xvmEnumIndex           0042b1f0 f   xhb:hvm.obj
 0001:0002a260       _hb_xvmForEach             0042b260 f   xhb:hvm.obj
 0001:0002a490       _hb_xvmEnumerate           0042b490 f   xhb:hvm.obj
 0001:0002a660       _hb_xvmEndEnumerate        0042b660 f   xhb:hvm.obj
 0001:0002a750       _hb_xvmLocalSetStringHidden 0042b750 f   xhb:hvm.obj
 0001:0002a810       _hb_xvmPushStringHidden    0042b810 f   xhb:hvm.obj
 0001:0002a840       _hb_xvmDivert              0042b840 f   xhb:hvm.obj
 0001:0002a850       _hb_vmRequestDebug         0042b850 f   xhb:hvm.obj
 0001:0002a860       _hb_dbg_InvokeDebug        0042b860 f   xhb:hvm.obj
 0001:0002a880       _hb_dbg_SetEntry           0042b880 f   xhb:hvm.obj
 0001:0002a8a0       _hb_dbg_vmVarSGet          0042b8a0 f   xhb:hvm.obj
 0001:0002a8c0       _hb_dbg_ProcLevel          0042b8c0 f   xhb:hvm.obj
 0001:0002a8d0       _HB_FUN_HB_DBG_INVOKEDEBUG 0042b8d0 f   xhb:hvm.obj
 0001:0002a930       _HB_FUN_HB_DBG_VMVARSLIST  0042b930 f   xhb:hvm.obj
 0001:0002a960       _HB_FUN_HB_DBG_VMVARSLEN   0042b960 f   xhb:hvm.obj
 0001:0002a980       _HB_FUN_HB_DBG_VMVARSGET   0042b980 f   xhb:hvm.obj
 0001:0002a9c0       _HB_FUN_HB_DBG_VMVARSSET   0042b9c0 f   xhb:hvm.obj
 0001:0002aa10       _HB_FUN_HB_DBG_PROCLEVEL   0042ba10 f   xhb:hvm.obj
 0001:0002aa30       _hb_dbg_vmVarGCount        0042ba30 f   xhb:hvm.obj
 0001:0002aa40       _hb_dbg_vmVarGGet          0042ba40 f   xhb:hvm.obj
 0001:0002aa60       _HB_FUN_HB_DBG_VMVARGLIST  0042ba60 f   xhb:hvm.obj
 0001:0002aa90       _HB_FUN_HB_DBG_VMVARGGET   0042ba90 f   xhb:hvm.obj
 0001:0002aad0       _HB_FUN_HB_DBG_VMVARGSET   0042bad0 f   xhb:hvm.obj
 0001:0002ab20       _HB_FUN___VMVARGLIST       0042bb20 f   xhb:hvm.obj
 0001:0002ab30       _HB_FUN___VMVARSLIST       0042bb30 f   xhb:hvm.obj
 0001:0002ab40       _HB_FUN___VMVARSLEN        0042bb40 f   xhb:hvm.obj
 0001:0002ab50       _HB_FUN___VMVARSGET        0042bb50 f   xhb:hvm.obj
 0001:0002ab60       _HB_FUN___VMVARSSET        0042bb60 f   xhb:hvm.obj
 0001:0002ab70       _HB_FUN_LEN                0042bb70 f   xhb:len.obj
 0001:0002ba90       _HB_FUN_ERRORNEW           0042ca90 f   xhb:errorapi.obj
 0001:0002bca0       _HB_FUN___ERRINHANDLER     0042cca0 f   xhb:errorapi.obj
 0001:0002bcc0       _HB_FUN_ERRORBLOCK         0042ccc0 f   xhb:errorapi.obj
 0001:0002bd00       _hb_errorBlock             0042cd00 f   xhb:errorapi.obj
 0001:0002bd30       _hb_errorHandler           0042cd30 f   xhb:errorapi.obj
 0001:0002bd60       _HB_FUN_DOSERROR           0042cd60 f   xhb:errorapi.obj
 0001:0002bda0       _hb_errInit                0042cda0 f   xhb:errorapi.obj
 0001:0002be10       _hb_errExit                0042ce10 f   xhb:errorapi.obj
 0001:0002be40       _hb_errNew                 0042ce40 f   xhb:errorapi.obj
 0001:0002bf90       _hb_errLaunch              0042cf90 f   xhb:errorapi.obj
 0001:0002c220       _hb_errLaunchSubst         0042d220 f   xhb:errorapi.obj
 0001:0002c3f0       _hb_errRelease             0042d3f0 f   xhb:errorapi.obj
 0001:0002c400       _hb_errGetCargo            0042d400 f   xhb:errorapi.obj
 0001:0002c420       _hb_errPutCargo            0042d420 f   xhb:errorapi.obj
 0001:0002c440       _hb_errGetArgs             0042d440 f   xhb:errorapi.obj
 0001:0002c460       _hb_errPutArgsArray        0042d460 f   xhb:errorapi.obj
 0001:0002c480       _hb_errGetDescription      0042d480 f   xhb:errorapi.obj
 0001:0002c4a0       _hb_errPutDescription      0042d4a0 f   xhb:errorapi.obj
 0001:0002c4c0       _hb_errGetFileName         0042d4c0 f   xhb:errorapi.obj
 0001:0002c4e0       _hb_errPutFileName         0042d4e0 f   xhb:errorapi.obj
 0001:0002c500       _hb_errGetGenCode          0042d500 f   xhb:errorapi.obj
 0001:0002c520       _hb_errPutGenCode          0042d520 f   xhb:errorapi.obj
 0001:0002c540       _hb_errGetOperation        0042d540 f   xhb:errorapi.obj
 0001:0002c560       _hb_errPutOperation        0042d560 f   xhb:errorapi.obj
 0001:0002c5b0       _hb_errGetOsCode           0042d5b0 f   xhb:errorapi.obj
 0001:0002c5d0       _hb_errPutOsCode           0042d5d0 f   xhb:errorapi.obj
 0001:0002c5f0       _hb_errGetSeverity         0042d5f0 f   xhb:errorapi.obj
 0001:0002c610       _hb_errPutSeverity         0042d610 f   xhb:errorapi.obj
 0001:0002c630       _hb_errGetSubCode          0042d630 f   xhb:errorapi.obj
 0001:0002c650       _hb_errPutSubCode          0042d650 f   xhb:errorapi.obj
 0001:0002c670       _hb_errGetSubSystem        0042d670 f   xhb:errorapi.obj
 0001:0002c690       _hb_errPutSubSystem        0042d690 f   xhb:errorapi.obj
 0001:0002c6b0       _hb_errGetProcName         0042d6b0 f   xhb:errorapi.obj
 0001:0002c6d0       _hb_errPutProcName         0042d6d0 f   xhb:errorapi.obj
 0001:0002c6f0       _hb_errGetProcLine         0042d6f0 f   xhb:errorapi.obj
 0001:0002c710       _hb_errPutProcLine         0042d710 f   xhb:errorapi.obj
 0001:0002c730       _hb_errGetThreadId         0042d730 f   xhb:errorapi.obj
 0001:0002c750       _hb_errPutThreadId         0042d750 f   xhb:errorapi.obj
 0001:0002c770       _hb_errGetRunningThreads   0042d770 f   xhb:errorapi.obj
 0001:0002c790       _hb_errPutRunningThreads   0042d790 f   xhb:errorapi.obj
 0001:0002c7b0       _hb_errGetVmThreadId       0042d7b0 f   xhb:errorapi.obj
 0001:0002c7d0       _hb_errPutVmThreadId       0042d7d0 f   xhb:errorapi.obj
 0001:0002c7f0       _hb_errGetModuleName       0042d7f0 f   xhb:errorapi.obj
 0001:0002c810       _hb_errPutModuleName       0042d810 f   xhb:errorapi.obj
 0001:0002c830       _hb_errGetCallStack        0042d830 f   xhb:errorapi.obj
 0001:0002c850       _hb_errPutCallStack        0042d850 f   xhb:errorapi.obj
 0001:0002c870       _hb_errGetTries            0042d870 f   xhb:errorapi.obj
 0001:0002c890       _hb_errPutTries            0042d890 f   xhb:errorapi.obj
 0001:0002c8b0       _hb_errGetFlags            0042d8b0 f   xhb:errorapi.obj
 0001:0002c8d0       _hb_errPutFlags            0042d8d0 f   xhb:errorapi.obj
 0001:0002c960       _hb_errPutArgs             0042d960 f   xhb:errorapi.obj
 0001:0002c9b0       _hb_errRT_New              0042d9b0 f   xhb:errorapi.obj
 0001:0002ca80       _hb_errRT_New_Subst        0042da80 f   xhb:errorapi.obj
 0001:0002cb60       _hb_errRT_SubstParams      0042db60 f   xhb:errorapi.obj
 0001:0002cbe0       _hb_errRT_FileError        0042dbe0 f   xhb:errorapi.obj
 0001:0002cca0       _HB_FUN___ERRRT_BASE       0042dca0 f   xhb:errorapi.obj
 0001:0002cd10       _HB_FUN___ERRRT_SBASE      0042dd10 f   xhb:errorapi.obj
 0001:0002cd80       _hb_errRT_BASE             0042dd80 f   xhb:errorapi.obj
 0001:0002ce70       _hb_errRT_BASE_Ext1        0042de70 f   xhb:errorapi.obj
 0001:0002cf70       _hb_errRT_BASE_Subst       0042df70 f   xhb:errorapi.obj
 0001:0002d060       _hb_errRT_BASE_SubstR      0042e060 f   xhb:errorapi.obj
 0001:0002d150       _hb_errRT_TERM             0042e150 f   xhb:errorapi.obj
 0001:0002d1a0       _hb_errRT_DBCMD            0042e1a0 f   xhb:errorapi.obj
 0001:0002d200       _hb_errRT_DBCMD_Ext        0042e200 f   xhb:errorapi.obj
 0001:0002d250       _hb_errRT_TOOLS            0042e250 f   xhb:errorapi.obj
 0001:0002d2a0       _hb_errInternal            0042e2a0 f   xhb:errorapi.obj
 0001:0002d440       _HB_FUN_BREAK              0042e440 f   xhb:break.obj
 0001:0002d460       _HB_FUN_EMPTY              0042e460 f   xhb:empty.obj
 0001:0002dd10       _HB_FUN_CTOD               0042ed10 f   xhb:dateshb.obj
 0001:0002dda0       _HB_FUN_DTOC               0042eda0 f   xhb:dateshb.obj
 0001:0002de10       _HB_FUN_DTOS               0042ee10 f   xhb:dateshb.obj
 0001:0002de70       _HB_FUN_STOD               0042ee70 f   xhb:dateshb.obj
 0001:0002dee0       _HB_FUN_YEAR               0042eee0 f   xhb:dateshb.obj
 0001:0002df50       _HB_FUN_MONTH              0042ef50 f   xhb:dateshb.obj
 0001:0002dfc0       _HB_FUN_DAY                0042efc0 f   xhb:dateshb.obj
 0001:0002e030       _HB_FUN_TIME               0042f030 f   xhb:dateshb.obj
 0001:0002e060       _HB_FUN_TIMEOFDAY          0042f060 f   xhb:dateshb.obj
 0001:0002e0f0       _HB_FUN_DATE               0042f0f0 f   xhb:dateshb.obj
 0001:0002e130       _HB_FUN_DOW                0042f130 f   xhb:dateshb.obj
 0001:0002e190       _HB_FUN_DATETIME           0042f190 f   xhb:dateshb.obj
 0001:0002e280       _HB_FUN_TTOD               0042f280 f   xhb:dateshb.obj
 0001:0002e2d0       _HB_FUN_TTOS               0042f2d0 f   xhb:dateshb.obj
 0001:0002e330       _HB_FUN_TTOC               0042f330 f   xhb:dateshb.obj
 0001:0002e410       _HB_FUN_HOUR               0042f410 f   xhb:dateshb.obj
 0001:0002e480       _HB_FUN_MINUTE             0042f480 f   xhb:dateshb.obj
 0001:0002e4f0       _HB_FUN_SECS               0042f4f0 f   xhb:dateshb.obj
 0001:0002e550       _HB_FUN_CTOT               0042f550 f   xhb:dateshb.obj
 0001:0002e6e0       _HB_FUN_STOT               0042f6e0 f   xhb:dateshb.obj
 0001:0002e7b0       _HB_FUN_HMS2D              0042f7b0 f   xhb:dateshb.obj
 0001:0002e810       _HB_FUN_SUBSTR             0042f810 f   xhb:substr.obj
 0001:0002e980       _HB_FUN_STRTRAN            0042f980 f   xhb:strtran.obj
 0001:0002ece0       _HB_FUN_FILE               0042fce0 f   xhb:filehb.obj
 0001:0002ed10       _HB_FUN_ISDIRECTORY        0042fd10 f   xhb:filehb.obj
 0001:0002ed40       _HB_FUN_DIRCHANGE          0042fd40 f   xhb:dirdrive.obj
 0001:0002eda0       _HB_FUN_MAKEDIR            0042fda0 f   xhb:dirdrive.obj
 0001:0002ee00       _HB_FUN_DIRREMOVE          0042fe00 f   xhb:dirdrive.obj
 0001:0002ee60       _HB_FUN_ISDISK             0042fe60 f   xhb:dirdrive.obj
 0001:0002ef10       _HB_FUN_DISKCHANGE         0042ff10 f   xhb:dirdrive.obj
 0001:0002efc0       _HB_FUN_DISKNAME           0042ffc0 f   xhb:dirdrive.obj
 0001:0002f000       _Base64Encode              00430000 f   xhb:base64.obj
 0001:0002f190       _Base64Decode              00430190 f   xhb:base64.obj
 0001:0002f470       _HB_FUN_HB_BASE64ENCODE    00430470 f   xhb:base64.obj
 0001:0002f4b0       _HB_FUN_HB_BASE64DECODE    004304b0 f   xhb:base64.obj
 0001:0002f580       _HB_FUN_HB_BASE64ENCODEFILE 00430580 f   xhb:base64.obj
 0001:0002f640       _HB_FUN_HB_BASE64DECODEFILE 00430640 f   xhb:base64.obj
 0001:0002f6f0       _HB_FUN_FOPEN              004306f0 f   xhb:philes.obj
 0001:0002f790       _HB_FUN_FCREATE            00430790 f   xhb:philes.obj
 0001:0002f820       _HB_FUN_HB_FCREATE         00430820 f   xhb:philes.obj
 0001:0002f8e0       _HB_FUN_FREAD              004308e0 f   xhb:philes.obj
 0001:0002f9d0       _HB_FUN_FWRITE             004309d0 f   xhb:philes.obj
 0001:0002faa0       _HB_FUN_FERROR             00430aa0 f   xhb:philes.obj
 0001:0002fad0       _HB_FUN_FCLOSE             00430ad0 f   xhb:philes.obj
 0001:0002fb40       _HB_FUN_FERASE             00430b40 f   xhb:philes.obj
 0001:0002fba0       _HB_FUN_FRENAME            00430ba0 f   xhb:philes.obj
 0001:0002fc20       _HB_FUN_FSEEK              00430c20 f   xhb:philes.obj
 0001:0002fce0       _HB_FUN_FREADSTR           00430ce0 f   xhb:philes.obj
 0001:0002fd90       _HB_FUN_CURDIR             00430d90 f   xhb:philes.obj
 0001:0002fe10       _HB_FUN_HB_F_EOF           00430e10 f   xhb:philes.obj
 0001:0002fe60       _HB_FUN_CURDIRX            00430e60 f   xhb:philes.obj
 0001:0002ff30       _HB_FUN_HB_FCOMMIT         00430f30 f   xhb:philes.obj
 0001:0002ff70       _HB_FUN_HB_FLOCK           00430f70 f   xhb:philes.obj
 0001:00030040       _HB_FUN_HB_FUNLOCK         00431040 f   xhb:philes.obj
 0001:000300f0       _HB_FUN_HB_OSERROR         004310f0 f   xhb:philes.obj
 0001:00030110       _HB_FUN_HB_OSPATHSEPARATOR 00431110 f   xhb:philes.obj
 0001:00030120       _HB_FUN_HB_OSPATHLISTSEPARATOR 00431120 f   xhb:philes.obj
 0001:00030130       _HB_FUN_HB_OSPATHDELIMITERS 00431130 f   xhb:philes.obj
 0001:00030140       _HB_FUN_HB_OSDRIVESEPARATOR 00431140 f   xhb:philes.obj
 0001:00030150       _HB_FUN_HB_OSFILEMASK      00431150 f   xhb:philes.obj
 0001:00030160       _HB_FUN_HB_OPENPROCESS     00431160 f   xhb:philes.obj
 0001:000304a0       _HB_FUN_HB_CLOSEPROCESS    004314a0 f   xhb:philes.obj
 0001:00030550       _HB_FUN_HB_PROCESSVALUE    00431550 f   xhb:philes.obj
 0001:00030600       _HB_FUN_MEMOREAD           00431600 f   xhb:memofile.obj
 0001:000307c0       _HB_FUN_HB_MEMOWRIT        004317c0 f   xhb:memofile.obj
 0001:000307e0       _HB_FUN_MEMOWRIT           004317e0 f   xhb:memofile.obj
 0001:00030830       _HB_FUN_VAL                00431830 f   xhb:val.obj
 0001:00030920       _HB_FUN_CREATEOBJECT       00431920 f   xhb:win32ole.obj
 0001:00030940       _HB_FUN_GETACTIVEOBJECT    00431940 f   xhb:win32ole.obj
 0001:00030960       _HB_FUN_OLEDEFAULTARG      00431960 f   xhb:win32ole.obj
 0001:00030980       _HB_FUN_VTWRAPPER          00431980 f   xhb:win32ole.obj
 0001:000309c0       _HB_FUN_VTARRAYWRAPPER     004319c0 f   xhb:win32ole.obj
 0001:00030a20       _HB_FUN_TOLEAUTO           00431a20 f   xhb:win32ole.obj
 0001:00030e80       _hb_selectWriteExceptSocket 00431e80 f   xhb:inet.obj
 0001:000312f0       _HB_FUN_INETINIT           004322f0 f   xhb:inet.obj
 0001:00031330       _HB_FUN_INETCLEANUP        00432330 f   xhb:inet.obj
 0001:00031350       _HB_FUN_INETCREATE         00432350 f   xhb:inet.obj
 0001:000313d0       _HB_FUN_INETCLOSE          004323d0 f   xhb:inet.obj
 0001:00031450       _HB_FUN_INETDESTROY        00432450 f   xhb:inet.obj
 0001:00031460       _HB_FUN_INETSTATUS         00432460 f   xhb:inet.obj
 0001:000314d0       _HB_FUN_INETERRORCODE      004324d0 f   xhb:inet.obj
 0001:00031530       _HB_FUN_INETERRORDESC      00432530 f   xhb:inet.obj
 0001:00031590       _HB_FUN_INETCLEARERROR     00432590 f   xhb:inet.obj
 0001:000315f0       _HB_FUN_INETCOUNT          004325f0 f   xhb:inet.obj
 0001:00031650       _HB_FUN_INETADDRESS        00432650 f   xhb:inet.obj
 0001:000316c0       _HB_FUN_INETPORT           004326c0 f   xhb:inet.obj
 0001:00031720       _HB_FUN_INETSETTIMEOUT     00432720 f   xhb:inet.obj
 0001:000317a0       _HB_FUN_INETGETTIMEOUT     004327a0 f   xhb:inet.obj
 0001:00031800       _HB_FUN_INETCLEARTIMEOUT   00432800 f   xhb:inet.obj
 0001:00031850       _HB_FUN_INETSETTIMELIMIT   00432850 f   xhb:inet.obj
 0001:000318d0       _HB_FUN_INETGETTIMELIMIT   004328d0 f   xhb:inet.obj
 0001:00031930       _HB_FUN_INETCLEARTIMELIMIT 00432930 f   xhb:inet.obj
 0001:00031980       _HB_FUN_INETSETPERIODCALLBACK 00432980 f   xhb:inet.obj
 0001:00031a10       _HB_FUN_INETGETPERIODCALLBACK 00432a10 f   xhb:inet.obj
 0001:00031a70       _HB_FUN_INETCLEARPERIODCALLBACK 00432a70 f   xhb:inet.obj
 0001:00031ad0       _HB_FUN_INETGETSNDBUFSIZE  00432ad0 f   xhb:inet.obj
 0001:00031b50       _HB_FUN_INETGETRCVBUFSIZE  00432b50 f   xhb:inet.obj
 0001:00031bd0       _HB_FUN_INETSETSNDBUFSIZE  00432bd0 f   xhb:inet.obj
 0001:00031c60       _HB_FUN_INETSETRCVBUFSIZE  00432c60 f   xhb:inet.obj
 0001:00031f20       _HB_FUN_INETRECV           00432f20 f   xhb:inet.obj
 0001:00031f40       _HB_FUN_INETRECVALL        00432f40 f   xhb:inet.obj
 0001:00032230       _HB_FUN_INETRECVLINE       00433230 f   xhb:inet.obj
 0001:00032250       _HB_FUN_INETRECVENDBLOCK   00433250 f   xhb:inet.obj
 0001:000327b0       _HB_FUN_INETDATAREADY      004337b0 f   xhb:inet.obj
 0001:00032b30       _HB_FUN_INETSEND           00433b30 f   xhb:inet.obj
 0001:00032b50       _HB_FUN_INETSENDALL        00433b50 f   xhb:inet.obj
 0001:00032b70       _HB_FUN_INETGETHOSTS       00433b70 f   xhb:inet.obj
 0001:00032c30       _HB_FUN_INETGETALIAS       00433c30 f   xhb:inet.obj
 0001:00032cf0       _HB_FUN_INETSERVER         00433cf0 f   xhb:inet.obj
 0001:00032f60       _HB_FUN_INETACCEPT         00433f60 f   xhb:inet.obj
 0001:000330f0       _HB_FUN_INETCONNECT        004340f0 f   xhb:inet.obj
 0001:000332c0       _HB_FUN_INETCONNECTIP      004342c0 f   xhb:inet.obj
 0001:00033480       _HB_FUN_INETDGRAMBIND      00434480 f   xhb:inet.obj
 0001:000336e0       _HB_FUN_INETDGRAM          004346e0 f   xhb:inet.obj
 0001:000337c0       _HB_FUN_INETDGRAMSEND      004347c0 f   xhb:inet.obj
 0001:00033970       _HB_FUN_INETDGRAMRECV      00434970 f   xhb:inet.obj
 0001:00033b50       _HB_FUN_INETCRLF           00434b50 f   xhb:inet.obj
 0001:00033b60       _HB_FUN_INETISSOCKET       00434b60 f   xhb:inet.obj
 0001:00033b90       _HB_FUN___QUIT             00434b90 f   xhb:initexit.obj
 0001:000343c0       _hb_set_SetPrinterStart    004353c0 f   xhb:set.obj
 0001:00034420       _hb_set_SetPrinterStop     00435420 f   xhb:set.obj
 0001:00034470       _hb_setSetCentury          00435470 f   xhb:set.obj
 0001:00034620       _HB_FUN___SETCENTURY       00435620 f   xhb:set.obj
 0001:00034680       _HB_FUN_SETCANCEL          00435680 f   xhb:set.obj
 0001:000346d0       _HB_FUN_SET                004356d0 f   xhb:set.obj
 0001:00036aa0       _hb_setInitialize          00437aa0 f   xhb:set.obj
 0001:00036f40       _hb_setRelease             00437f40 f   xhb:set.obj
 0001:00037220       _hb_setClone               00438220 f   xhb:set.obj
 0001:00037450       _hb_setListenerAdd         00438450 f   xhb:set.obj
 0001:000374d0       _hb_setListenerNotify      004384d0 f   xhb:set.obj
 0001:00037500       _hb_setListenerRemove      00438500 f   xhb:set.obj
 0001:000377a0       _hb_setSetItem             004387a0 f   xhb:set.obj
 0001:000387d0       _hb_setSetItem2            004397d0 f   xhb:set.obj
 0001:000388c0       _hb_setGetL                004398c0 f   xhb:set.obj
 0001:00038aa0       _hb_setGetCPtr             00439aa0 f   xhb:set.obj
 0001:00038bb0       _hb_setGetNI               00439bb0 f   xhb:set.obj
 0001:00038cb0       _hb_setGetNL               00439cb0 f   xhb:set.obj
 0001:00038cc0       _hb_setGetFirstSetPath     00439cc0 f   xhb:set.obj
 0001:00038cd0       _hb_setGetAltHan           00439cd0 f   xhb:set.obj
 0001:00038ce0       _hb_setGetCentury          00439ce0 f   xhb:set.obj
 0001:00038cf0       _hb_setGetExtraHan         00439cf0 f   xhb:set.obj
 0001:00038d00       _hb_setGetPrintHan         00439d00 f   xhb:set.obj
 0001:00038d10       _hb_setGetAlternate        00439d10 f   xhb:set.obj
 0001:00038d20       _hb_setGetAltFile          00439d20 f   xhb:set.obj
 0001:00038d30       _hb_setGetAutOpen          00439d30 f   xhb:set.obj
 0001:00038d40       _hb_setGetAutOrder         00439d40 f   xhb:set.obj
 0001:00038d50       _hb_setGetAutoShare        00439d50 f   xhb:set.obj
 0001:00038d60       _hb_setGetBell             00439d60 f   xhb:set.obj
 0001:00038d70       _hb_setGetCancel           00439d70 f   xhb:set.obj
 0001:00038d80       _hb_setGetColor            00439d80 f   xhb:set.obj
 0001:00038d90       _hb_setGetConfirm          00439d90 f   xhb:set.obj
 0001:00038da0       _hb_setGetConsole          00439da0 f   xhb:set.obj
 0001:00038db0       _hb_setGetDateFormat       00439db0 f   xhb:set.obj
 0001:00038dc0       _hb_setGetTimeFormat       00439dc0 f   xhb:set.obj
 0001:00038dd0       _hb_setGetDebug            00439dd0 f   xhb:set.obj
 0001:00038de0       _hb_setGetDecimals         00439de0 f   xhb:set.obj
 0001:00038df0       _hb_setGetDefault          00439df0 f   xhb:set.obj
 0001:00038e00       _hb_setGetDeleted          00439e00 f   xhb:set.obj
 0001:00038e10       _hb_setGetDelimChars       00439e10 f   xhb:set.obj
 0001:00038e20       _hb_setGetDelimiters       00439e20 f   xhb:set.obj
 0001:00038e30       _hb_setGetDevice           00439e30 f   xhb:set.obj
 0001:00038e40       _hb_setGetEOF              00439e40 f   xhb:set.obj
 0001:00038e50       _hb_setGetEpoch            00439e50 f   xhb:set.obj
 0001:00038e60       _hb_setGetEscape           00439e60 f   xhb:set.obj
 0001:00038e70       _hb_setGetEventMask        00439e70 f   xhb:set.obj
 0001:00038e80       _hb_setGetExact            00439e80 f   xhb:set.obj
 0001:00038e90       _hb_setGetExclusive        00439e90 f   xhb:set.obj
 0001:00038ea0       _hb_setGetExit             00439ea0 f   xhb:set.obj
 0001:00038eb0       _hb_setGetExtra            00439eb0 f   xhb:set.obj
 0001:00038ec0       _hb_setGetExtraFile        00439ec0 f   xhb:set.obj
 0001:00038ed0       _hb_setGetFixed            00439ed0 f   xhb:set.obj
 0001:00038ee0       _hb_setGetIdleRepeat       00439ee0 f   xhb:set.obj
 0001:00038ef0       _hb_setGetInsert           00439ef0 f   xhb:set.obj
 0001:00038f00       _hb_setGetIntensity        00439f00 f   xhb:set.obj
 0001:00038f10       _hb_setGetPath             00439f10 f   xhb:set.obj
 0001:00038f20       _hb_setGetMargin           00439f20 f   xhb:set.obj
 0001:00038f30       _hb_setGetMBlockSize       00439f30 f   xhb:set.obj
 0001:00038f40       _hb_setGetMCenter          00439f40 f   xhb:set.obj
 0001:00038f50       _hb_setGetMessage          00439f50 f   xhb:set.obj
 0001:00038f60       _hb_setGetMFileExt         00439f60 f   xhb:set.obj
 0001:00038f70       _hb_setGetOptimize         00439f70 f   xhb:set.obj
 0001:00038f80       _hb_setGetPrinter          00439f80 f   xhb:set.obj
 0001:00038f90       _hb_setGetPrintFile        00439f90 f   xhb:set.obj
 0001:00038fa0       _hb_setGetScoreBoard       00439fa0 f   xhb:set.obj
 0001:00038fb0       _hb_setGetScrollBreak      00439fb0 f   xhb:set.obj
 0001:00038fc0       _hb_setGetSoftSeek         00439fc0 f   xhb:set.obj
 0001:00038fd0       _hb_setGetStrictRead       00439fd0 f   xhb:set.obj
 0001:00038fe0       _hb_setGetTypeAhead        00439fe0 f   xhb:set.obj
 0001:00038ff0       _hb_setGetUnique           00439ff0 f   xhb:set.obj
 0001:00039000       _hb_setGetFileCase         0043a000 f   xhb:set.obj
 0001:00039010       _hb_setGetDirCase          0043a010 f   xhb:set.obj
 0001:00039020       _hb_setGetDirSeparator     0043a020 f   xhb:set.obj
 0001:00039030       _hb_setGetVideoMode        0043a030 f   xhb:set.obj
 0001:00039040       _hb_setGetWrap             0043a040 f   xhb:set.obj
 0001:00039050       _hb_setGetDBFLockScheme    0043a050 f   xhb:set.obj
 0001:00039060       _hb_setGetHardCommit       0043a060 f   xhb:set.obj
 0001:00039070       _hb_setGetForceOpt         0043a070 f   xhb:set.obj
 0001:00039080       _hb_setGetDefExtension     0043a080 f   xhb:set.obj
 0001:00039090       _hb_setGetEOL              0043a090 f   xhb:set.obj
 0001:000390a0       _hb_setGetTrimFileName     0043a0a0 f   xhb:set.obj
 0001:000390b0       _hb_setGetOSCODEPAGE       0043a0b0 f   xhb:set.obj
 0001:000390c0       _hb_osEncodeCP             0043a0c0 f   xhb:set.obj
 0001:00039180       _hb_osDecodeCP             0043a180 f   xhb:set.obj
 0001:00039240       _hb_setGetAppendError      0043a240 f   xhb:set.obj
 0001:00039250       _hb_setGetErrorLog         0043a250 f   xhb:set.obj
 0001:00039260       _hb_setGetTrace            0043a260 f   xhb:set.obj
 0001:00039270       _hb_setGetTraceFile        0043a270 f   xhb:set.obj
 0001:00039280       _hb_setGetTraceStack       0043a280 f   xhb:set.obj
 0001:00039290       _hb_setGetErrorLoop        0043a290 f   xhb:set.obj
 0001:000392a0       _hb_setGetOutputSafety     0043a2a0 f   xhb:set.obj
 0001:000392b0       _hb_setGetBackgroundTasks  0043a2b0 f   xhb:set.obj
 0001:000392c0       _hb_setGetWinPrinter       0043a2c0 f   xhb:set.obj
 0001:000392d0       _hb_setGetWinHan           0043a2d0 f   xhb:set.obj
 0001:000392e0       _hb_setGetPrinterJob       0043a2e0 f   xhb:set.obj
 0001:000392f0       _hb_setGetBackGroundTick   0043a2f0 f   xhb:set.obj
 0001:00039300       _hb_setGetWorkareasShared  0043a300 f   xhb:set.obj
 0001:00039310       _hb_winmainArgInit         0043a310 f   xhb:cmdarg.obj
 0001:00039340       _hb_winmainArgGet          0043a340 f   xhb:cmdarg.obj
 0001:00039380       _hb_cmdargInit             0043a380 f   xhb:cmdarg.obj
 0001:000393a0       _hb_cmdargARGC             0043a3a0 f   xhb:cmdarg.obj
 0001:000393b0       _hb_cmdargARGV             0043a3b0 f   xhb:cmdarg.obj
 0001:000393c0       _hb_cmdargIsInternal       0043a3c0 f   xhb:cmdarg.obj
 0001:00039610       _hb_cmdargCheck            0043a610 f   xhb:cmdarg.obj
 0001:00039640       _hb_cmdargString           0043a640 f   xhb:cmdarg.obj
 0001:00039660       _hb_cmdargNum              0043a660 f   xhb:cmdarg.obj
 0001:000396a0       _HB_FUN_HB_ARGCHECK        0043a6a0 f   xhb:cmdarg.obj
 0001:000396e0       _HB_FUN_HB_ARGSTRING       0043a6e0 f   xhb:cmdarg.obj
 0001:00039730       _HB_FUN_HB_ARGC            0043a730 f   xhb:cmdarg.obj
 0001:00039750       _HB_FUN_HB_ARGV            0043a750 f   xhb:cmdarg.obj
 0001:000397b0       _hb_cmdargProcessVM        0043a7b0 f   xhb:cmdarg.obj
 0001:000399b0       _hb_verCvsID               0043a9b0 f   xhb:cmdarg.obj
 0001:000399c0       _hb_verCvsChangeLogID      0043a9c0 f   xhb:cmdarg.obj
 0001:000399d0       _hb_verCvsLastEntry        0043a9d0 f   xhb:cmdarg.obj
 0001:000399e0       _hb_verFlagsC              0043a9e0 f   xhb:cmdarg.obj
 0001:000399f0       _hb_verFlagsL              0043a9f0 f   xhb:cmdarg.obj
 0001:00039a00       _hb_verFlagsPRG            0043aa00 f   xhb:cmdarg.obj
 0001:00039a10       _HB_FUN_HB_CMDARGARGV      0043aa10 f   xhb:cmdarg.obj
 0001:00039e50       _hb_dbgEntry               0043ae50 f   xhb:dbgentry.obj
 0001:0003a300       _hb_dbgAddBreak            0043b300 f   xhb:dbgentry.obj
 0001:0003aaa0       _hb_dbgAddWatch            0043baa0 f   xhb:dbgentry.obj
 0001:0003abf0       _hb_dbgDelBreak            0043bbf0 f   xhb:dbgentry.obj
 0001:0003ac80       _hb_dbgDelWatch            0043bc80 f   xhb:dbgentry.obj
 0001:0003bcb0       _hb_dbgGetExpressionValue  0043ccb0 f   xhb:dbgentry.obj
 0001:0003bd00       _hb_dbgGetSourceFiles      0043cd00 f   xhb:dbgentry.obj
 0001:0003bd70       _hb_dbgGetWatchValue       0043cd70 f   xhb:dbgentry.obj
 0001:0003be30       _hb_dbgIsValidStopLine     0043ce30 f   xhb:dbgentry.obj
 0001:0003c080       _hb_dbgSetCBTrace          0043d080 f   xhb:dbgentry.obj
 0001:0003c090       _hb_dbgSetGo               0043d090 f   xhb:dbgentry.obj
 0001:0003c0b0       _hb_dbgSetInvoke           0043d0b0 f   xhb:dbgentry.obj
 0001:0003c0c0       _hb_dbgSetNextRoutine      0043d0c0 f   xhb:dbgentry.obj
 0001:0003c0e0       _hb_dbgSetQuit             0043d0e0 f   xhb:dbgentry.obj
 0001:0003c0f0       _hb_dbgSetToCursor         0043d0f0 f   xhb:dbgentry.obj
 0001:0003c120       _hb_dbgSetTrace            0043d120 f   xhb:dbgentry.obj
 0001:0003c140       _hb_dbgSetWatch            0043d140 f   xhb:dbgentry.obj
 0001:0003c3f0       _HB_FUN_HB_DBG_SETENTRY    0043d3f0 f   xhb:dbgentry.obj
 0001:0003c400       _HB_FUN_HB_DBG_SETGO       0043d400 f   xhb:dbgentry.obj
 0001:0003c420       _HB_FUN_HB_DBG_SETTRACE    0043d420 f   xhb:dbgentry.obj
 0001:0003c440       _HB_FUN_HB_DBG_SETCBTRACE  0043d440 f   xhb:dbgentry.obj
 0001:0003c470       _HB_FUN_HB_DBG_SETNEXTROUTINE 0043d470 f   xhb:dbgentry.obj
 0001:0003c490       _HB_FUN_HB_DBG_SETQUIT     0043d490 f   xhb:dbgentry.obj
 0001:0003c4b0       _HB_FUN_HB_DBG_SETTOCURSOR 0043d4b0 f   xhb:dbgentry.obj
 0001:0003c4f0       _HB_FUN_HB_DBG_GETEXPRVALUE 0043d4f0 f   xhb:dbgentry.obj
 0001:0003c5a0       _HB_FUN_HB_DBG_GETSOURCEFILES 0043d5a0 f   xhb:dbgentry.obj
 0001:0003c5d0       _HB_FUN_HB_DBG_ISVALIDSTOPLINE 0043d5d0 f   xhb:dbgentry.obj
 0001:0003c620       _HB_FUN_HB_DBG_ADDBREAK    0043d620 f   xhb:dbgentry.obj
 0001:0003c660       _HB_FUN_HB_DBG_DELBREAK    0043d660 f   xhb:dbgentry.obj
 0001:0003c690       _HB_FUN_HB_DBG_ADDWATCH    0043d690 f   xhb:dbgentry.obj
 0001:0003c6d0       _HB_FUN_HB_DBG_DELWATCH    0043d6d0 f   xhb:dbgentry.obj
 0001:0003c700       _HB_FUN_HB_DBG_SETWATCH    0043d700 f   xhb:dbgentry.obj
 0001:0003c750       _HB_FUN_AT                 0043d750 f   xhb:at.obj
 0001:0003c8b0       _hb_AtSkipStrings          0043d8b0 f   xhb:at.obj
 0001:0003ca60       _HB_FUN_ATSKIPSTRINGS      0043da60 f   xhb:at.obj
 0001:0003caf0       _HB_FUN_LEFT               0043daf0 f   xhb:left.obj
 0001:0003cbd0       _HB_FUN_ISALPHA            0043dbd0 f   xhb:is.obj
 0001:0003cc80       _HB_FUN_ISDIGIT            0043dc80 f   xhb:is.obj
 0001:0003ccd0       _HB_FUN_ISUPPER            0043dcd0 f   xhb:is.obj
 0001:0003cd50       _HB_FUN_ISLOWER            0043dd50 f   xhb:is.obj
 0001:0003cdd0       _HB_FUN_ISALNUM            0043ddd0 f   xhb:is.obj
 0001:0003ce40       _HB_FUN_ISCNTRL            0043de40 f   xhb:is.obj
 0001:0003ce80       _HB_FUN_ISGRAPH            0043de80 f   xhb:is.obj
 0001:0003cec0       _HB_FUN_ISPRINT            0043dec0 f   xhb:is.obj
 0001:0003cf00       _HB_FUN_ISPUNCT            0043df00 f   xhb:is.obj
 0001:0003cf40       _HB_FUN_ISSPACE            0043df40 f   xhb:is.obj
 0001:0003cf80       _HB_FUN_ISXDIGIT           0043df80 f   xhb:is.obj
 0001:0003cfc0       _HB_FUN_ISASCII            0043dfc0 f   xhb:is.obj
 0001:0003d000       _hb_strLower               0043e000 f   xhb:strcase.obj
 0001:0003d080       _hb_strLowerCopy           0043e080 f   xhb:strcase.obj
 0001:0003d120       _hb_strUpperCopy           0043e120 f   xhb:strcase.obj
 0001:0003d1c0       _hb_strUpper               0043e1c0 f   xhb:strcase.obj
 0001:0003d240       _hb_charLower              0043e240 f   xhb:strcase.obj
 0001:0003d290       _hb_charUpper              0043e290 f   xhb:strcase.obj
 0001:0003d2e0       _HB_FUN_LOWER              0043e2e0 f   xhb:strcase.obj
 0001:0003d350       _HB_FUN_UPPER              0043e350 f   xhb:strcase.obj
 0001:0003d400       _HB_FUN_CSTR               0043e400 f   xhb:cstr.obj
 0001:0003d420       _HB_FUN_CSTRTOVAL          0043e420 f   xhb:cstr.obj
 0001:0003d440       _HB_FUN_STRINGTOLITERAL    0043e440 f   xhb:cstr.obj
 0001:0003d460       _HB_FUN_VALTOPRG           0043e460 f   xhb:cstr.obj
 0001:0003d480       _HB_FUN_VALTOPRGEXP        0043e480 f   xhb:cstr.obj
 0001:0003d4a0       _HB_FUN_PRGEXPTOVAL        0043e4a0 f   xhb:cstr.obj
 0001:0003d4c0       _HB_FUN_VALTOARRAY         0043e4c0 f   xhb:cstr.obj
 0001:0003d4e0       _HB_FUN_VALTOBLOCK         0043e4e0 f   xhb:cstr.obj
 0001:0003d500       _HB_FUN_VALTOCHARACTER     0043e500 f   xhb:cstr.obj
 0001:0003d520       _HB_FUN_VALTODATE          0043e520 f   xhb:cstr.obj
 0001:0003d540       _HB_FUN_VALTOHASH          0043e540 f   xhb:cstr.obj
 0001:0003d560       _HB_FUN_VALTOLOGICAL       0043e560 f   xhb:cstr.obj
 0001:0003d580       _HB_FUN_VALTONUMBER        0043e580 f   xhb:cstr.obj
 0001:0003d5a0       _HB_FUN_VALTOOBJECT        0043e5a0 f   xhb:cstr.obj
 0001:0003d5c0       _HB_FUN_VALTOTYPE          0043e5c0 f   xhb:cstr.obj
 0001:0003d6c0       _HB_FUN_HB_DBG_VMSTKGCOUNT 0043e6c0 f   xhb:debug.obj
 0001:0003d6e0       _HB_FUN_HB_DBG_VMSTKGLIST  0043e6e0 f   xhb:debug.obj
 0001:0003d7c0       _HB_FUN_HB_DBG_VMSTKLCOUNT 0043e7c0 f   xhb:debug.obj
 0001:0003d7f0       _HB_FUN_HB_DBG_VMSTKLLIST  0043e7f0 f   xhb:debug.obj
 0001:0003d880       _HB_FUN_HB_DBG_VMPARLLIST  0043e880 f   xhb:debug.obj
 0001:0003d940       _hb_dbg_vmVarLGet          0043e940 f   xhb:debug.obj
 0001:0003d9d0       _HB_FUN_HB_DBG_VMVARLGET   0043e9d0 f   xhb:debug.obj
 0001:0003da40       _HB_FUN_HB_DBG_VMVARLSET   0043ea40 f   xhb:debug.obj
 0001:0003dae0       _HB_FUN___VMSTKLCOUNT      0043eae0 f   xhb:debug.obj
 0001:0003daf0       _HB_FUN___VMPARLLIST       0043eaf0 f   xhb:debug.obj
 0001:0003db00       _HB_FUN___VMSTKLLIST       0043eb00 f   xhb:debug.obj
 0001:0003db10       _HB_FUN___VMVARLGET        0043eb10 f   xhb:debug.obj
 0001:0003db20       _HB_FUN___VMVARLSET        0043eb20 f   xhb:debug.obj
 0001:0003db30       _HB_FUN___VMSTKGLIST       0043eb30 f   xhb:debug.obj
 0001:0003db40       _HB_FUN___VMSTKGCOUNT      0043eb40 f   xhb:debug.obj
 0001:0003db50       _hb_memvarsClear           0043eb50 f   xhb:memvars.obj
 0001:0003dbd0       _hb_memvarsInit            0043ebd0 f   xhb:memvars.obj
 0001:0003dc40       _hb_memvarsRelease         0043ec40 f   xhb:memvars.obj
 0001:0003dcf0       _hb_memvarValueBaseAddress 0043ecf0 f   xhb:memvars.obj
 0001:0003dd00       _hb_memvarValueNew         0043ed00 f   xhb:memvars.obj
 0001:0003de00       _hb_memvarDetachLocal      0043ee00 f   xhb:memvars.obj
 0001:0003deb0       _hb_memvarGetPrivatesBase  0043eeb0 f   xhb:memvars.obj
 0001:0003ded0       _hb_memvarSetPrivatesBase  0043eed0 f   xhb:memvars.obj
 0001:0003df60       _hb_memvarValueIncRef      0043ef60 f   xhb:memvars.obj
 0001:0003dfd0       _hb_memvarValueDecRef      0043efd0 f   xhb:memvars.obj
 0001:0003e030       _hb_memvarValueDecGarbageRef 0043f030 f   xhb:memvars.obj
 0001:0003e0a0       _hb_memvarSetValue         0043f0a0 f   xhb:memvars.obj
 0001:0003e180       _hb_memvarGet              0043f180 f   xhb:memvars.obj
 0001:0003e210       _hb_memvarGetValue         0043f210 f   xhb:memvars.obj
 0001:0003e2a0       _hb_memvarGetRefer         0043f2a0 f   xhb:memvars.obj
 0001:0003e400       _hb_memvarNewParameter     0043f400 f   xhb:memvars.obj
 0001:0003e420       _hb_memvarGetStrValuePtr   0043f420 f   xhb:memvars.obj
 0001:0003e4d0       _hb_memvarCreateFromItem   0043f4d0 f   xhb:memvars.obj
 0001:0003e890       _hb_memvarScope            0043f890 f   xhb:memvars.obj
 0001:0003e9b0       _hb_memvarReleasePublic    0043f9b0 f   xhb:memvars.obj
 0001:0003eb40       _HB_FUN___MVPUBLIC         0043fb40 f   xhb:memvars.obj
 0001:0003ebe0       _HB_FUN___MVPRIVATE        0043fbe0 f   xhb:memvars.obj
 0001:0003ec80       _HB_FUN___MVXRELEASE       0043fc80 f   xhb:memvars.obj
 0001:0003ed10       _HB_FUN___MVRELEASE        0043fd10 f   xhb:memvars.obj
 0001:0003edb0       _HB_FUN___MVSCOPE          0043fdb0 f   xhb:memvars.obj
 0001:0003ee70       _HB_FUN___MVCLEAR          0043fe70 f   xhb:memvars.obj
 0001:0003ee80       _HB_FUN___MVDBGINFO        0043fe80 f   xhb:memvars.obj
 0001:0003ef80       _HB_FUN___MVEXIST          0043ff80 f   xhb:memvars.obj
 0001:0003efd0       _HB_FUN___MVGET            0043ffd0 f   xhb:memvars.obj
 0001:0003f0d0       _HB_FUN___MVPUT            004400d0 f   xhb:memvars.obj
 0001:0003f500       _HB_FUN___MVSAVE           00440500 f   xhb:memvars.obj
 0001:0003f7c0       _HB_FUN___MVRESTORE        004407c0 f   xhb:memvars.obj
 0001:0003ff90       _hb_memvarsIsMemvarRef     00440f90 f   xhb:memvars.obj
 0001:0003fff0       _hb_memvarGetVarHandle     00440ff0 f   xhb:memvars.obj
 0001:00040020       _hb_memvarGetValueByHandle 00441020 f   xhb:memvars.obj
 0001:000400e0       _HB_FUN___MVSYMBOLINFO     004410e0 f   xhb:memvars.obj
 0001:00040120       _hb_memvarGetValueBySym    00441120 f   xhb:memvars.obj
 0001:00040150       _hb_dynsymLog              00441150 f   xhb:dynsym.obj
 0001:00040190       _hb_symbolNew              00441190 f   xhb:dynsym.obj
 0001:00040200       _hb_dynsymNew              00441200 f   xhb:dynsym.obj
 0001:00040320       _hb_dynsymGet              00441320 f   xhb:dynsym.obj
 0001:000403f0       _hb_dynsymGetCase          004413f0 f   xhb:dynsym.obj
 0001:00040460       _hb_dynsymGetCaseWithNamespaces 00441460 f   xhb:dynsym.obj
 0001:000404d0       _hb_dynsymGetWithNamespaces 004414d0 f   xhb:dynsym.obj
 0001:00040540       _hb_dynsymFindName         00441540 f   xhb:dynsym.obj
 0001:000405c0       _hb_dynsymFind             004415c0 f   xhb:dynsym.obj
 0001:00040690       _hb_dynsymFindWithNamespaces 00441690 f   xhb:dynsym.obj
 0001:00040700       _hb_dynsymFindNameWithNamespaces 00441700 f   xhb:dynsym.obj
 0001:000407f0       _hb_dynsymGetSymbol        004417f0 f   xhb:dynsym.obj
 0001:00040810       _hb_dynsymFindSymbol       00441810 f   xhb:dynsym.obj
 0001:00040830       _hb_dynsymSymbol           00441830 f   xhb:dynsym.obj
 0001:00040840       _hb_dynsymName             00441840 f   xhb:dynsym.obj
 0001:00040850       _hb_dynsymIsFunction       00441850 f   xhb:dynsym.obj
 0001:00040870       _hb_dynsymMemvarHandle     00441870 f   xhb:dynsym.obj
 0001:00040880       _hb_dynsymAreaHandle       00441880 f   xhb:dynsym.obj
 0001:00040890       _hb_dynsymSetAreaHandle    00441890 f   xhb:dynsym.obj
 0001:000408a0       _hb_dynsymEval             004418a0 f   xhb:dynsym.obj
 0001:000408e0       _hb_dynsymRelease          004418e0 f   xhb:dynsym.obj
 0001:00040950       _hb_dynsymPos              00441950 f   xhb:dynsym.obj
 0001:00040980       _hb_dynsymItems            00441980 f   xhb:dynsym.obj
 0001:00040990       _hb_dynsymCount            00441990 f   xhb:dynsym.obj
 0001:000409a0       _HB_FUN___DYNSCOUNT        004419a0 f   xhb:dynsym.obj
 0001:000409c0       _HB_FUN___DYNSGETNAME      004419c0 f   xhb:dynsym.obj
 0001:00040a10       _HB_FUN___DYNSGETINDEX     00441a10 f   xhb:dynsym.obj
 0001:00040a50       _HB_FUN___DYNSISFUN        00441a50 f   xhb:dynsym.obj
 0001:00040ab0       _HB_FUN___DYNSGETPRF       00441ab0 f   xhb:dynsym.obj
 0001:00040ae0       _hb_stack_init             00441ae0 f   xhb:estack.obj
 0001:00040ba0       _hb_stackInit              00441ba0 f   xhb:estack.obj
 0001:00040be0       _hb_stackFree              00441be0 f   xhb:estack.obj
 0001:00040cb0       _hb_stackSetStruct         00441cb0 f   xhb:estack.obj
 0001:00040cc0       _hb_stackPop               00441cc0 f   xhb:estack.obj
 0001:00040d20       _hb_stackPopReturn         00441d20 f   xhb:estack.obj
 0001:00040d90       _hb_stackDec               00441d90 f   xhb:estack.obj
 0001:00040dc0       _hb_stackDecrease          00441dc0 f   xhb:estack.obj
 0001:00040e00       _hb_stackPush              00441e00 f   xhb:estack.obj
 0001:00040e30       _hb_stackAllocItem         00441e30 f   xhb:estack.obj
 0001:00040e60       _hb_stackPushReturn        00441e60 f   xhb:estack.obj
 0001:00040eb0       _hb_stackIncrease          00441eb0 f   xhb:estack.obj
 0001:00040f80       _hb_stackRemove            00441f80 f   xhb:estack.obj
 0001:00040fb0       _hb_stackNewFrame          00441fb0 f   xhb:estack.obj
 0001:00041020       _hb_stackOldFrame          00442020 f   xhb:estack.obj
 0001:00041130       _hb_stackClearPrivateBases 00442130 f   xhb:estack.obj
 0001:00041170       _hb_stackTopOffset         00442170 f   xhb:estack.obj
 0001:00041190       _hb_stackBaseOffset        00442190 f   xhb:estack.obj
 0001:000411b0       _hb_stackBaseProcOffset    004421b0 f   xhb:estack.obj
 0001:00041210       _hb_stackTotalItems        00442210 f   xhb:estack.obj
 0001:00041220       _hb_stackIOErrors          00442220 f   xhb:estack.obj
 0001:00041230       _hb_stackRDD               00442230 f   xhb:estack.obj
 0001:00041240       _hb_stackRDDTLS            00442240 f   xhb:estack.obj
 0001:00041250       _hb_stackGetStaticsBase    00442250 f   xhb:estack.obj
 0001:00041260       _hb_stackSetStaticsBase    00442260 f   xhb:estack.obj
 0001:00041270       _hb_stackItemBasePtr       00442270 f   xhb:estack.obj
 0001:00041280       _hb_stackItem              00442280 f   xhb:estack.obj
 0001:000412b0       _hb_stackItemFromTop       004422b0 f   xhb:estack.obj
 0001:000412e0       _hb_stackItemFromBase      004422e0 f   xhb:estack.obj
 0001:00041310       _hb_stackLocalVariable     00442310 f   xhb:estack.obj
 0001:00041340       _hb_stackTopItem           00442340 f   xhb:estack.obj
 0001:00041350       _hb_stackBaseItem          00442350 f   xhb:estack.obj
 0001:00041360       _hb_stackSelfItem          00442360 f   xhb:estack.obj
 0001:00041370       _hb_stackReturnItem        00442370 f   xhb:estack.obj
 0001:00041380       _hb_stackDateBuffer        00442380 f   xhb:estack.obj
 0001:00041390       _hb_stackGetBase           00442390 f   xhb:estack.obj
 0001:00041410       _hb_stackGetActionRequest  00442410 f   xhb:estack.obj
 0001:00041420       _hb_stackSetActionRequest  00442420 f   xhb:estack.obj
 0001:00041440       _hb_stackDispLocal         00442440 f   xhb:estack.obj
 0001:00041720       _hb_stackDispCall          00442720 f   xhb:estack.obj
 0001:00041830       _hb_itemNew                00442830 f   xhb:itemapi.obj
 0001:00041850       _hb_itemParam              00442850 f   xhb:itemapi.obj
 0001:00041870       _hb_itemParamPtr           00442870 f   xhb:itemapi.obj
 0001:00041890       _hb_itemPCount             00442890 f   xhb:itemapi.obj
 0001:000418b0       _hb_itemRelease            004428b0 f   xhb:itemapi.obj
 0001:000418d0       _hb_itemArrayNew           004428d0 f   xhb:itemapi.obj
 0001:000418f0       _hb_itemArrayGet           004428f0 f   xhb:itemapi.obj
 0001:00041920       _hb_itemArrayPut           00442920 f   xhb:itemapi.obj
 0001:00041950       _hb_itemSetCMemo           00442950 f   xhb:itemapi.obj
 0001:00041970       _hb_itemGetC               00442970 f   xhb:itemapi.obj
 0001:000419c0       _hb_itemGetCPtr            004429c0 f   xhb:itemapi.obj
 0001:000419f0       _hb_itemGetCLen            004429f0 f   xhb:itemapi.obj
 0001:00041a20       _hb_itemCopyC              00442a20 f   xhb:itemapi.obj
 0001:00041a70       _hb_itemFreeC              00442a70 f   xhb:itemapi.obj
 0001:00041a90       _hb_itemGetDS              00442a90 f   xhb:itemapi.obj
 0001:00041ad0       _hb_itemGetDTS             00442ad0 f   xhb:itemapi.obj
 0001:00041b10       _hb_itemGetDL              00442b10 f   xhb:itemapi.obj
 0001:00041b30       _hb_itemGetT               00442b30 f   xhb:itemapi.obj
 0001:00041b50       _hb_itemGetTsec            00442b50 f   xhb:itemapi.obj
 0001:00041b80       _hb_itemGetDTsec           00442b80 f   xhb:itemapi.obj
 0001:00041bc0       _hb_itemGetDTD             00442bc0 f   xhb:itemapi.obj
 0001:00041c00       _hb_itemGetDTL             00442c00 f   xhb:itemapi.obj
 0001:00041c40       _hb_itemGetD               00442c40 f   xhb:itemapi.obj
 0001:00041ca0       _hb_itemGetDT              00442ca0 f   xhb:itemapi.obj
 0001:00041d40       _hb_itemGetL               00442d40 f   xhb:itemapi.obj
 0001:00041e40       _hb_itemGetND              00442e40 f   xhb:itemapi.obj
 0001:00041f10       _hb_itemGetNDDec           00442f10 f   xhb:itemapi.obj
 0001:00042010       _hb_itemGetNI              00443010 f   xhb:itemapi.obj
 0001:000420c0       _hb_itemGetNL              004430c0 f   xhb:itemapi.obj
 0001:00042170       _hb_itemGetPtr             00443170 f   xhb:itemapi.obj
 0001:00042190       _hb_itemGetPtrGC           00443190 f   xhb:itemapi.obj
 0001:000421d0       _hb_itemGetSymbol          004431d0 f   xhb:itemapi.obj
 0001:00042200       _hb_itemPutDate            00443200 f   xhb:itemapi.obj
[...]
 0001:000b68e0       _hb_fptCountFlexItemLength 004b78e0 f   DBF:dbffpt1.obj
 0001:000b6b3e       _hb_fptStoreFlexItem       004b7b3e f   DBF:dbffpt1.obj
 0001:000b7013       _hb_fptReadFlexItem        004b8013 f   DBF:dbffpt1.obj
 0001:000b7a96       _hb_fptCopyToRawFile       004b8a96 f   DBF:dbffpt1.obj
 0001:000b4c8c       _hb_fptGetMemoLen          004b5c8c f   DBF:dbffpt1.obj
 0001:000b4189       _hb_fptInitGCdata          004b5189 f   DBF:dbffpt1.obj
 0001:000b41de       _hb_fptReadGCdata          004b51de f   DBF:dbffpt1.obj
 0001:000b3bc0       _hb_fptGCfreeBlock         004b4bc0 f   DBF:dbffpt1.obj
 0001:000b45fa       _hb_fptWriteGCdata         004b55fa f   DBF:dbffpt1.obj
 0001:000b89d6       _hb_fptWriteMemo           004b99d6 f   DBF:dbffpt1.obj
 0001:000b96a7       _hb_fptLockForRead         004ba6a7 f   DBF:dbffpt1.obj
 0001:000b7dd7       _hb_fptReadRawBlock        004b8dd7 f   DBF:dbffpt1.obj
 0001:000b802d       _hb_fptReadSMTBlock        004b902d f   DBF:dbffpt1.obj
 0001:000b7e9c       _hb_fptReadBlobBlock       004b8e9c f   DBF:dbffpt1.obj
 0001:000b814d       _hb_fptGetMemo             004b914d f   DBF:dbffpt1.obj
 0001:000b34d0       _hb_fptFileUnLockSh        004b44d0 f   DBF:dbffpt1.obj
 0001:000b3190       _hb_memoErrorRT            004b4190 f   DBF:dbffpt1.obj
 0001:000b332e       _hb_fptFileLockEx          004b432e f   DBF:dbffpt1.obj
 0001:000b3471       _hb_fptFileUnLockEx        004b4471 f   DBF:dbffpt1.obj
 0001:000b8ff5       _hb_fptPutMemo             004b9ff5 f   DBF:dbffpt1.obj
 0001:000b96d2       _hb_fptGetVarField         004ba6d2 f   DBF:dbffpt1.obj
 0001:000ba02a       _hb_fptPutVarField         004bb02a f   DBF:dbffpt1.obj
 0001:000b33cd       _hb_fptFileLockSh          004b43cd f   DBF:dbffpt1.obj
 0001:000b7c2f       _hb_fptCopyToFile          004b8c2f f   DBF:dbffpt1.obj
 0001:000bbf53       _hb_fptDoPackRec           004bcf53 f   DBF:dbffpt1.obj
 0001:000b32c2       _hb_memoDefaultFileExt     004b42c2 f   DBF:dbffpt1.obj
 0001:000bc4bd       _hb_fptDoPack              004bd4bd f   DBF:dbffpt1.obj
 0001:000b9d11       _hb_fptGetVarFile          004bad11 f   DBF:dbffpt1.obj
 0001:000b9e58       _hb_fptPutVarFile          004bae58 f   DBF:dbffpt1.obj
 0001:000b3632       _hb_fptGetRootBlock        004b4632 f   DBF:dbffpt1.obj
 0001:000b36a8       _hb_fptPutRootBlock        004b46a8 f   DBF:dbffpt1.obj
 0001:000b357b       _hb_fptRootBlockLock       004b457b f   DBF:dbffpt1.obj
 0001:000b35d3       _hb_fptRootBlockUnLock     004b45d3 f   DBF:dbffpt1.obj
 0001:000b4e1a       _hb_fptGetMemoType         004b5e1a f   DBF:dbffpt1.obj
 0001:000bde6c       _hb_dbffptRegisterRDD      004bee6c f   DBF:dbffpt1.obj
 0001:000bdf34       _hb_dbffptRddInit          004bef34 f   DBF:dbffpt1.obj
 0001:000bd760       _hb_fptFieldInfo           004be760 f   DBF:dbffpt1.obj
 0001:000ba9ef       _hb_fptGetValue            004bb9ef f   DBF:dbffpt1.obj
 0001:000ba908       _hb_fptGetVarLen           004bb908 f   DBF:dbffpt1.obj
 0001:000baa81       _hb_fptPutValue            004bba81 f   DBF:dbffpt1.obj
 0001:000bce1f       _hb_fptInfo                004bde1f f   DBF:dbffpt1.obj
 0001:000ba8f6       _hb_fptStructSize          004bb8f6 f   DBF:dbffpt1.obj
 0001:000bcad1       _hb_fptPack                004bdad1 f   DBF:dbffpt1.obj
 0001:000bca1a       _hb_fptPackRec             004bda1a f   DBF:dbffpt1.obj
 0001:000bab11       _hb_fptCreateMemFile       004bbb11 f   DBF:dbffpt1.obj
 0001:000bb30a       _hb_fptGetValueFile        004bc30a f   DBF:dbffpt1.obj
 0001:000bb4f9       _hb_fptOpenMemFile         004bc4f9 f   DBF:dbffpt1.obj
 0001:000bba69       _hb_fptPutValueFile        004bca69 f   DBF:dbffpt1.obj
 0001:000bda18       _hb_fptRddInfo             004bea18 f   DBF:dbffpt1.obj
 0001:000bdfdd       __hb_dbffpt_rdd_init_      004befdd f   DBF:dbffpt1.obj
 0001:000bdf99       _dbffpt1__InitSymbols      004bef99 f   DBF:dbffpt1.obj
 0001:000be000       _hb_sxInitSeed             004bf000 f   DBF:sxcrypt.obj
 0001:000be06e       _hb_sxNextSeed             004bf06e f   DBF:sxcrypt.obj
 0001:000be292       __hb_sxGetKey              004bf292 f   DBF:sxcrypt.obj
 0001:000be870       _hb_dbQSortIsLess          004bf870 f   DBF:hbdbsort.obj
 0001:000bec10       _hb_dbQSortSwap            004bfc10 f   DBF:hbdbsort.obj
 0001:000bed32       _hb_dbQSortDo              004bfd32 f   DBF:hbdbsort.obj
 0001:000bf25d       _hb_ntxKeyNew              004c025d f   NTX:dbfntx1.obj
 0001:000bf333       _hb_ntxItemType            004c0333 f   NTX:dbfntx1.obj
 0001:000bf0a4       _hb_ntxNumToStr            004c00a4 f   NTX:dbfntx1.obj
 0001:000bf150       _hb_ntxStrToNum            004c0150 f   NTX:dbfntx1.obj
 0001:000bf6ce       _hb_ntxKeyGetItem          004c06ce f   NTX:dbfntx1.obj
 0001:000bf455       _hb_ntxKeyPutItem          004c0455 f   NTX:dbfntx1.obj
 0001:000bfb89       _hb_ntxValCompare          004c0b89 f   NTX:dbfntx1.obj
 0001:000bfce1       _hb_ntxInTopScope          004c0ce1 f   NTX:dbfntx1.obj
 0001:000bfdb3       _hb_ntxInBottomScope       004c0db3 f   NTX:dbfntx1.obj
 0001:000bf425       _hb_ntxItemTypeCmp         004c0425 f   NTX:dbfntx1.obj
 0001:000bfedd       _hb_ntxTagClearScope       004c0edd f   NTX:dbfntx1.obj
 0001:000bef90       _hb_ntxErrorRT             004bff90 f   NTX:dbfntx1.obj
 0001:000c0486       _hb_ntxBlockWrite          004c1486 f   NTX:dbfntx1.obj
 0001:000c03c8       _hb_ntxBlockRead           004c13c8 f   NTX:dbfntx1.obj
 0001:000c0655       _hb_ntxTagUpdateFlags      004c1655 f   NTX:dbfntx1.obj
 0001:000c0815       _hb_ntxFreePageBuffer      004c1815 f   NTX:dbfntx1.obj
 0001:000c0778       _hb_ntxTagHeaderCheck      004c1778 f   NTX:dbfntx1.obj
 0001:000c0949       _hb_ntxPageFind            004c1949 f   NTX:dbfntx1.obj
 0001:000c09b9       _hb_ntxPageGetBuffer       004c19b9 f   NTX:dbfntx1.obj
 0001:000c0c91       _hb_ntxPageRelease         004c1c91 f   NTX:dbfntx1.obj
 0001:000c0d7d       _hb_ntxPageLoad            004c1d7d f   NTX:dbfntx1.obj
 0001:000c0f0d       _hb_ntxPageInit            004c1f0d f   NTX:dbfntx1.obj
 0001:000c0f8c       _hb_ntxPageAlloc           004c1f8c f   NTX:dbfntx1.obj
 0001:000c0c4a       _hb_ntxPageFree            004c1c4a f   NTX:dbfntx1.obj
 0001:000c053a       _hb_ntxPageSave            004c153a f   NTX:dbfntx1.obj
 0001:000c1025       _hb_ntxPageNew             004c2025 f   NTX:dbfntx1.obj
 0001:000c13c2       _hb_ntxTagFree             004c23c2 f   NTX:dbfntx1.obj
 0001:000c11ca       _hb_ntxTagNew              004c21ca f   NTX:dbfntx1.obj
 0001:000bf980       _hb_ntxGetKeyType          004c0980 f   NTX:dbfntx1.obj
 0001:000c1177       _hb_ntxPageGetFree         004c2177 f   NTX:dbfntx1.obj
 0001:000c1a2e       _hb_ntxIndexTagAdd         004c2a2e f   NTX:dbfntx1.obj
 0001:000c110a       _hb_ntxPageAddFree         004c210a f   NTX:dbfntx1.obj
 0001:000c167e       _hb_ntxTagLoad             004c267e f   NTX:dbfntx1.obj
 0001:000c15e6       _hb_ntxTagAdd              004c25e6 f   NTX:dbfntx1.obj
 0001:000c05a8       _hb_ntxDiscardBuffers      004c15a8 f   NTX:dbfntx1.obj
 0001:000c1bd4       _hb_ntxIndexTagFind        004c2bd4 f   NTX:dbfntx1.obj
 0001:000c1c40       _hb_ntxTagHeaderSave       004c2c40 f   NTX:dbfntx1.obj
 0001:000c2303       _hb_ntxIndexHeaderSave     004c3303 f   NTX:dbfntx1.obj
 0001:000c2667       _hb_ntxIndexHeaderRead     004c3667 f   NTX:dbfntx1.obj
 0001:000c28c9       _hb_ntxIndexFlush          004c38c9 f   NTX:dbfntx1.obj
 0001:000c29ff       _hb_ntxIndexLockRead       004c39ff f   NTX:dbfntx1.obj
 0001:000c2c5f       _hb_ntxIndexUnLockRead     004c3c5f f   NTX:dbfntx1.obj
 0001:000c2b25       _hb_ntxIndexLockWrite      004c3b25 f   NTX:dbfntx1.obj
 0001:000c2d43       _hb_ntxIndexUnLockWrite    004c3d43 f   NTX:dbfntx1.obj
 0001:000c2fc0       _hb_ntxTagSetPageStack     004c3fc0 f   NTX:dbfntx1.obj
 0001:000c3076       _hb_ntxPageTopMove         004c4076 f   NTX:dbfntx1.obj
 0001:000c2f48       _hb_ntxPageGetKey          004c3f48 f   NTX:dbfntx1.obj
 0001:000c30fd       _hb_ntxPageBottomMove      004c40fd f   NTX:dbfntx1.obj
 0001:000c36e8       _hb_ntxPageKeyFind         004c46e8 f   NTX:dbfntx1.obj
 0001:000c38d2       _hb_ntxPageFindRecNo       004c48d2 f   NTX:dbfntx1.obj
 0001:000c32f7       _hb_ntxTagNextKey          004c42f7 f   NTX:dbfntx1.obj
 0001:000c3503       _hb_ntxTagPrevKey          004c4503 f   NTX:dbfntx1.obj
 0001:000c3d4f       _hb_ntxPageKeySet          004c4d4f f   NTX:dbfntx1.obj
 0001:000c3e4f       _hb_ntxPageKeyDel          004c4e4f f   NTX:dbfntx1.obj
 0001:000c392e       _hb_ntxTagKeyFind          004c492e f   NTX:dbfntx1.obj
 0001:000bf2db       _hb_ntxKeyCopy             004c02db f   NTX:dbfntx1.obj
 0001:000c3daf       _hb_ntxPageKeyAdd          004c4daf f   NTX:dbfntx1.obj
 0001:000c4391       _hb_ntxBalancePages        004c5391 f   NTX:dbfntx1.obj
 0001:000c3ed2       _hb_ntxPageSplit           004c4ed2 f   NTX:dbfntx1.obj
 0001:000c4230       _hb_ntxPageJoin            004c5230 f   NTX:dbfntx1.obj
 0001:000bfa60       _hb_ntxEvalKey             004c0a60 f   NTX:dbfntx1.obj
 0001:000bfe85       _hb_ntxKeyInScope          004c0e85 f   NTX:dbfntx1.obj
 0001:000c037e       _hb_ntxCheckRecordScope    004c137e f   NTX:dbfntx1.obj
 0001:000c3255       _hb_ntxTagBottomKey        004c4255 f   NTX:dbfntx1.obj
 0001:000c31c4       _hb_ntxTagTopKey           004c41c4 f   NTX:dbfntx1.obj
 0001:000c55f4       _hb_ntxTagSkipFilter       004c65f4 f   NTX:dbfntx1.obj
 0001:000c5764       _hb_ntxTagGoTop            004c6764 f   NTX:dbfntx1.obj
 0001:000c586c       _hb_ntxTagGoBottom         004c686c f   NTX:dbfntx1.obj
 0001:000c5bc0       _hb_ntxPageCountKeys       004c6bc0 f   NTX:dbfntx1.obj
 0001:000c5f4f       _hb_ntxTagPagesFree        004c6f4f f   NTX:dbfntx1.obj
 0001:000c1b1f       _hb_ntxIndexTagDel         004c2b1f f   NTX:dbfntx1.obj
 0001:000c14fb       _hb_ntxTagDelete           004c24fb f   NTX:dbfntx1.obj
 0001:000c63ab       _hb_ntxFindBag             004c73ab f   NTX:dbfntx1.obj
 0001:000c64fb       _hb_ntxFindTagByName       004c74fb f   NTX:dbfntx1.obj
 0001:000c2e1a       _hb_ntxTagLockRead         004c3e1a f   NTX:dbfntx1.obj
 0001:000c028d       _hb_ntxTagRefreshScope     004c128d f   NTX:dbfntx1.obj
 0001:000c5974       _hb_ntxTagSkipNext         004c6974 f   NTX:dbfntx1.obj
 0001:000c2f1a       _hb_ntxTagUnLockRead       004c3f1a f   NTX:dbfntx1.obj
 0001:000c5332       _hb_ntxCurKeyRefresh       004c6332 f   NTX:dbfntx1.obj
 0001:000c5ab1       _hb_ntxTagSkipPrev         004c6ab1 f   NTX:dbfntx1.obj
 0001:000c5c6b       _hb_ntxTagCountRelKeyPos   004c6c6b f   NTX:dbfntx1.obj
 0001:000c5d6a       _hb_ntxTagGoToRelKeyPos    004c6d6a f   NTX:dbfntx1.obj
 0001:000bf902       _hb_ntxEvalSeekCond        004c0902 f   NTX:dbfntx1.obj
 0001:000c7e84       _hb_ntxRegexMatch          004c8e84 f   NTX:dbfntx1.obj
 0001:000bf882       _hb_ntxEvalCond            004c0882 f   NTX:dbfntx1.obj
 0001:000c2e99       _hb_ntxTagLockWrite        004c3e99 f   NTX:dbfntx1.obj
 0001:000c475b       _hb_ntxTagKeyAdd           004c575b f   NTX:dbfntx1.obj
 0001:000c2f31       _hb_ntxTagUnLockWrite      004c3f31 f   NTX:dbfntx1.obj
 0001:000c4e3d       _hb_ntxTagKeyDel           004c5e3d f   NTX:dbfntx1.obj
 0001:000c01b8       _hb_ntxTagGetScope         004c11b8 f   NTX:dbfntx1.obj
 0001:000bffe4       _hb_ntxTagSetScope         004c0fe4 f   NTX:dbfntx1.obj
 0001:000c890e       _hb_ntxQSort               004c990e f   NTX:dbfntx1.obj
 0001:000c887a       _hb_ntxQuickSortCompare    004c987a f   NTX:dbfntx1.obj
 0001:000c8b3e       _hb_ntxSortBufferFlush     004c9b3e f   NTX:dbfntx1.obj
 0001:000c8c27       _hb_ntxSortStorePage       004c9c27 f   NTX:dbfntx1.obj
 0001:000c8adc       _hb_ntxSortSortPage        004c9adc f   NTX:dbfntx1.obj
 0001:000c9099       _hb_ntxSortGetPageKey      004ca099 f   NTX:dbfntx1.obj
 0001:000c8edd       _hb_ntxSortWritePage       004c9edd f   NTX:dbfntx1.obj
 0001:000c9279       _hb_ntxSortOrderPages      004ca279 f   NTX:dbfntx1.obj
 0001:000c9465       _hb_ntxSortKeyGet          004ca465 f   NTX:dbfntx1.obj
 0001:000c8da2       _hb_ntxSortAddNodeKey      004c9da2 f   NTX:dbfntx1.obj
 0001:000c9a93       _hb_ntxSortFree            004caa93 f   NTX:dbfntx1.obj
 0001:000c97e3       _hb_ntxSortNew             004ca7e3 f   NTX:dbfntx1.obj
 0001:000c9727       _hb_ntxSortKeyAdd          004ca727 f   NTX:dbfntx1.obj
 0001:000c9bbd       _hb_ntxSortOut             004cabbd f   NTX:dbfntx1.obj
 0001:000c08c7       _hb_ntxIndexTrunc          004c18c7 f   NTX:dbfntx1.obj
 0001:000ca07b       _hb_ntxTagCreate           004cb07b f   NTX:dbfntx1.obj
 0001:000c21dc       _hb_ntxIndexFree           004c31dc f   NTX:dbfntx1.obj
 0001:000c60e6       _hb_ntxCreateFName         004c70e6 f   NTX:dbfntx1.obj
 0001:000c2199       _hb_ntxIndexNew            004c3199 f   NTX:dbfntx1.obj
 0001:000c23f8       _hb_ntxIndexLoad           004c33f8 f   NTX:dbfntx1.obj
 0001:000c6559       _hb_ntxFindTag             004c7559 f   NTX:dbfntx1.obj
 0001:000c6054       _hb_ntxTagSpaceFree        004c7054 f   NTX:dbfntx1.obj
 0001:000c67c0       _hb_ntxFindTagNum          004c77c0 f   NTX:dbfntx1.obj
 0001:000c6865       _hb_ntxOrdKeyCount         004c7865 f   NTX:dbfntx1.obj
 0001:000c6bab       _hb_ntxOrdKeyGoto          004c7bab f   NTX:dbfntx1.obj
 0001:000c6979       _hb_ntxOrdKeyNo            004c7979 f   NTX:dbfntx1.obj
 0001:000c6f03       _hb_ntxOrdSetRelKeyPos     004c7f03 f   NTX:dbfntx1.obj
 0001:000c6cbf       _hb_ntxOrdGetRelKeyPos     004c7cbf f   NTX:dbfntx1.obj
 0001:000c82a8       _hb_ntxOrdKeyAdd           004c92a8 f   NTX:dbfntx1.obj
 0001:000c8430       _hb_ntxOrdKeyDel           004c9430 f   NTX:dbfntx1.obj
 0001:000c72db       _hb_ntxOrdSkipUnique       004c82db f   NTX:dbfntx1.obj
 0001:000c75c0       _hb_ntxOrdSkipEval         004c85c0 f   NTX:dbfntx1.obj
 0001:000c790f       _hb_ntxOrdSkipWild         004c890f f   NTX:dbfntx1.obj
 0001:000c7f1c       _hb_ntxOrdSkipRegEx        004c8f1c f   NTX:dbfntx1.obj
 0001:000c85fc       _hb_ntxOrdFindRec          004c95fc f   NTX:dbfntx1.obj
 0001:000c8750       _hb_ntxOrdScopeEval        004c9750 f   NTX:dbfntx1.obj
 0001:000cab79       _hb_ntxReIndex             004cbb79 f   NTX:dbfntx1.obj
 0001:000cfdfa       _hb_dbfntxRddInit          004d0dfa f   NTX:dbfntx1.obj
 0001:000cac38       _hb_ntxGoBottom            004cbc38 f   NTX:dbfntx1.obj
 0001:000cada4       _hb_ntxGoTop               004cbda4 f   NTX:dbfntx1.obj
 0001:000caf10       _hb_ntxSeek                004cbf10 f   NTX:dbfntx1.obj
 0001:000cb35c       _hb_ntxSkipRaw             004cc35c f   NTX:dbfntx1.obj
 0001:000cb608       _hb_ntxFlush               004cc608 f   NTX:dbfntx1.obj
 0001:000cb69e       _hb_ntxGoCold              004cc69e f   NTX:dbfntx1.obj
 0001:000cbb75       _hb_ntxGoHot               004ccb75 f   NTX:dbfntx1.obj
 0001:000cbc8d       _hb_ntxClose               004ccc8d f   NTX:dbfntx1.obj
 0001:000cbd6d       _hb_ntxOpen                004ccd6d f   NTX:dbfntx1.obj
 0001:000cbd5b       _hb_ntxStructSize          004ccd5b f   NTX:dbfntx1.obj
 0001:000cbf34       _hb_ntxPack                004ccf34 f   NTX:dbfntx1.obj
 0001:000cbf77       _hb_ntxZap                 004ccf77 f   NTX:dbfntx1.obj
 0001:000cf1ad       _hb_ntxOrderListAdd        004d01ad f   NTX:dbfntx1.obj
 0001:000cf55f       _hb_ntxOrderListClear      004d055f f   NTX:dbfntx1.obj
 0001:000cf659       _hb_ntxOrderListDelete     004d0659 f   NTX:dbfntx1.obj
 0001:000cf7ad       _hb_ntxOrderListFocus      004d07ad f   NTX:dbfntx1.obj
 0001:000cf832       _hb_ntxOrderListRebuild    004d0832 f   NTX:dbfntx1.obj
 0001:000cbfba       _hb_ntxOrderCreate         004ccfba f   NTX:dbfntx1.obj
 0001:000cd22c       _hb_ntxOrderDestroy        004ce22c f   NTX:dbfntx1.obj
 0001:000cd45a       _hb_ntxOrderInfo           004ce45a f   NTX:dbfntx1.obj
 0001:000cf99a       _hb_ntxCountScope          004d099a f   NTX:dbfntx1.obj
 0001:000cf9cd       _hb_ntxInit                004d09cd f   NTX:dbfntx1.obj
 0001:000cfa39       _hb_ntxRddInfo             004d0a39 f   NTX:dbfntx1.obj
 0001:000cfe9f       __hb_dbfntx_rdd_init_      004d0e9f f   NTX:dbfntx1.obj
 0001:000cfe5b       _dbfntx1__InitSymbols      004d0e5b f   NTX:dbfntx1.obj
 0001:000d0fe0       _closeall                  004d1fe0 f   crt:fclose.obj
 0001:000d1180       _prout                     004d2180 f   crt:printf.obj
 0001:000d1210       _prout                     004d2210 f   crt:vfprintf.obj
 0001:000d1720       _prout                     004d2720 f   crt:fprintf.obj
 0001:000d1a80       _grabhunk                  004d2a80 f   crt:malloc.obj
 0001:000d2a40       _prout                     004d3a40 f   crt:sprintf.obj
 0001:000d3060       _swap                      004d4060 f   crt:qsort.obj
 0001:000d3290       _med3                      004d4290 f   crt:qsort.obj
 0001:000d3300       _median                    004d4300 f   crt:qsort.obj
 0001:000d3110       _rot3                      004d4110 f   crt:qsort.obj
 0001:000d3490       _intro_sort                004d4490 f   crt:qsort.obj
 0001:000d33c0       _adjust_heap               004d43c0 f   crt:qsort.obj
 0001:000d31f0       _rotate                    004d41f0 f   crt:qsort.obj
 0001:000d3e20       _parse_cmdline             004d4e20 f   crt:_setargv.obj
 0001:000d5810       _ctrlevent_capture@4       004d6810 f   crt:signal.obj
 0001:000dade0       _hb_gt_FuncInit            004dbde0 f   xhb:gtwin.obj
 0001:000d8ff0       _hb_gt_win_xSetCursorStyle 004d9ff0 f   xhb:gtwin.obj
 0001:000d8fb0       _hb_gt_win_xSetCursorPos   004d9fb0 f   xhb:gtwin.obj
 0001:000d92e0       _hb_gt_win_xGetScreenContents 004da2e0 f   xhb:gtwin.obj
 0001:000d9290       _hb_gt_win_CtrlHandler@4   004da290 f   xhb:gtwin.obj
 0001:000d9380       _hb_gt_win_xInitScreenParam 004da380 f   xhb:gtwin.obj
 0001:000d9b00       _Handle_Alt_Key            004dab00 f   xhb:gtwin.obj
 0001:000d9c60       _SpecialHandling           004dac60 f   xhb:gtwin.obj
 0001:000d8e20       _hb_gt_win_getKbdState     004d9e20 f   xhb:gtwin.obj
 0001:000d91d0       _hb_gt_win_xUpdtSet        004da1d0 f   xhb:gtwin.obj
 0001:000d9080       _hb_gt_win_xScreenUpdate   004da080 f   xhb:gtwin.obj
 0001:000d9500       _hb_gt_win_Init            004da500 f   xhb:gtwin.obj
 0001:000d9810       _hb_gt_win_Exit            004da810 f   xhb:gtwin.obj
 0001:000d98d0       _hb_gt_win_SetMode         004da8d0 f   xhb:gtwin.obj
 0001:000dac60       _hb_gt_win_Redraw          004dbc60 f   xhb:gtwin.obj
 0001:000dad50       _hb_gt_win_Refresh         004dbd50 f   xhb:gtwin.obj
 0001:000d99f0       _hb_gt_win_Version         004da9f0 f   xhb:gtwin.obj
 0001:000d9a10       _hb_gt_win_PostExt         004daa10 f   xhb:gtwin.obj
 0001:000d9a40       _hb_gt_win_Suspend         004daa40 f   xhb:gtwin.obj
 0001:000d9a90       _hb_gt_win_Resume          004daa90 f   xhb:gtwin.obj
 0001:000da5b0       _hb_gt_win_Tone            004db5b0 f   xhb:gtwin.obj
 0001:000da790       _hb_gt_win_Info            004db790 f   xhb:gtwin.obj
 0001:000da5d0       _hb_gt_win_SetDispCP       004db5d0 f   xhb:gtwin.obj
 0001:000da6c0       _hb_gt_win_SetKeyCP        004db6c0 f   xhb:gtwin.obj
 0001:000d9eb0       _hb_gt_win_ReadKey         004daeb0 f   xhb:gtwin.obj
 0001:000dab80       _hb_gt_win_mouse_IsPresent 004dbb80 f   xhb:gtwin.obj
 0001:000dab90       _hb_gt_win_mouse_GetPos    004dbb90 f   xhb:gtwin.obj
 0001:000dabb0       _hb_gt_win_mouse_ButtonState 004dbbb0 f   xhb:gtwin.obj
 0001:000dac40       _hb_gt_win_mouse_CountButton 004dbc40 f   xhb:gtwin.obj
 0001:000daf10       __hb_startup_gt_Init_      004dbf10 f   xhb:gtwin.obj
 0001:000db130       _hb_Outp9x                 004dc130 f   xhb:gttone.obj
 0001:000db110       _hb_Inp9x                  004dc110 f   xhb:gttone.obj
 0001:000db250       _hb_gt_wNtTone             004dc250 f   xhb:gttone.obj
 0001:000db150       _hb_gt_w9xTone             004dc150 f   xhb:gttone.obj
